Archive member included to satisfy reference by file (symbol)

C:/ST/STM32CubeIDE_2.1.1/STM32CubeIDE/plugins/com.st.stm32cube.ide.mcu.externaltools.gnu-tools-for-stm32.14.3.rel1.win32_1.0.100.202602081740/tools/bin/../lib/gcc/arm-none-eabi/14.3.1/../../../../arm-none-eabi/lib/thumb/v7e-m+fp/hard\libc_nano.a(libc_a-exit.o)
                              C:/ST/STM32CubeIDE_2.1.1/STM32CubeIDE/plugins/com.st.stm32cube.ide.mcu.externaltools.gnu-tools-for-stm32.14.3.rel1.win32_1.0.100.202602081740/tools/bin/../lib/gcc/arm-none-eabi/14.3.1/../../../../arm-none-eabi/lib/thumb/v7e-m+fp/hard/crt0.o (exit)
C:/ST/STM32CubeIDE_2.1.1/STM32CubeIDE/plugins/com.st.stm32cube.ide.mcu.externaltools.gnu-tools-for-stm32.14.3.rel1.win32_1.0.100.202602081740/tools/bin/../lib/gcc/arm-none-eabi/14.3.1/../../../../arm-none-eabi/lib/thumb/v7e-m+fp/hard\libc_nano.a(libc_a-findfp.o)
                              C:/ST/STM32CubeIDE_2.1.1/STM32CubeIDE/plugins/com.st.stm32cube.ide.mcu.externaltools.gnu-tools-for-stm32.14.3.rel1.win32_1.0.100.202602081740/tools/bin/../lib/gcc/arm-none-eabi/14.3.1/../../../../arm-none-eabi/lib/thumb/v7e-m+fp/hard\libc_nano.a(libc_a-exit.o) (__stdio_exit_handler)
C:/ST/STM32CubeIDE_2.1.1/STM32CubeIDE/plugins/com.st.stm32cube.ide.mcu.externaltools.gnu-tools-for-stm32.14.3.rel1.win32_1.0.100.202602081740/tools/bin/../lib/gcc/arm-none-eabi/14.3.1/../../../../arm-none-eabi/lib/thumb/v7e-m+fp/hard\libc_nano.a(libc_a-fwalk.o)
                              C:/ST/STM32CubeIDE_2.1.1/STM32CubeIDE/plugins/com.st.stm32cube.ide.mcu.externaltools.gnu-tools-for-stm32.14.3.rel1.win32_1.0.100.202602081740/tools/bin/../lib/gcc/arm-none-eabi/14.3.1/../../../../arm-none-eabi/lib/thumb/v7e-m+fp/hard\libc_nano.a(libc_a-findfp.o) (_fwalk_sglue)
C:/ST/STM32CubeIDE_2.1.1/STM32CubeIDE/plugins/com.st.stm32cube.ide.mcu.externaltools.gnu-tools-for-stm32.14.3.rel1.win32_1.0.100.202602081740/tools/bin/../lib/gcc/arm-none-eabi/14.3.1/../../../../arm-none-eabi/lib/thumb/v7e-m+fp/hard\libc_nano.a(libc_a-snprintf.o)
                              ./Core/Src/module_a.o (snprintf)
C:/ST/STM32CubeIDE_2.1.1/STM32CubeIDE/plugins/com.st.stm32cube.ide.mcu.externaltools.gnu-tools-for-stm32.14.3.rel1.win32_1.0.100.202602081740/tools/bin/../lib/gcc/arm-none-eabi/14.3.1/../../../../arm-none-eabi/lib/thumb/v7e-m+fp/hard\libc_nano.a(libc_a-stdio.o)
                              C:/ST/STM32CubeIDE_2.1.1/STM32CubeIDE/plugins/com.st.stm32cube.ide.mcu.externaltools.gnu-tools-for-stm32.14.3.rel1.win32_1.0.100.202602081740/tools/bin/../lib/gcc/arm-none-eabi/14.3.1/../../../../arm-none-eabi/lib/thumb/v7e-m+fp/hard\libc_nano.a(libc_a-findfp.o) (__sread)
C:/ST/STM32CubeIDE_2.1.1/STM32CubeIDE/plugins/com.st.stm32cube.ide.mcu.externaltools.gnu-tools-for-stm32.14.3.rel1.win32_1.0.100.202602081740/tools/bin/../lib/gcc/arm-none-eabi/14.3.1/../../../../arm-none-eabi/lib/thumb/v7e-m+fp/hard\libc_nano.a(libc_a-memset.o)
                              C:/ST/STM32CubeIDE_2.1.1/STM32CubeIDE/plugins/com.st.stm32cube.ide.mcu.externaltools.gnu-tools-for-stm32.14.3.rel1.win32_1.0.100.202602081740/tools/bin/../lib/gcc/arm-none-eabi/14.3.1/../../../../arm-none-eabi/lib/thumb/v7e-m+fp/hard/crt0.o (memset)
C:/ST/STM32CubeIDE_2.1.1/STM32CubeIDE/plugins/com.st.stm32cube.ide.mcu.externaltools.gnu-tools-for-stm32.14.3.rel1.win32_1.0.100.202602081740/tools/bin/../lib/gcc/arm-none-eabi/14.3.1/../../../../arm-none-eabi/lib/thumb/v7e-m+fp/hard\libc_nano.a(libc_a-closer.o)
                              C:/ST/STM32CubeIDE_2.1.1/STM32CubeIDE/plugins/com.st.stm32cube.ide.mcu.externaltools.gnu-tools-for-stm32.14.3.rel1.win32_1.0.100.202602081740/tools/bin/../lib/gcc/arm-none-eabi/14.3.1/../../../../arm-none-eabi/lib/thumb/v7e-m+fp/hard\libc_nano.a(libc_a-stdio.o) (_close_r)
C:/ST/STM32CubeIDE_2.1.1/STM32CubeIDE/plugins/com.st.stm32cube.ide.mcu.externaltools.gnu-tools-for-stm32.14.3.rel1.win32_1.0.100.202602081740/tools/bin/../lib/gcc/arm-none-eabi/14.3.1/../../../../arm-none-eabi/lib/thumb/v7e-m+fp/hard\libc_nano.a(libc_a-reent.o)
                              C:/ST/STM32CubeIDE_2.1.1/STM32CubeIDE/plugins/com.st.stm32cube.ide.mcu.externaltools.gnu-tools-for-stm32.14.3.rel1.win32_1.0.100.202602081740/tools/bin/../lib/gcc/arm-none-eabi/14.3.1/../../../../arm-none-eabi/lib/thumb/v7e-m+fp/hard\libc_nano.a(libc_a-closer.o) (errno)
C:/ST/STM32CubeIDE_2.1.1/STM32CubeIDE/plugins/com.st.stm32cube.ide.mcu.externaltools.gnu-tools-for-stm32.14.3.rel1.win32_1.0.100.202602081740/tools/bin/../lib/gcc/arm-none-eabi/14.3.1/../../../../arm-none-eabi/lib/thumb/v7e-m+fp/hard\libc_nano.a(libc_a-impure.o)
                              C:/ST/STM32CubeIDE_2.1.1/STM32CubeIDE/plugins/com.st.stm32cube.ide.mcu.externaltools.gnu-tools-for-stm32.14.3.rel1.win32_1.0.100.202602081740/tools/bin/../lib/gcc/arm-none-eabi/14.3.1/../../../../arm-none-eabi/lib/thumb/v7e-m+fp/hard\libc_nano.a(libc_a-snprintf.o) (_impure_ptr)
[...]
Memory Configuration

Name             Origin             Length             Attributes
CCMRAM           0x10000000         0x00010000         xrw
RAM              0x20000000         0x00030000         xrw
FLASH            0x08000000         0x00200000         xr
*default*        0x00000000         0xffffffff

Linker script and memory map

LOAD C:/ST/STM32CubeIDE_2.1.1/STM32CubeIDE/plugins/com.st.stm32cube.ide.mcu.externaltools.gnu-tools-for-stm32.14.3.rel1.win32_1.0.100.202602081740/tools/bin/../lib/gcc/arm-none-eabi/14.3.1/thumb/v7e-m+fp/hard/crti.o
LOAD C:/ST/STM32CubeIDE_2.1.1/STM32CubeIDE/plugins/com.st.stm32cube.ide.mcu.externaltools.gnu-tools-for-stm32.14.3.rel1.win32_1.0.100.202602081740/tools/bin/../lib/gcc/arm-none-eabi/14.3.1/thumb/v7e-m+fp/hard/crtbegin.o
LOAD C:/ST/STM32CubeIDE_2.1.1/STM32CubeIDE/plugins/com.st.stm32cube.ide.mcu.externaltools.gnu-tools-for-stm32.14.3.rel1.win32_1.0.100.202602081740/tools/bin/../lib/gcc/arm-none-eabi/14.3.1/../../../../arm-none-eabi/lib/thumb/v7e-m+fp/hard/crt0.o
LOAD ./Core/Src/can.o
LOAD ./Core/Src/detect.o
LOAD ./Core/Src/freertos.o
LOAD ./Core/Src/main.o
LOAD ./Core/Src/module_a.o
LOAD ./Core/Src/module_b.o
LOAD ./Core/Src/module_manager.o
LOAD ./Core/Src/motor.o
LOAD ./Core/Src/stm32f4xx_hal_msp.o
LOAD ./Core/Src/stm32f4xx_it.o
LOAD ./Core/Src/syscalls.o
LOAD ./Core/Src/sysmem.o
LOAD ./Core/Src/system_data.o
LOAD ./Core/Src/system_stm32f4xx.o
LOAD ./Core/Src/uart_task.o
LOAD ./Core/Startup/startup_stm32f429zitx.o
LOAD ./Drivers/STM32F4xx_HAL_Driver/Src/stm32f4xx_hal.o
LOAD ./Drivers/STM32F4xx_HAL_Driver/Src/stm32f4xx_hal_cortex.o
LOAD ./Drivers/STM32F4xx_HAL_Driver/Src/stm32f4xx_hal_dma.o
LOAD ./Drivers/STM32F4xx_HAL_Driver/Src/stm32f4xx_hal_dma_ex.o
LOAD ./Drivers/STM32F4xx_HAL_Driver/Src/stm32f4xx_hal_eth.o
LOAD ./Drivers/STM32F4xx_HAL_Driver/Src/stm32f4xx_hal_exti.o
LOAD ./Drivers/STM32F4xx_HAL_Driver/Src/stm32f4xx_hal_flash.o
LOAD ./Drivers/STM32F4xx_HAL_Driver/Src/stm32f4xx_hal_flash_ex.o
LOAD ./Drivers/STM32F4xx_HAL_Driver/Src/stm32f4xx_hal_flash_ramfunc.o
LOAD ./Drivers/STM32F4xx_HAL_Driver/Src/stm32f4xx_hal_gpio.o
LOAD ./Drivers/STM32F4xx_HAL_Driver/Src/stm32f4xx_hal_pwr.o
LOAD ./Drivers/STM32F4xx_HAL_Driver/Src/stm32f4xx_hal_pwr_ex.o
LOAD ./Drivers/STM32F4xx_HAL_Driver/Src/stm32f4xx_hal_rcc.o
LOAD ./Drivers/STM32F4xx_HAL_Driver/Src/stm32f4xx_hal_rcc_ex.o
LOAD ./Drivers/STM32F4xx_HAL_Driver/Src/stm32f4xx_hal_uart.o
LOAD ./Middlewares/Third_Party/FreeRTOS/Source/CMSIS_RTOS_V2/cmsis_os2.o
LOAD ./Middlewares/Third_Party/FreeRTOS/Source/croutine.o
LOAD ./Middlewares/Third_Party/FreeRTOS/Source/event_groups.o
LOAD ./Middlewares/Third_Party/FreeRTOS/Source/list.o
LOAD ./Middlewares/Third_Party/FreeRTOS/Source/queue.o
LOAD ./Middlewares/Third_Party/FreeRTOS/Source/stream_buffer.o
LOAD ./Middlewares/Third_Party/FreeRTOS/Source/tasks.o
LOAD ./Middlewares/Third_Party/FreeRTOS/Source/timers.o
LOAD ./Middlewares/Third_Party/FreeRTOS/Source/portable/GCC/ARM_CM4F/port.o
LOAD ./Middlewares/Third_Party/FreeRTOS/Source/portable/MemMang/heap_4.o
START GROUP
LOAD C:/ST/STM32CubeIDE_2.1.1/STM32CubeIDE/plugins/com.st.stm32cube.ide.mcu.externaltools.gnu-tools-for-stm32.14.3.rel1.win32_1.0.100.202602081740/tools/bin/../lib/gcc/arm-none-eabi/14.3.1/../../../../arm-none-eabi/lib/thumb/v7e-m+fp/hard\libc_nano.a
LOAD C:/ST/STM32CubeIDE_2.1.1/STM32CubeIDE/plugins/com.st.stm32cube.ide.mcu.externaltools.gnu-tools-for-stm32.14.3.rel1.win32_1.0.100.202602081740/tools/bin/../lib/gcc/arm-none-eabi/14.3.1/../../../../arm-none-eabi/lib/thumb/v7e-m+fp/hard\libm.a
END GROUP
START GROUP
LOAD C:/ST/STM32CubeIDE_2.1.1/STM32CubeIDE/plugins/com.st.stm32cube.ide.mcu.externaltools.gnu-tools-for-stm32.14.3.rel1.win32_1.0.100.202602081740/tools/bin/../lib/gcc/arm-none-eabi/14.3.1/thumb/v7e-m+fp/hard\libgcc.a
LOAD C:/ST/STM32CubeIDE_2.1.1/STM32CubeIDE/plugins/com.st.stm32cube.ide.mcu.externaltools.gnu-tools-for-stm32.14.3.rel1.win32_1.0.100.202602081740/tools/bin/../lib/gcc/arm-none-eabi/14.3.1/../../../../arm-none-eabi/lib/thumb/v7e-m+fp/hard\libc_nano.a
END GROUP
START GROUP
LOAD C:/ST/STM32CubeIDE_2.1.1/STM32CubeIDE/plugins/com.st.stm32cube.ide.mcu.externaltools.gnu-tools-for-stm32.14.3.rel1.win32_1.0.100.202602081740/tools/bin/../lib/gcc/arm-none-eabi/14.3.1/thumb/v7e-m+fp/hard\libgcc.a
LOAD C:/ST/STM32CubeIDE_2.1.1/STM32CubeIDE/plugins/com.st.stm32cube.ide.mcu.externaltools.gnu-tools-for-stm32.14.3.rel1.win32_1.0.100.202602081740/tools/bin/../lib/gcc/arm-none-eabi/14.3.1/../../../../arm-none-eabi/lib/thumb/v7e-m+fp/hard\libc_nano.a
LOAD C:/ST/STM32CubeIDE_2.1.1/STM32CubeIDE/plugins/com.st.stm32cube.ide.mcu.externaltools.gnu-tools-for-stm32.14.3.rel1.win32_1.0.100.202602081740/tools/bin/../lib/gcc/arm-none-eabi/14.3.1/../../../../arm-none-eabi/lib/thumb/v7e-m+fp/hard\libnosys.a
END GROUP
START GROUP
LOAD C:/ST/STM32CubeIDE_2.1.1/STM32CubeIDE/plugins/com.st.stm32cube.ide.mcu.externaltools.gnu-tools-for-stm32.14.3.rel1.win32_1.0.100.202602081740/tools/bin/../lib/gcc/arm-none-eabi/14.3.1/thumb/v7e-m+fp/hard\libgcc.a
LOAD C:/ST/STM32CubeIDE_2.1.1/STM32CubeIDE/plugins/com.st.stm32cube.ide.mcu.externaltools.gnu-tools-for-stm32.14.3.rel1.win32_1.0.100.202602081740/tools/bin/../lib/gcc/arm-none-eabi/14.3.1/../../../../arm-none-eabi/lib/thumb/v7e-m+fp/hard\libc_nano.a
LOAD C:/ST/STM32CubeIDE_2.1.1/STM32CubeIDE/plugins/com.st.stm32cube.ide.mcu.externaltools.gnu-tools-for-stm32.14.3.rel1.win32_1.0.100.202602081740/tools/bin/../lib/gcc/arm-none-eabi/14.3.1/../../../../arm-none-eabi/lib/thumb/v7e-m+fp/hard\libnosys.a
END GROUP
LOAD C:/ST/STM32CubeIDE_2.1.1/STM32CubeIDE/plugins/com.st.stm32cube.ide.mcu.externaltools.gnu-tools-for-stm32.14.3.rel1.win32_1.0.100.202602081740/tools/bin/../lib/gcc/arm-none-eabi/14.3.1/thumb/v7e-m+fp/hard/crtend.o
LOAD C:/ST/STM32CubeIDE_2.1.1/STM32CubeIDE/plugins/com.st.stm32cube.ide.mcu.externaltools.gnu-tools-for-stm32.14.3.rel1.win32_1.0.100.202602081740/tools/bin/../lib/gcc/arm-none-eabi/14.3.1/thumb/v7e-m+fp/hard/crtn.o
                0x20030000                        _estack = (ORIGIN (RAM) + LENGTH (RAM))
                0x00000200                        _Min_Heap_Size = 0x200
                0x00000400                        _Min_Stack_Size = 0x400

.isr_vector     0x08000000      0x1ac
                0x08000000                        . = ALIGN (0x4)
 *(.isr_vector)
 .isr_vector    0x08000000      0x1ac ./Core/Startup/startup_stm32f429zitx.o
                0x08000000                g_pfnVectors
                0x080001ac                        . = ALIGN (0x4)

.text           0x080001b0     0x7a68
                0x080001b0                        . = ALIGN (0x4)
 *(.text)
 .text          0x080001b0       0x40 C:/ST/STM32CubeIDE_2.1.1/STM32CubeIDE/plugins/com.st.stm32cube.ide.mcu.externaltools.gnu-tools-for-stm32.14.3.rel1.win32_1.0.100.202602081740/tools/bin/../lib/gcc/arm-none-eabi/14.3.1/thumb/v7e-m+fp/hard/crtbegin.o
 .text          0x080001f0       0xa0 C:/ST/STM32CubeIDE_2.1.1/STM32CubeIDE/plugins/com.st.stm32cube.ide.mcu.externaltools.gnu-tools-for-stm32.14.3.rel1.win32_1.0.100.202602081740/tools/bin/../lib/gcc/arm-none-eabi/14.3.1/../../../../arm-none-eabi/lib/thumb/v7e-m+fp/hard\libc_nano.a(libc_a-memchr.o)
                0x080001f0                memchr
 .text          0x08000290       0x30 C:/ST/STM32CubeIDE_2.1.1/STM32CubeIDE/plugins/com.st.stm32cube.ide.mcu.externaltools.gnu-tools-for-stm32.14.3.rel1.win32_1.0.100.202602081740/tools/bin/../lib/gcc/arm-none-eabi/14.3.1/thumb/v7e-m+fp/hard\libgcc.a(_aeabi_uldivmod.o)
                0x08000290                __aeabi_uldivmod
 .text          0x080002c0      0x2f8 C:/ST/STM32CubeIDE_2.1.1/STM32CubeIDE/plugins/com.st.stm32cube.ide.mcu.externaltools.gnu-tools-for-stm32.14.3.rel1.win32_1.0.100.202602081740/tools/bin/../lib/gcc/arm-none-eabi/14.3.1/thumb/v7e-m+fp/hard\libgcc.a(_udivmoddi4.o)
                0x080002c0                __udivmoddi4
 .text          0x080005b8        0x4 C:/ST/STM32CubeIDE_2.1.1/STM32CubeIDE/plugins/com.st.stm32cube.ide.mcu.externaltools.gnu-tools-for-stm32.14.3.rel1.win32_1.0.100.202602081740/tools/bin/../lib/gcc/arm-none-eabi/14.3.1/thumb/v7e-m+fp/hard\libgcc.a(_dvmd_tls.o)
                0x080005b8                __aeabi_idiv0
                0x080005b8                __aeabi_ldiv0
 *(.text*)
 .text.__NVIC_EnableIRQ
                0x080005bc       0x3c ./Core/Src/can.o
 .text.__NVIC_SetPriority
                0x080005f8       0x54 ./Core/Src/can.o
 .text.CAN_Init
                0x0800064c       0x14 ./Core/Src/can.o
                0x0800064c                CAN_Init
 .text.CAN_RtosInit
                0x08000660       0x9c ./Core/Src/can.o
                0x08000660                CAN_RtosInit
 .text.CAN1_GPIO_Init
                0x080006fc       0x6c ./Core/Src/can.o
 .text.CAN1_Peripheral_Init
                0x08000768       0x88 ./Core/Src/can.o
 .text.CAN1_Filter_Init
                0x080007f0       0x94 ./Core/Src/can.o
 .text.CAN1_RX_Interrupt_Init
                0x08000884       0x28 ./Core/Src/can.o
 .text.CAN_Send
                0x080008ac       0x40 ./Core/Src/can.o
                0x080008ac                CAN_Send
 .text.CAN1_TrySend
                0x080008ec       0xe0 ./Core/Src/can.o
 .text.CanTxTask
                0x080009cc       0x40 ./Core/Src/can.o
 .text.CAN_RxIrqHandler
                0x08000a0c      0x108 ./Core/Src/can.o
                0x08000a0c                CAN_RxIrqHandler
 .text.CanRxTask
                0x08000b14       0x30 ./Core/Src/can.o
 .text.CAN_RegisterRxCallback
                0x08000b44       0x98 ./Core/Src/can.o
                0x08000b44                CAN_RegisterRxCallback
 .text.CAN_DispatchRxFrame
                0x08000bdc       0x8c ./Core/Src/can.o
 .text.__NVIC_EnableIRQ
                0x08000c68       0x3c ./Core/Src/detect.o
 .text.__NVIC_SetPriority
                0x08000ca4       0x54 ./Core/Src/detect.o
 .text.Detect_Init
                0x08000cf8       0xd0 ./Core/Src/detect.o
                0x08000cf8                Detect_Init
 .text.Detect_RtosInit
                0x08000dc8       0x48 ./Core/Src/detect.o
                0x08000dc8                Detect_RtosInit
 .text.Detect_IrqHandler
                0x08000e10       0x5c ./Core/Src/detect.o
                0x08000e10                Detect_IrqHandler
 .text.Detect_ReadPin
                0x08000e6c       0x30 ./Core/Src/detect.o
 .text.Detect_ProcessState
                0x08000e9c       0x6c ./Core/Src/detect.o
 .text.DetectTask
                0x08000f08       0x60 ./Core/Src/detect.o
 .text.main     0x08000f68       0x64 ./Core/Src/main.o
                0x08000f68                main
 .text.SystemClock_Config
                0x08000fcc       0xd4 ./Core/Src/main.o
                0x08000fcc                SystemClock_Config
 .text.MX_ETH_Init
                0x080010a0       0x9c ./Core/Src/main.o
 .text.MX_USART3_UART_Init
                0x0800113c       0x54 ./Core/Src/main.o
 .text.MX_GPIO_Init
                0x08001190      0x19c ./Core/Src/main.o
 .text.StartDefaultTask
                0x0800132c       0x12 ./Core/Src/main.o
                0x0800132c                StartDefaultTask
 .text.Error_Handler
                0x0800133e        0xc ./Core/Src/main.o
                0x0800133e                Error_Handler
 *fill*         0x0800134a        0x2 
 .text.ModuleA_HandlePressure
                0x0800134c       0xd4 ./Core/Src/module_a.o
                0x0800134c                ModuleA_HandlePressure
 .text.ModuleA_Init
                0x08001420       0x18 ./Core/Src/module_a.o
                0x08001420                ModuleA_Init
 .text.ModuleB_HandleTemperature
                0x08001438       0x70 ./Core/Src/module_b.o
                0x08001438                ModuleB_HandleTemperature
 .text.ModuleB_SendTargetTemp
                0x080014a8       0x7c ./Core/Src/module_b.o
                0x080014a8                ModuleB_SendTargetTemp
 .text.ModuleB_Init
                0x08001524       0x18 ./Core/Src/module_b.o
                0x08001524                ModuleB_Init
 .text.ModuleManager_Init
                0x0800153c       0x44 ./Core/Src/module_manager.o
                0x0800153c                ModuleManager_Init
 .text.ModuleManager_OnAttached
                0x08001580       0x48 ./Core/Src/module_manager.o
                0x08001580                ModuleManager_OnAttached
 .text.ModuleManager_OnDetached
                0x080015c8       0x38 ./Core/Src/module_manager.o
                0x080015c8                ModuleManager_OnDetached
 .text.ModuleManager_HandleAnnounce
                0x08001600       0xe4 ./Core/Src/module_manager.o
                0x08001600                ModuleManager_HandleAnnounce
 .text.ModuleManager_CheckId
                0x080016e4       0x74 ./Core/Src/module_manager.o
 .text.ModuleManagerTask
                0x08001758       0x60 ./Core/Src/module_manager.o
 .text.ModuleManager_SendLinkResult
                0x080017b8       0x48 ./Core/Src/module_manager.o
 .text.ModuleManager_GetModuleType
                0x08001800       0x18 ./Core/Src/module_manager.o
                0x08001800                ModuleManager_GetModuleType
 .text.ModuleManager_IsAccepted
                0x08001818       0x18 ./Core/Src/module_manager.o
                0x08001818                ModuleManager_IsAccepted
 .text.Motor_Init
                0x08001830       0x68 ./Core/Src/motor.o
                0x08001830                Motor_Init
 .text.Motor_GPIO_Init
                0x08001898      0x130 ./Core/Src/motor.o
 .text.TIM3_PWM_Init
                0x080019c8       0x88 ./Core/Src/motor.o
 .text.TIM4_Encoder_Init
                0x08001a50       0xb0 ./Core/Src/motor.o
 .text.Motor_StartHardware
                0x08001b00       0x24 ./Core/Src/motor.o
 .text.Motor_StopHardware
                0x08001b24       0x30 ./Core/Src/motor.o
 .text.Motor_SetDuty
                0x08001b54       0x80 ./Core/Src/motor.o
 .text.Motor_RequestStart
                0x08001bd4       0x54 ./Core/Src/motor.o
                0x08001bd4                Motor_RequestStart
 .text.Motor_RequestStop
                0x08001c28       0x44 ./Core/Src/motor.o
                0x08001c28                Motor_RequestStop
 .text.Motor_SetSpeedLevel
                0x08001c6c       0x6c ./Core/Src/motor.o
                0x08001c6c                Motor_SetSpeedLevel
 .text.HAL_MspInit
                0x08001cd8       0x58 ./Core/Src/stm32f4xx_hal_msp.o
                0x08001cd8                HAL_MspInit
 .text.HAL_ETH_MspInit
                0x08001d30      0x18c ./Core/Src/stm32f4xx_hal_msp.o
                0x08001d30                HAL_ETH_MspInit
 .text.HAL_UART_MspInit
                0x08001ebc       0x90 ./Core/Src/stm32f4xx_hal_msp.o
                0x08001ebc                HAL_UART_MspInit
 .text.NMI_Handler
                0x08001f4c        0x8 ./Core/Src/stm32f4xx_it.o
                0x08001f4c                NMI_Handler
 .text.HardFault_Handler
                0x08001f54        0x8 ./Core/Src/stm32f4xx_it.o
                0x08001f54                HardFault_Handler
 .text.MemManage_Handler
                0x08001f5c        0x8 ./Core/Src/stm32f4xx_it.o
                0x08001f5c                MemManage_Handler
 .text.BusFault_Handler
                0x08001f64        0x8 ./Core/Src/stm32f4xx_it.o
                0x08001f64                BusFault_Handler
 .text.UsageFault_Handler
                0x08001f6c        0x8 ./Core/Src/stm32f4xx_it.o
                0x08001f6c                UsageFault_Handler
 .text.DebugMon_Handler
                0x08001f74        0xe ./Core/Src/stm32f4xx_it.o
                0x08001f74                DebugMon_Handler
 .text.SysTick_Handler
                0x08001f82       0x1a ./Core/Src/stm32f4xx_it.o
                0x08001f82                SysTick_Handler
 .text.CAN1_RX0_IRQHandler
                0x08001f9c        0xc ./Core/Src/stm32f4xx_it.o
                0x08001f9c                CAN1_RX0_IRQHandler
 .text.EXTI0_IRQHandler
                0x08001fa8        0xc ./Core/Src/stm32f4xx_it.o
                0x08001fa8                EXTI0_IRQHandler
 .text._sbrk    0x08001fb4       0x6c ./Core/Src/sysmem.o
                0x08001fb4                _sbrk
 .text.SystemInit
                0x08002020       0x24 ./Core/Src/system_stm32f4xx.o
                0x08002020                SystemInit
 .text.UARTTask_Init
                0x08002044       0x5c ./Core/Src/uart_task.o
                0x08002044                UARTTask_Init
 .text.UARTTelemetryTask
                0x080020a0      0x16c ./Core/Src/uart_task.o
 .text.UARTCommandTask
                0x0800220c       0x48 ./Core/Src/uart_task.o
 .text.UART_ProcessCommandChar
                0x08002254      0x2b4 ./Core/Src/uart_task.o
 .text.Reset_Handler
                0x08002508       0x50 ./Core/Startup/startup_stm32f429zitx.o
                0x08002508                Reset_Handler
 .text.Default_Handler
                0x08002558        0x2 ./Core/Startup/startup_stm32f429zitx.o
                0x08002558                RTC_Alarm_IRQHandler
                0x08002558                HASH_RNG_IRQHandler
                0x08002558                EXTI2_IRQHandler
                0x08002558                TIM8_CC_IRQHandler
                0x08002558                UART8_IRQHandler
                0x08002558                SPI4_IRQHandler
                0x08002558                TIM1_CC_IRQHandler
                0x08002558                DMA2_Stream5_IRQHandler
                0x08002558                DMA1_Stream5_IRQHandler
                0x08002558                PVD_IRQHandler
                0x08002558                SDIO_IRQHandler
                0x08002558                TAMP_STAMP_IRQHandler
                0x08002558                CAN2_RX1_IRQHandler
                0x08002558                EXTI3_IRQHandler
                0x08002558                TIM8_TRG_COM_TIM14_IRQHandler
                0x08002558                TIM1_UP_TIM10_IRQHandler
                0x08002558                TIM8_UP_TIM13_IRQHandler
                0x08002558                I2C3_ER_IRQHandler
                0x08002558                I2C2_EV_IRQHandler
                0x08002558                DMA1_Stream2_IRQHandler
                0x08002558                FPU_IRQHandler
                0x08002558                OTG_HS_WKUP_IRQHandler
                0x08002558                LTDC_ER_IRQHandler
                0x08002558                CAN2_SCE_IRQHandler
                0x08002558                DMA2_Stream2_IRQHandler
                0x08002558                SPI1_IRQHandler
                0x08002558                TIM6_DAC_IRQHandler
                0x08002558                TIM1_BRK_TIM9_IRQHandler
                0x08002558                DCMI_IRQHandler
                0x08002558                CAN2_RX0_IRQHandler
                0x08002558                DMA2_Stream3_IRQHandler
                0x08002558                USART6_IRQHandler
                0x08002558                USART3_IRQHandler
                0x08002558                CAN1_RX1_IRQHandler
                0x08002558                UART5_IRQHandler
                0x08002558                DMA2_Stream0_IRQHandler
                0x08002558                TIM4_IRQHandler
                0x08002558                I2C1_EV_IRQHandler
                0x08002558                DMA1_Stream6_IRQHandler
                0x08002558                DMA1_Stream1_IRQHandler
                0x08002558                UART4_IRQHandler
                0x08002558                TIM3_IRQHandler
                0x08002558                RCC_IRQHandler
                0x08002558                TIM8_BRK_TIM12_IRQHandler
                0x08002558                Default_Handler
                0x08002558                EXTI15_10_IRQHandler
                0x08002558                ADC_IRQHandler
                0x08002558                DMA1_Stream7_IRQHandler
                0x08002558                SPI5_IRQHandler
                0x08002558                TIM7_IRQHandler
                0x08002558                CAN2_TX_IRQHandler
                0x08002558                TIM5_IRQHandler
                0x08002558                DMA2_Stream7_IRQHandler
                0x08002558                I2C3_EV_IRQHandler
                0x08002558                EXTI9_5_IRQHandler
                0x08002558                RTC_WKUP_IRQHandler
                0x08002558                LTDC_IRQHandler
                0x08002558                ETH_WKUP_IRQHandler
                0x08002558                SPI2_IRQHandler
                0x08002558                OTG_HS_EP1_IN_IRQHandler
                0x08002558                DMA1_Stream0_IRQHandler
                0x08002558                CAN1_TX_IRQHandler
                0x08002558                EXTI4_IRQHandler
                0x08002558                ETH_IRQHandler
                0x08002558                OTG_HS_EP1_OUT_IRQHandler
                0x08002558                WWDG_IRQHandler
                0x08002558                SPI6_IRQHandler
                0x08002558                TIM2_IRQHandler
                0x08002558                OTG_FS_WKUP_IRQHandler
                0x08002558                TIM1_TRG_COM_TIM11_IRQHandler
                0x08002558                OTG_HS_IRQHandler
                0x08002558                DMA2D_IRQHandler
                0x08002558                EXTI1_IRQHandler
                0x08002558                UART7_IRQHandler
                0x08002558                USART2_IRQHandler
                0x08002558                I2C2_ER_IRQHandler
                0x08002558                DMA2_Stream1_IRQHandler
                0x08002558                CAN1_SCE_IRQHandler
                0x08002558                FLASH_IRQHandler
                0x08002558                DMA2_Stream4_IRQHandler
                0x08002558                USART1_IRQHandler
                0x08002558                OTG_FS_IRQHandler
                0x08002558                SPI3_IRQHandler
                0x08002558                DMA1_Stream4_IRQHandler
                0x08002558                I2C1_ER_IRQHandler
                0x08002558                FMC_IRQHandler
                0x08002558                DMA2_Stream6_IRQHandler
                0x08002558                SAI1_IRQHandler
                0x08002558                DMA1_Stream3_IRQHandler
 *fill*         0x0800255a        0x2 
 .text.HAL_Init
                0x0800255c       0x44 ./Drivers/STM32F4xx_HAL_Driver/Src/stm32f4xx_hal.o
                0x0800255c                HAL_Init
 .text.HAL_InitTick
                0x080025a0       0x60 ./Drivers/STM32F4xx_HAL_Driver/Src/stm32f4xx_hal.o
                0x080025a0                HAL_InitTick
 .text.HAL_IncTick
                0x08002600       0x28 ./Drivers/STM32F4xx_HAL_Driver/Src/stm32f4xx_hal.o
                0x08002600                HAL_IncTick
 .text.HAL_GetTick
                0x08002628       0x18 ./Drivers/STM32F4xx_HAL_Driver/Src/stm32f4xx_hal.o
                0x08002628                HAL_GetTick
 .text.HAL_Delay
                0x08002640       0x48 ./Drivers/STM32F4xx_HAL_Driver/Src/stm32f4xx_hal.o
                0x08002640                HAL_Delay
 .text.__NVIC_SetPriorityGrouping
                0x08002688       0x48 ./Drivers/STM32F4xx_HAL_Driver/Src/stm32f4xx_hal_cortex.o
 .text.__NVIC_GetPriorityGrouping
                0x080026d0       0x1c ./Drivers/STM32F4xx_HAL_Driver/Src/stm32f4xx_hal_cortex.o
 .text.__NVIC_SetPriority
                0x080026ec       0x54 ./Drivers/STM32F4xx_HAL_Driver/Src/stm32f4xx_hal_cortex.o
 .text.NVIC_EncodePriority
                0x08002740       0x66 ./Drivers/STM32F4xx_HAL_Driver/Src/stm32f4xx_hal_cortex.o
 *fill*         0x080027a6        0x2 
 .text.SysTick_Config
                0x080027a8       0x44 ./Drivers/STM32F4xx_HAL_Driver/Src/stm32f4xx_hal_cortex.o
 .text.HAL_NVIC_SetPriorityGrouping
                0x080027ec       0x16 ./Drivers/STM32F4xx_HAL_Driver/Src/stm32f4xx_hal_cortex.o
                0x080027ec                HAL_NVIC_SetPriorityGrouping
 .text.HAL_NVIC_SetPriority
                0x08002802       0x38 ./Drivers/STM32F4xx_HAL_Driver/Src/stm32f4xx_hal_cortex.o
                0x08002802                HAL_NVIC_SetPriority
 .text.HAL_SYSTICK_Config
                0x0800283a       0x18 ./Drivers/STM32F4xx_HAL_Driver/Src/stm32f4xx_hal_cortex.o
                0x0800283a                HAL_SYSTICK_Config
 *fill*         0x08002852        0x2 
 .text.HAL_ETH_Init
                0x08002854      0x138 ./Drivers/STM32F4xx_HAL_Driver/Src/stm32f4xx_hal_eth.o
                0x08002854                HAL_ETH_Init
 .text.ETH_SetMACConfig
                0x0800298c      0x168 ./Drivers/STM32F4xx_HAL_Driver/Src/stm32f4xx_hal_eth.o
 .text.ETH_SetDMAConfig
                0x08002af4      0x114 ./Drivers/STM32F4xx_HAL_Driver/Src/stm32f4xx_hal_eth.o
 .text.ETH_MACDMAConfig
                0x08002c08       0xea ./Drivers/STM32F4xx_HAL_Driver/Src/stm32f4xx_hal_eth.o
 *fill*         0x08002cf2        0x2 
 .text.ETH_MACAddressConfig
                0x08002cf4       0x70 ./Drivers/STM32F4xx_HAL_Driver/Src/stm32f4xx_hal_eth.o
 .text.ETH_DMATxDescListInit
                0x08002d64       0xb2 ./Drivers/STM32F4xx_HAL_Driver/Src/stm32f4xx_hal_eth.o
 .text.ETH_DMARxDescListInit
                0x08002e16       0xde ./Drivers/STM32F4xx_HAL_Driver/Src/stm32f4xx_hal_eth.o
 .text.HAL_GPIO_Init
                0x08002ef4      0x358 ./Drivers/STM32F4xx_HAL_Driver/Src/stm32f4xx_hal_gpio.o
                0x08002ef4                HAL_GPIO_Init
 .text.HAL_GPIO_WritePin
                0x0800324c       0x32 ./Drivers/STM32F4xx_HAL_Driver/Src/stm32f4xx_hal_gpio.o
                0x0800324c                HAL_GPIO_WritePin
 *fill*         0x0800327e        0x2 
 .text.HAL_RCC_OscConfig
                0x08003280      0x4f0 ./Drivers/STM32F4xx_HAL_Driver/Src/stm32f4xx_hal_rcc.o
                0x08003280                HAL_RCC_OscConfig
 .text.HAL_RCC_ClockConfig
                0x08003770      0x1cc ./Drivers/STM32F4xx_HAL_Driver/Src/stm32f4xx_hal_rcc.o
                0x08003770                HAL_RCC_ClockConfig
 .text.HAL_RCC_GetSysClockFreq
                0x0800393c      0x20c ./Drivers/STM32F4xx_HAL_Driver/Src/stm32f4xx_hal_rcc.o
                0x0800393c                HAL_RCC_GetSysClockFreq
 .text.HAL_RCC_GetHCLKFreq
                0x08003b48       0x18 ./Drivers/STM32F4xx_HAL_Driver/Src/stm32f4xx_hal_rcc.o
                0x08003b48                HAL_RCC_GetHCLKFreq
 .text.HAL_RCC_GetPCLK1Freq
                0x08003b60       0x28 ./Drivers/STM32F4xx_HAL_Driver/Src/stm32f4xx_hal_rcc.o
                0x08003b60                HAL_RCC_GetPCLK1Freq
 .text.HAL_RCC_GetPCLK2Freq
                0x08003b88       0x28 ./Drivers/STM32F4xx_HAL_Driver/Src/stm32f4xx_hal_rcc.o
                0x08003b88                HAL_RCC_GetPCLK2Freq
 .text.HAL_UART_Init
                0x08003bb0       0xa0 ./Drivers/STM32F4xx_HAL_Driver/Src/stm32f4xx_hal_uart.o
                0x08003bb0                HAL_UART_Init
 .text.HAL_UART_Transmit
                0x08003c50      0x116 ./Drivers/STM32F4xx_HAL_Driver/Src/stm32f4xx_hal_uart.o
                0x08003c50                HAL_UART_Transmit
 .text.HAL_UART_Receive
                0x08003d66      0x12e ./Drivers/STM32F4xx_HAL_Driver/Src/stm32f4xx_hal_uart.o
                0x08003d66                HAL_UART_Receive
 .text.UART_WaitOnFlagUntilTimeout
                0x08003e94       0xb2 ./Drivers/STM32F4xx_HAL_Driver/Src/stm32f4xx_hal_uart.o
 .text.UART_EndRxTransfer
                0x08003f46       0xc6 ./Drivers/STM32F4xx_HAL_Driver/Src/stm32f4xx_hal_uart.o
 .text.UART_SetConfig
                0x0800400c      0x4e8 ./Drivers/STM32F4xx_HAL_Driver/Src/stm32f4xx_hal_uart.o
 .text.__NVIC_SetPriority
                0x080044f4       0x54 ./Middlewares/Third_Party/FreeRTOS/Source/CMSIS_RTOS_V2/cmsis_os2.o
 .text.SVC_Setup
                0x08004548       0x12 ./Middlewares/Third_Party/FreeRTOS/Source/CMSIS_RTOS_V2/cmsis_os2.o
 *fill*         0x0800455a        0x2 
 .text.osKernelInitialize
                0x0800455c       0x48 ./Middlewares/Third_Party/FreeRTOS/Source/CMSIS_RTOS_V2/cmsis_os2.o
                0x0800455c                osKernelInitialize
 .text.osKernelStart
                0x080045a4       0x4c ./Middlewares/Third_Party/FreeRTOS/Source/CMSIS_RTOS_V2/cmsis_os2.o
                0x080045a4                osKernelStart
 .text.osThreadNew
                0x080045f0      0x124 ./Middlewares/Third_Party/FreeRTOS/Source/CMSIS_RTOS_V2/cmsis_os2.o
                0x080045f0                osThreadNew
 .text.osDelay  0x08004714       0x36 ./Middlewares/Third_Party/FreeRTOS/Source/CMSIS_RTOS_V2/cmsis_os2.o
                0x08004714                osDelay
 *fill*         0x0800474a        0x2 
 .text.vApplicationGetIdleTaskMemory
                0x0800474c       0x34 ./Middlewares/Third_Party/FreeRTOS/Source/CMSIS_RTOS_V2/cmsis_os2.o
                0x0800474c                vApplicationGetIdleTaskMemory
 .text.vApplicationGetTimerTaskMemory
                0x08004780       0x34 ./Middlewares/Third_Party/FreeRTOS/Source/CMSIS_RTOS_V2/cmsis_os2.o
                0x08004780                vApplicationGetTimerTaskMemory
 .text.vListInitialise
                0x080047b4       0x40 ./Middlewares/Third_Party/FreeRTOS/Source/list.o
                0x080047b4                vListInitialise
 .text.vListInitialiseItem
                0x080047f4       0x1a ./Middlewares/Third_Party/FreeRTOS/Source/list.o
                0x080047f4                vListInitialiseItem
 .text.vListInsertEnd
                0x0800480e       0x48 ./Middlewares/Third_Party/FreeRTOS/Source/list.o
                0x0800480e                vListInsertEnd
 .text.vListInsert
                0x08004856       0x72 ./Middlewares/Third_Party/FreeRTOS/Source/list.o
                0x08004856                vListInsert
 .text.uxListRemove
                0x080048c8       0x54 ./Middlewares/Third_Party/FreeRTOS/Source/list.o
                0x080048c8                uxListRemove
 .text.xQueueGenericReset
                0x0800491c       0xd4 ./Middlewares/Third_Party/FreeRTOS/Source/queue.o
                0x0800491c                xQueueGenericReset
 .text.xQueueGenericCreateStatic
                0x080049f0       0xfa ./Middlewares/Third_Party/FreeRTOS/Source/queue.o
                0x080049f0                xQueueGenericCreateStatic
 .text.xQueueGenericCreate
                0x08004aea       0x76 ./Middlewares/Third_Party/FreeRTOS/Source/queue.o
                0x08004aea                xQueueGenericCreate
 .text.prvInitialiseNewQueue
                0x08004b60       0x46 ./Middlewares/Third_Party/FreeRTOS/Source/queue.o
 *fill*         0x08004ba6        0x2 
 .text.xQueueGenericSend
                0x08004ba8      0x204 ./Middlewares/Third_Party/FreeRTOS/Source/queue.o
                0x08004ba8                xQueueGenericSend
 .text.xQueueGenericSendFromISR
                0x08004dac      0x13c ./Middlewares/Third_Party/FreeRTOS/Source/queue.o
                0x08004dac                xQueueGenericSendFromISR
 .text.xQueueReceive
                0x08004ee8      0x1c4 ./Middlewares/Third_Party/FreeRTOS/Source/queue.o
                0x08004ee8                xQueueReceive
 .text.prvCopyDataToQueue
                0x080050ac       0xd4 ./Middlewares/Third_Party/FreeRTOS/Source/queue.o
 .text.prvCopyDataFromQueue
                0x08005180       0x4c ./Middlewares/Third_Party/FreeRTOS/Source/queue.o
 .text.prvUnlockQueue
                0x080051cc       0xa4 ./Middlewares/Third_Party/FreeRTOS/Source/queue.o
 .text.prvIsQueueEmpty
                0x08005270       0x2c ./Middlewares/Third_Party/FreeRTOS/Source/queue.o
 .text.prvIsQueueFull
                0x0800529c       0x30 ./Middlewares/Third_Party/FreeRTOS/Source/queue.o
 .text.vQueueAddToRegistry
                0x080052cc       0x54 ./Middlewares/Third_Party/FreeRTOS/Source/queue.o
                0x080052cc                vQueueAddToRegistry
 .text.vQueueWaitForMessageRestricted
                0x08005320       0x68 ./Middlewares/Third_Party/FreeRTOS/Source/queue.o
                0x08005320                vQueueWaitForMessageRestricted
 .text.xTaskCreateStatic
                0x08005388       0xc0 ./Middlewares/Third_Party/FreeRTOS/Source/tasks.o
                0x08005388                xTaskCreateStatic
 .text.xTaskCreate
                0x08005448       0x8a ./Middlewares/Third_Party/FreeRTOS/Source/tasks.o
                0x08005448                xTaskCreate
 .text.prvInitialiseNewTask
                0x080054d2      0x120 ./Middlewares/Third_Party/FreeRTOS/Source/tasks.o
 *fill*         0x080055f2        0x2 
 .text.prvAddNewTaskToReadyList
                0x080055f4       0xe0 ./Middlewares/Third_Party/FreeRTOS/Source/tasks.o
 .text.vTaskDelay
                0x080056d4       0x6c ./Middlewares/Third_Party/FreeRTOS/Source/tasks.o
                0x080056d4                vTaskDelay
 .text.vTaskStartScheduler
                0x08005740       0xd0 ./Middlewares/Third_Party/FreeRTOS/Source/tasks.o
                0x08005740                vTaskStartScheduler
 .text.vTaskSuspendAll
                0x08005810       0x1c ./Middlewares/Third_Party/FreeRTOS/Source/tasks.o
                0x08005810                vTaskSuspendAll
 .text.xTaskResumeAll
                0x0800582c      0x13c ./Middlewares/Third_Party/FreeRTOS/Source/tasks.o
                0x0800582c                xTaskResumeAll
 .text.xTaskGetTickCount
                0x08005968       0x20 ./Middlewares/Third_Party/FreeRTOS/Source/tasks.o
                0x08005968                xTaskGetTickCount
 .text.xTaskIncrementTick
                0x08005988      0x174 ./Middlewares/Third_Party/FreeRTOS/Source/tasks.o
                0x08005988                xTaskIncrementTick
 .text.vTaskSwitchContext
                0x08005afc       0xbc ./Middlewares/Third_Party/FreeRTOS/Source/tasks.o
                0x08005afc                vTaskSwitchContext
 .text.vTaskPlaceOnEventList
                0x08005bb8       0x4c ./Middlewares/Third_Party/FreeRTOS/Source/tasks.o
                0x08005bb8                vTaskPlaceOnEventList
 .text.vTaskPlaceOnEventListRestricted
                0x08005c04       0x58 ./Middlewares/Third_Party/FreeRTOS/Source/tasks.o
                0x08005c04                vTaskPlaceOnEventListRestricted
 .text.xTaskRemoveFromEventList
                0x08005c5c       0xc8 ./Middlewares/Third_Party/FreeRTOS/Source/tasks.o
                0x08005c5c                xTaskRemoveFromEventList
 .text.vTaskInternalSetTimeOutState
                0x08005d24       0x2c ./Middlewares/Third_Party/FreeRTOS/Source/tasks.o
                0x08005d24                vTaskInternalSetTimeOutState
 .text.xTaskCheckForTimeOut
                0x08005d50       0xc8 ./Middlewares/Third_Party/FreeRTOS/Source/tasks.o
                0x08005d50                xTaskCheckForTimeOut
 .text.vTaskMissedYield
                0x08005e18       0x18 ./Middlewares/Third_Party/FreeRTOS/Source/tasks.o
                0x08005e18                vTaskMissedYield
 .text.prvIdleTask
                0x08005e30       0x30 ./Middlewares/Third_Party/FreeRTOS/Source/tasks.o
 .text.prvInitialiseTaskLists
                0x08005e60       0x80 ./Middlewares/Third_Party/FreeRTOS/Source/tasks.o
 .text.prvCheckTasksWaitingTermination
                0x08005ee0       0x5c ./Middlewares/Third_Party/FreeRTOS/Source/tasks.o
 .text.prvDeleteTCB
                0x08005f3c       0x60 ./Middlewares/Third_Party/FreeRTOS/Source/tasks.o
 .text.prvResetNextTaskUnblockTime
                0x08005f9c       0x40 ./Middlewares/Third_Party/FreeRTOS/Source/tasks.o
 .text.xTaskGetSchedulerState
                0x08005fdc       0x3c ./Middlewares/Third_Party/FreeRTOS/Source/tasks.o
                0x08005fdc                xTaskGetSchedulerState
 .text.xTaskPriorityDisinherit
                0x08006018       0xe0 ./Middlewares/Third_Party/FreeRTOS/Source/tasks.o
                0x08006018                xTaskPriorityDisinherit
 .text.ulTaskNotifyTake
                0x080060f8       0x90 ./Middlewares/Third_Party/FreeRTOS/Source/tasks.o
                0x080060f8                ulTaskNotifyTake
 .text.vTaskNotifyGiveFromISR
                0x08006188      0x128 ./Middlewares/Third_Party/FreeRTOS/Source/tasks.o
                0x08006188                vTaskNotifyGiveFromISR
 .text.prvAddCurrentTaskToDelayedList
                0x080062b0       0xa8 ./Middlewares/Third_Party/FreeRTOS/Source/tasks.o
 .text.xTimerCreateTimerTask
                0x08006358       0x94 ./Middlewares/Third_Party/FreeRTOS/Source/timers.o
                0x08006358                xTimerCreateTimerTask
 .text.xTimerGenericCommand
                0x080063ec       0x9c ./Middlewares/Third_Party/FreeRTOS/Source/timers.o
                0x080063ec                xTimerGenericCommand
 .text.prvProcessExpiredTimer
                0x08006488       0x9c ./Middlewares/Third_Party/FreeRTOS/Source/timers.o
 .text.prvTimerTask
                0x08006524       0x26 ./Middlewares/Third_Party/FreeRTOS/Source/timers.o
 *fill*         0x0800654a        0x2 
 .text.prvProcessTimerOrBlockTask
                0x0800654c       0x9c ./Middlewares/Third_Party/FreeRTOS/Source/timers.o
 .text.prvGetNextExpireTime
                0x080065e8       0x48 ./Middlewares/Third_Party/FreeRTOS/Source/timers.o
 .text.prvSampleTimeNow
                0x08006630       0x40 ./Middlewares/Third_Party/FreeRTOS/Source/timers.o
 .text.prvInsertTimerInActiveList
                0x08006670       0x84 ./Middlewares/Third_Party/FreeRTOS/Source/timers.o
 .text.prvProcessReceivedCommands
                0x080066f4      0x1cc ./Middlewares/Third_Party/FreeRTOS/Source/timers.o
 .text.prvSwitchTimerLists
                0x080068c0       0xcc ./Middlewares/Third_Party/FreeRTOS/Source/timers.o
 .text.prvCheckForValidListAndQueue
                0x0800698c       0x80 ./Middlewares/Third_Party/FreeRTOS/Source/timers.o
 .text.pxPortInitialiseStack
                0x08006a0c       0x68 ./Middlewares/Third_Party/FreeRTOS/Source/portable/GCC/ARM_CM4F/port.o
                0x08006a0c                pxPortInitialiseStack
 .text.prvTaskExitError
                0x08006a74       0x5c ./Middlewares/Third_Party/FreeRTOS/Source/portable/GCC/ARM_CM4F/port.o
 .text.SVC_Handler
                0x08006ad0       0x28 ./Middlewares/Third_Party/FreeRTOS/Source/portable/GCC/ARM_CM4F/port.o
                0x08006ad0                SVC_Handler
 .text.prvPortStartFirstTask
                0x08006af8       0x28 ./Middlewares/Third_Party/FreeRTOS/Source/portable/GCC/ARM_CM4F/port.o
 .text.xPortStartScheduler
                0x08006b20      0x148 ./Middlewares/Third_Party/FreeRTOS/Source/portable/GCC/ARM_CM4F/port.o
                0x08006b20                xPortStartScheduler
 .text.vPortEnterCritical
                0x08006c68       0x64 ./Middlewares/Third_Party/FreeRTOS/Source/portable/GCC/ARM_CM4F/port.o
                0x08006c68                vPortEnterCritical
 .text.vPortExitCritical
                0x08006ccc       0x54 ./Middlewares/Third_Party/FreeRTOS/Source/portable/GCC/ARM_CM4F/port.o
                0x08006ccc                vPortExitCritical
 .text.PendSV_Handler
                0x08006d20       0x68 ./Middlewares/Third_Party/FreeRTOS/Source/portable/GCC/ARM_CM4F/port.o
                0x08006d20                PendSV_Handler
 .text.xPortSysTickHandler
                0x08006d88       0x44 ./Middlewares/Third_Party/FreeRTOS/Source/portable/GCC/ARM_CM4F/port.o
                0x08006d88                xPortSysTickHandler
 .text.vPortSetupTimerInterrupt
                0x08006dcc       0x48 ./Middlewares/Third_Party/FreeRTOS/Source/portable/GCC/ARM_CM4F/port.o
                0x08006dcc                vPortSetupTimerInterrupt
 .text.vPortEnableVFP
                0x08006e14       0x14 ./Middlewares/Third_Party/FreeRTOS/Source/portable/GCC/ARM_CM4F/port.o
 .text.vPortValidateInterruptPriority
                0x08006e28       0x84 ./Middlewares/Third_Party/FreeRTOS/Source/portable/GCC/ARM_CM4F/port.o
                0x08006e28                vPortValidateInterruptPriority
 .text.pvPortMalloc
                0x08006eac      0x19c ./Middlewares/Third_Party/FreeRTOS/Source/portable/MemMang/heap_4.o
                0x08006eac                pvPortMalloc
 .text.vPortFree
                0x08007048       0xc8 ./Middlewares/Third_Party/FreeRTOS/Source/portable/MemMang/heap_4.o
                0x08007048                vPortFree
 .text.prvHeapInit
                0x08007110       0xc4 ./Middlewares/Third_Party/FreeRTOS/Source/portable/MemMang/heap_4.o
 .text.prvInsertBlockIntoFreeList
                0x080071d4       0xb4 ./Middlewares/Third_Party/FreeRTOS/Source/portable/MemMang/heap_4.o
 .text.snprintf
                0x08007288       0x6c C:/ST/STM32CubeIDE_2.1.1/STM32CubeIDE/plugins/com.st.stm32cube.ide.mcu.externaltools.gnu-tools-for-stm32.14.3.rel1.win32_1.0.100.202602081740/tools/bin/../lib/gcc/arm-none-eabi/14.3.1/../../../../arm-none-eabi/lib/thumb/v7e-m+fp/hard\libc_nano.a(libc_a-snprintf.o)
                0x08007288                sniprintf
                0x08007288                snprintf
 .text.memset   0x080072f4       0x10 C:/ST/STM32CubeIDE_2.1.1/STM32CubeIDE/plugins/com.st.stm32cube.ide.mcu.externaltools.gnu-tools-for-stm32.14.3.rel1.win32_1.0.100.202602081740/tools/bin/../lib/gcc/arm-none-eabi/14.3.1/../../../../arm-none-eabi/lib/thumb/v7e-m+fp/hard\libc_nano.a(libc_a-memset.o)
                0x080072f4                memset
 .text.__errno  0x08007304        0xc C:/ST/STM32CubeIDE_2.1.1/STM32CubeIDE/plugins/com.st.stm32cube.ide.mcu.externaltools.gnu-tools-for-stm32.14.3.rel1.win32_1.0.100.202602081740/tools/bin/../lib/gcc/arm-none-eabi/14.3.1/../../../../arm-none-eabi/lib/thumb/v7e-m+fp/hard\libc_nano.a(libc_a-errno.o)
                0x08007304                __errno
 .text.__libc_init_array
                0x08007310       0x48 C:/ST/STM32CubeIDE_2.1.1/STM32CubeIDE/plugins/com.st.stm32cube.ide.mcu.externaltools.gnu-tools-for-stm32.14.3.rel1.win32_1.0.100.202602081740/tools/bin/../lib/gcc/arm-none-eabi/14.3.1/../../../../arm-none-eabi/lib/thumb/v7e-m+fp/hard\libc_nano.a(libc_a-init.o)
                0x08007310                __libc_init_array
 .text.__retarget_lock_acquire_recursive
                0x08007358        0x2 C:/ST/STM32CubeIDE_2.1.1/STM32CubeIDE/plugins/com.st.stm32cube.ide.mcu.externaltools.gnu-tools-for-stm32.14.3.rel1.win32_1.0.100.202602081740/tools/bin/../lib/gcc/arm-none-eabi/14.3.1/../../../../arm-none-eabi/lib/thumb/v7e-m+fp/hard\libc_nano.a(libc_a-lock.o)
                0x08007358                __retarget_lock_acquire_recursive
 .text.__retarget_lock_release_recursive
                0x0800735a        0x2 C:/ST/STM32CubeIDE_2.1.1/STM32CubeIDE/plugins/com.st.stm32cube.ide.mcu.externaltools.gnu-tools-for-stm32.14.3.rel1.win32_1.0.100.202602081740/tools/bin/../lib/gcc/arm-none-eabi/14.3.1/../../../../arm-none-eabi/lib/thumb/v7e-m+fp/hard\libc_nano.a(libc_a-lock.o)
                0x0800735a                __retarget_lock_release_recursive
 .text.memcpy   0x0800735c       0x1c C:/ST/STM32CubeIDE_2.1.1/STM32CubeIDE/plugins/com.st.stm32cube.ide.mcu.externaltools.gnu-tools-for-stm32.14.3.rel1.win32_1.0.100.202602081740/tools/bin/../lib/gcc/arm-none-eabi/14.3.1/../../../../arm-none-eabi/lib/thumb/v7e-m+fp/hard\libc_nano.a(libc_a-memcpy-stub.o)
                0x0800735c                memcpy
 .text._free_r  0x08007378       0x94 C:/ST/STM32CubeIDE_2.1.1/STM32CubeIDE/plugins/com.st.stm32cube.ide.mcu.externaltools.gnu-tools-for-stm32.14.3.rel1.win32_1.0.100.202602081740/tools/bin/../lib/gcc/arm-none-eabi/14.3.1/../../../../arm-none-eabi/lib/thumb/v7e-m+fp/hard\libc_nano.a(libc_a-freer.o)
                0x08007378                _free_r
 .text.sbrk_aligned
                0x0800740c       0x44 C:/ST/STM32CubeIDE_2.1.1/STM32CubeIDE/plugins/com.st.stm32cube.ide.mcu.externaltools.gnu-tools-for-stm32.14.3.rel1.win32_1.0.100.202602081740/tools/bin/../lib/gcc/arm-none-eabi/14.3.1/../../../../arm-none-eabi/lib/thumb/v7e-m+fp/hard\libc_nano.a(libc_a-mallocr.o)
 .text._malloc_r
                0x08007450      0x100 C:/ST/STM32CubeIDE_2.1.1/STM32CubeIDE/plugins/com.st.stm32cube.ide.mcu.externaltools.gnu-tools-for-stm32.14.3.rel1.win32_1.0.100.202602081740/tools/bin/../lib/gcc/arm-none-eabi/14.3.1/../../../../arm-none-eabi/lib/thumb/v7e-m+fp/hard\libc_nano.a(libc_a-mallocr.o)
                0x08007450                _malloc_r
 .text.__malloc_lock
                0x08007550        0xc C:/ST/STM32CubeIDE_2.1.1/STM32CubeIDE/plugins/com.st.stm32cube.ide.mcu.externaltools.gnu-tools-for-stm32.14.3.rel1.win32_1.0.100.202602081740/tools/bin/../lib/gcc/arm-none-eabi/14.3.1/../../../../arm-none-eabi/lib/thumb/v7e-m+fp/hard\libc_nano.a(libc_a-mlock.o)
                0x08007550                __malloc_lock
 .text.__malloc_unlock
                0x0800755c        0xc C:/ST/STM32CubeIDE_2.1.1/STM32CubeIDE/plugins/com.st.stm32cube.ide.mcu.externaltools.gnu-tools-for-stm32.14.3.rel1.win32_1.0.100.202602081740/tools/bin/../lib/gcc/arm-none-eabi/14.3.1/../../../../arm-none-eabi/lib/thumb/v7e-m+fp/hard\libc_nano.a(libc_a-mlock.o)
                0x0800755c                __malloc_unlock
 .text.__ssputs_r
                0x08007568       0xc0 C:/ST/STM32CubeIDE_2.1.1/STM32CubeIDE/plugins/com.st.stm32cube.ide.mcu.externaltools.gnu-tools-for-stm32.14.3.rel1.win32_1.0.100.202602081740/tools/bin/../lib/gcc/arm-none-eabi/14.3.1/../../../../arm-none-eabi/lib/thumb/v7e-m+fp/hard\libc_nano.a(libc_a-nano-svfprintf.o)
                0x08007568                __ssputs_r
 .text._svfprintf_r
                0x08007628      0x1f0 C:/ST/STM32CubeIDE_2.1.1/STM32CubeIDE/plugins/com.st.stm32cube.ide.mcu.externaltools.gnu-tools-for-stm32.14.3.rel1.win32_1.0.100.202602081740/tools/bin/../lib/gcc/arm-none-eabi/14.3.1/../../../../arm-none-eabi/lib/thumb/v7e-m+fp/hard\libc_nano.a(libc_a-nano-svfprintf.o)
                0x08007628                _svfiprintf_r
                0x08007628                _svfprintf_r
 .text._printf_common
                0x08007818       0xda C:/ST/STM32CubeIDE_2.1.1/STM32CubeIDE/plugins/com.st.stm32cube.ide.mcu.externaltools.gnu-tools-for-stm32.14.3.rel1.win32_1.0.100.202602081740/tools/bin/../lib/gcc/arm-none-eabi/14.3.1/../../../../arm-none-eabi/lib/thumb/v7e-m+fp/hard\libc_nano.a(libc_a-nano-vfprintf_i.o)
                0x08007818                _printf_common
 *fill*         0x080078f2        0x2 
 .text._printf_i
                0x080078f4      0x24c C:/ST/STM32CubeIDE_2.1.1/STM32CubeIDE/plugins/com.st.stm32cube.ide.mcu.externaltools.gnu-tools-for-stm32.14.3.rel1.win32_1.0.100.202602081740/tools/bin/../lib/gcc/arm-none-eabi/14.3.1/../../../../arm-none-eabi/lib/thumb/v7e-m+fp/hard\libc_nano.a(libc_a-nano-vfprintf_i.o)
                0x080078f4                _printf_i
 .text.memmove  0x08007b40       0x32 C:/ST/STM32CubeIDE_2.1.1/STM32CubeIDE/plugins/com.st.stm32cube.ide.mcu.externaltools.gnu-tools-for-stm32.14.3.rel1.win32_1.0.100.202602081740/tools/bin/../lib/gcc/arm-none-eabi/14.3.1/../../../../arm-none-eabi/lib/thumb/v7e-m+fp/hard\libc_nano.a(libc_a-memmove.o)
                0x08007b40                memmove
 *fill*         0x08007b72        0x2 
 .text._sbrk_r  0x08007b74       0x20 C:/ST/STM32CubeIDE_2.1.1/STM32CubeIDE/plugins/com.st.stm32cube.ide.mcu.externaltools.gnu-tools-for-stm32.14.3.rel1.win32_1.0.100.202602081740/tools/bin/../lib/gcc/arm-none-eabi/14.3.1/../../../../arm-none-eabi/lib/thumb/v7e-m+fp/hard\libc_nano.a(libc_a-sbrkr.o)
                0x08007b74                _sbrk_r
 .text._realloc_r
                0x08007b94       0x5c C:/ST/STM32CubeIDE_2.1.1/STM32CubeIDE/plugins/com.st.stm32cube.ide.mcu.externaltools.gnu-tools-for-stm32.14.3.rel1.win32_1.0.100.202602081740/tools/bin/../lib/gcc/arm-none-eabi/14.3.1/../../../../arm-none-eabi/lib/thumb/v7e-m+fp/hard\libc_nano.a(libc_a-reallocr.o)
                0x08007b94                _realloc_r
 .text._malloc_usable_size_r
                0x08007bf0       0x10 C:/ST/STM32CubeIDE_2.1.1/STM32CubeIDE/plugins/com.st.stm32cube.ide.mcu.externaltools.gnu-tools-for-stm32.14.3.rel1.win32_1.0.100.202602081740/tools/bin/../lib/gcc/arm-none-eabi/14.3.1/../../../../arm-none-eabi/lib/thumb/v7e-m+fp/hard\libc_nano.a(libc_a-msizer.o)
                0x08007bf0                _malloc_usable_size_r
 *(.glue_7)
 .glue_7        0x08007c00        0x0 linker stubs
 *(.glue_7t)
 .glue_7t       0x08007c00        0x0 linker stubs
 *(.eh_frame)
 .eh_frame      0x08007c00        0x0 C:/ST/STM32CubeIDE_2.1.1/STM32CubeIDE/plugins/com.st.stm32cube.ide.mcu.externaltools.gnu-tools-for-stm32.14.3.rel1.win32_1.0.100.202602081740/tools/bin/../lib/gcc/arm-none-eabi/14.3.1/thumb/v7e-m+fp/hard/crtbegin.o
 *(.init)
 .init          0x08007c00        0x4 C:/ST/STM32CubeIDE_2.1.1/STM32CubeIDE/plugins/com.st.stm32cube.ide.mcu.externaltools.gnu-tools-for-stm32.14.3.rel1.win32_1.0.100.202602081740/tools/bin/../lib/gcc/arm-none-eabi/14.3.1/thumb/v7e-m+fp/hard/crti.o
                0x08007c00                _init
 .init          0x08007c04        0x8 C:/ST/STM32CubeIDE_2.1.1/STM32CubeIDE/plugins/com.st.stm32cube.ide.mcu.externaltools.gnu-tools-for-stm32.14.3.rel1.win32_1.0.100.202602081740/tools/bin/../lib/gcc/arm-none-eabi/14.3.1/thumb/v7e-m+fp/hard/crtn.o
 *(.fini)
 .fini          0x08007c0c        0x4 C:/ST/STM32CubeIDE_2.1.1/STM32CubeIDE/plugins/com.st.stm32cube.ide.mcu.externaltools.gnu-tools-for-stm32.14.3.rel1.win32_1.0.100.202602081740/tools/bin/../lib/gcc/arm-none-eabi/14.3.1/thumb/v7e-m+fp/hard/crti.o
                0x08007c0c                _fini
 .fini          0x08007c10        0x8 C:/ST/STM32CubeIDE_2.1.1/STM32CubeIDE/plugins/com.st.stm32cube.ide.mcu.externaltools.gnu-tools-for-stm32.14.3.rel1.win32_1.0.100.202602081740/tools/bin/../lib/gcc/arm-none-eabi/14.3.1/thumb/v7e-m+fp/hard/crtn.o
                0x08007c18                        . = ALIGN (0x4)
                0x08007c18                        _etext = .

.vfp11_veneer   0x08007c18        0x0
 .vfp11_veneer  0x08007c18        0x0 linker stubs

.v4_bx          0x08007c18        0x0
 .v4_bx         0x08007c18        0x0 linker stubs

.iplt           0x08007c18        0x0
 .iplt          0x08007c18        0x0 C:/ST/STM32CubeIDE_2.1.1/STM32CubeIDE/plugins/com.st.stm32cube.ide.mcu.externaltools.gnu-tools-for-stm32.14.3.rel1.win32_1.0.100.202602081740/tools/bin/../lib/gcc/arm-none-eabi/14.3.1/thumb/v7e-m+fp/hard/crtbegin.o

.rodata         0x08007c18      0x22c
                0x08007c18                        . = ALIGN (0x4)
 *(.rodata)
 .rodata        0x08007c18       0x3a ./Core/Src/can.o
 *fill*         0x08007c52        0x2 
 .rodata        0x08007c54        0x7 ./Core/Src/detect.o
 *fill*         0x08007c5b        0x1 
 .rodata        0x08007c5c        0xc ./Core/Src/main.o
 .rodata        0x08007c68       0x35 ./Core/Src/module_a.o
 *fill*         0x08007c9d        0x3 
 .rodata        0x08007ca0        0xb ./Core/Src/module_manager.o
 *fill*         0x08007cab        0x1 
 .rodata        0x08007cac      0x10e ./Core/Src/uart_task.o
 *fill*         0x08007dba        0x2 
 .rodata        0x08007dbc        0x5 ./Middlewares/Third_Party/FreeRTOS/Source/tasks.o
 *fill*         0x08007dc1        0x3 
 .rodata        0x08007dc4        0xd ./Middlewares/Third_Party/FreeRTOS/Source/timers.o
 *(.rodata*)
 *fill*         0x08007dd1        0x3 
 .rodata.defaultTask_attributes
                0x08007dd4       0x24 ./Core/Src/main.o
                0x08007dd4                defaultTask_attributes
 .rodata.AHBPrescTable
                0x08007df8       0x10 ./Core/Src/system_stm32f4xx.o
                0x08007df8                AHBPrescTable
 .rodata.APBPrescTable
                0x08007e08        0x8 ./Core/Src/system_stm32f4xx.o
                0x08007e08                APBPrescTable
 .rodata._svfprintf_r.str1.1
                0x08007e10       0x33 C:/ST/STM32CubeIDE_2.1.1/STM32CubeIDE/plugins/com.st.stm32cube.ide.mcu.externaltools.gnu-tools-for-stm32.14.3.rel1.win32_1.0.100.202602081740/tools/bin/../lib/gcc/arm-none-eabi/14.3.1/../../../../arm-none-eabi/lib/thumb/v7e-m+fp/hard\libc_nano.a(libc_a-nano-svfprintf.o)
                                 0x11 (size before relaxing)
 .rodata._printf_i.str1.1
                0x08007e43       0x22 C:/ST/STM32CubeIDE_2.1.1/STM32CubeIDE/plugins/com.st.stm32cube.ide.mcu.externaltools.gnu-tools-for-stm32.14.3.rel1.win32_1.0.100.202602081740/tools/bin/../lib/gcc/arm-none-eabi/14.3.1/../../../../arm-none-eabi/lib/thumb/v7e-m+fp/hard\libc_nano.a(libc_a-nano-vfprintf_i.o)
                0x08007e68                        . = ALIGN (0x4)
 *fill*         0x08007e43        0x1 

.ARM.extab      0x08007e44        0x0
                0x08007e44                        . = ALIGN (0x4)
 *(.ARM.extab* .gnu.linkonce.armextab.*)
                0x08007e44                        . = ALIGN (0x4)

.ARM            0x08007e44        0x8
                0x08007e44                        . = ALIGN (0x4)
                0x08007e44                        __exidx_start = .
 *(.ARM.exidx*)
 .ARM.exidx     0x08007e44        0x8 C:/ST/STM32CubeIDE_2.1.1/STM32CubeIDE/plugins/com.st.stm32cube.ide.mcu.externaltools.gnu-tools-for-stm32.14.3.rel1.win32_1.0.100.202602081740/tools/bin/../lib/gcc/arm-none-eabi/14.3.1/../../../../arm-none-eabi/lib/thumb/v7e-m+fp/hard\libc_nano.a(libc_a-memchr.o)
 .ARM.exidx     0x08007e4c        0x0 C:/ST/STM32CubeIDE_2.1.1/STM32CubeIDE/plugins/com.st.stm32cube.ide.mcu.externaltools.gnu-tools-for-stm32.14.3.rel1.win32_1.0.100.202602081740/tools/bin/../lib/gcc/arm-none-eabi/14.3.1/thumb/v7e-m+fp/hard\libgcc.a(_udivmoddi4.o)
                                  0x8 (size before relaxing)
                0x08007e4c                        __exidx_end = .
                0x08007e4c                        . = ALIGN (0x4)

.preinit_array  0x08007e4c        0x0
                0x08007e4c                        . = ALIGN (0x4)
                0x08007e4c                        PROVIDE (__preinit_array_start = .)
 *(.preinit_array*)
                0x08007e4c                        PROVIDE (__preinit_array_end = .)
                0x08007e4c                        . = ALIGN (0x4)

.init_array     0x08007e4c        0x4
                0x08007e4c                        . = ALIGN (0x4)
                0x08007e4c                        PROVIDE (__init_array_start = .)
 *(SORT_BY_NAME(.init_array.*))
 *(.init_array*)
 .init_array    0x08007e4c        0x4 C:/ST/STM32CubeIDE_2.1.1/STM32CubeIDE/plugins/com.st.stm32cube.ide.mcu.externaltools.gnu-tools-for-stm32.14.3.rel1.win32_1.0.100.202602081740/tools/bin/../lib/gcc/arm-none-eabi/14.3.1/thumb/v7e-m+fp/hard/crtbegin.o
                0x08007e50                        PROVIDE (__init_array_end = .)
                0x08007e50                        . = ALIGN (0x4)

.fini_array     0x08007e50        0x4
                0x08007e50                        . = ALIGN (0x4)
                [!provide]                        PROVIDE (__fini_array_start = .)
 *(SORT_BY_NAME(.fini_array.*))
 *(.fini_array*)
 .fini_array    0x08007e50        0x4 C:/ST/STM32CubeIDE_2.1.1/STM32CubeIDE/plugins/com.st.stm32cube.ide.mcu.externaltools.gnu-tools-for-stm32.14.3.rel1.win32_1.0.100.202602081740/tools/bin/../lib/gcc/arm-none-eabi/14.3.1/thumb/v7e-m+fp/hard/crtbegin.o
                [!provide]                        PROVIDE (__fini_array_end = .)
                0x08007e54                        . = ALIGN (0x4)
                0x08007e54                        _sidata = LOADADDR (.data)

.rel.dyn        0x08007e54        0x0
 .rel.iplt      0x08007e54        0x0 C:/ST/STM32CubeIDE_2.1.1/STM32CubeIDE/plugins/com.st.stm32cube.ide.mcu.externaltools.gnu-tools-for-stm32.14.3.rel1.win32_1.0.100.202602081740/tools/bin/../lib/gcc/arm-none-eabi/14.3.1/thumb/v7e-m+fp/hard/crtbegin.o

.data           0x20000000       0x60 load address 0x08007e54
                0x20000000                        . = ALIGN (0x4)
                0x20000000                        _sdata = .
 *(.data)
 *(.data*)
 .data.SystemCoreClock
                0x20000000        0x4 ./Core/Src/system_stm32f4xx.o
                0x20000000                SystemCoreClock
 .data.uwTickPrio
                0x20000004        0x4 ./Drivers/STM32F4xx_HAL_Driver/Src/stm32f4xx_hal.o
                0x20000004                uwTickPrio
 .data.uwTickFreq
                0x20000008        0x1 ./Drivers/STM32F4xx_HAL_Driver/Src/stm32f4xx_hal.o
                0x20000008                uwTickFreq
 *fill*         0x20000009        0x3 
 .data.uxCriticalNesting
                0x2000000c        0x4 ./Middlewares/Third_Party/FreeRTOS/Source/portable/GCC/ARM_CM4F/port.o
 .data._impure_ptr
                0x20000010        0x4 C:/ST/STM32CubeIDE_2.1.1/STM32CubeIDE/plugins/com.st.stm32cube.ide.mcu.externaltools.gnu-tools-for-stm32.14.3.rel1.win32_1.0.100.202602081740/tools/bin/../lib/gcc/arm-none-eabi/14.3.1/../../../../arm-none-eabi/lib/thumb/v7e-m+fp/hard\libc_nano.a(libc_a-impure.o)
                0x20000010                _impure_ptr
 .data._impure_data
                0x20000014       0x4c C:/ST/STM32CubeIDE_2.1.1/STM32CubeIDE/plugins/com.st.stm32cube.ide.mcu.externaltools.gnu-tools-for-stm32.14.3.rel1.win32_1.0.100.202602081740/tools/bin/../lib/gcc/arm-none-eabi/14.3.1/../../../../arm-none-eabi/lib/thumb/v7e-m+fp/hard\libc_nano.a(libc_a-impure.o)
                0x20000014                _impure_data
 *(.RamFunc)
 *(.RamFunc*)
                0x20000060                        . = ALIGN (0x4)
                0x20000060                        _edata = .
                0x08007eb4                        _siccmram = LOADADDR (.ccmram)

.igot.plt       0x20000060        0x0 load address 0x08007eb4
 .igot.plt      0x20000060        0x0 C:/ST/STM32CubeIDE_2.1.1/STM32CubeIDE/plugins/com.st.stm32cube.ide.mcu.externaltools.gnu-tools-for-stm32.14.3.rel1.win32_1.0.100.202602081740/tools/bin/../lib/gcc/arm-none-eabi/14.3.1/thumb/v7e-m+fp/hard/crtbegin.o

.ccmram         0x10000000        0x0 load address 0x08007eb4
                0x10000000                        . = ALIGN (0x4)
                0x10000000                        _sccmram = .
 *(.ccmram)
 *(.ccmram*)
                0x10000000                        . = ALIGN (0x4)
                0x10000000                        _eccmram = .
                0x10000000                        . = ALIGN (0x4)

.bss            0x20000060     0x4dd4
                0x20000060                        _sbss = .
                0x20000060                        __bss_start__ = _sbss
 *(.bss)
 .bss           0x20000060       0x1c C:/ST/STM32CubeIDE_2.1.1/STM32CubeIDE/plugins/com.st.stm32cube.ide.mcu.externaltools.gnu-tools-for-stm32.14.3.rel1.win32_1.0.100.202602081740/tools/bin/../lib/gcc/arm-none-eabi/14.3.1/thumb/v7e-m+fp/hard/crtbegin.o
 *(.bss*)
 .bss.can_rx_queue
                0x2000007c        0x4 ./Core/Src/can.o
 .bss.can_tx_queue
                0x20000080        0x4 ./Core/Src/can.o
 .bss.callback_table
                0x20000084       0x40 ./Core/Src/can.o
 .bss.rx_drop_count
                0x200000c4        0x4 ./Core/Src/can.o
 .bss.detect_task_handle
                0x200000c8        0x4 ./Core/Src/detect.o
 .bss.detect_active_state
                0x200000cc        0x1 ./Core/Src/detect.o
 *fill*         0x200000cd        0x3 
 .bss.TxConfig  0x200000d0       0x38 ./Core/Src/main.o
                0x200000d0                TxConfig
 .bss.DMARxDscrTab
                0x20000108       0xa0 ./Core/Src/main.o
                0x20000108                DMARxDscrTab
 .bss.DMATxDscrTab
                0x200001a8       0xa0 ./Core/Src/main.o
                0x200001a8                DMATxDscrTab
 .bss.heth      0x20000248       0xb0 ./Core/Src/main.o
                0x20000248                heth
 .bss.huart3    0x200002f8       0x48 ./Core/Src/main.o
                0x200002f8                huart3
 .bss.defaultTaskHandle
                0x20000340        0x4 ./Core/Src/main.o
                0x20000340                defaultTaskHandle
 .bss.MACAddr.0
                0x20000344        0x6 ./Core/Src/main.o
 .bss.auth_state
                0x2000034a        0x1 ./Core/Src/module_manager.o
 .bss.module_type
                0x2000034b        0x1 ./Core/Src/module_manager.o
 .bss.module_id
                0x2000034c        0x4 ./Core/Src/module_manager.o
 .bss.link_accepted
                0x20000350        0x1 ./Core/Src/module_manager.o
 *fill*         0x20000351        0x3 
 .bss.auth_start_tick
                0x20000354        0x4 ./Core/Src/module_manager.o
 .bss.motor_running
                0x20000358        0x1 ./Core/Src/motor.o
 .bss.motor_speed_level
                0x20000359        0x1 ./Core/Src/motor.o
 *fill*         0x2000035a        0x2 
 .bss.target_rpm
                0x2000035c        0x4 ./Core/Src/motor.o
 .bss.current_rpm
                0x20000360        0x4 ./Core/Src/motor.o
 .bss.motor_duty
                0x20000364        0x4 ./Core/Src/motor.o
 .bss.prev_encoder_cnt
                0x20000368        0x2 ./Core/Src/motor.o
 *fill*         0x2000036a        0x2 
 .bss.pi_prev_error
                0x2000036c        0x4 ./Core/Src/motor.o
 .bss.pi_prev_duty
                0x20000370        0x4 ./Core/Src/motor.o
 .bss.__sbrk_heap_end
                0x20000374        0x4 ./Core/Src/sysmem.o
 .bss.g_system_data
                0x20000378       0x20 ./Core/Src/system_data.o
                0x20000378                g_system_data
 .bss.uwTick    0x20000398        0x4 ./Drivers/STM32F4xx_HAL_Driver/Src/stm32f4xx_hal.o
                0x20000398                uwTick
 .bss.KernelState
                0x2000039c        0x4 ./Middlewares/Third_Party/FreeRTOS/Source/CMSIS_RTOS_V2/cmsis_os2.o
 .bss.Idle_TCB.3
                0x200003a0       0x5c ./Middlewares/Third_Party/FreeRTOS/Source/CMSIS_RTOS_V2/cmsis_os2.o
 .bss.Idle_Stack.2
                0x200003fc      0x200 ./Middlewares/Third_Party/FreeRTOS/Source/CMSIS_RTOS_V2/cmsis_os2.o
 .bss.Timer_TCB.1
                0x200005fc       0x5c ./Middlewares/Third_Party/FreeRTOS/Source/CMSIS_RTOS_V2/cmsis_os2.o
 .bss.Timer_Stack.0
                0x20000658      0x400 ./Middlewares/Third_Party/FreeRTOS/Source/CMSIS_RTOS_V2/cmsis_os2.o
 .bss.xQueueRegistry
                0x20000a58       0x40 ./Middlewares/Third_Party/FreeRTOS/Source/queue.o
                0x20000a58                xQueueRegistry
 .bss.pxCurrentTCB
                0x20000a98        0x4 ./Middlewares/Third_Party/FreeRTOS/Source/tasks.o
                0x20000a98                pxCurrentTCB
 .bss.pxReadyTasksLists
                0x20000a9c      0x460 ./Middlewares/Third_Party/FreeRTOS/Source/tasks.o
 .bss.xDelayedTaskList1
                0x20000efc       0x14 ./Middlewares/Third_Party/FreeRTOS/Source/tasks.o
 .bss.xDelayedTaskList2
                0x20000f10       0x14 ./Middlewares/Third_Party/FreeRTOS/Source/tasks.o
 .bss.pxDelayedTaskList
                0x20000f24        0x4 ./Middlewares/Third_Party/FreeRTOS/Source/tasks.o
 .bss.pxOverflowDelayedTaskList
                0x20000f28        0x4 ./Middlewares/Third_Party/FreeRTOS/Source/tasks.o
 .bss.xPendingReadyList
                0x20000f2c       0x14 ./Middlewares/Third_Party/FreeRTOS/Source/tasks.o
 .bss.xTasksWaitingTermination
                0x20000f40       0x14 ./Middlewares/Third_Party/FreeRTOS/Source/tasks.o
 .bss.uxDeletedTasksWaitingCleanUp
                0x20000f54        0x4 ./Middlewares/Third_Party/FreeRTOS/Source/tasks.o
 .bss.xSuspendedTaskList
                0x20000f58       0x14 ./Middlewares/Third_Party/FreeRTOS/Source/tasks.o
 .bss.uxCurrentNumberOfTasks
                0x20000f6c        0x4 ./Middlewares/Third_Party/FreeRTOS/Source/tasks.o
 .bss.xTickCount
                0x20000f70        0x4 ./Middlewares/Third_Party/FreeRTOS/Source/tasks.o
 .bss.uxTopReadyPriority
                0x20000f74        0x4 ./Middlewares/Third_Party/FreeRTOS/Source/tasks.o
 .bss.xSchedulerRunning
                0x20000f78        0x4 ./Middlewares/Third_Party/FreeRTOS/Source/tasks.o
 .bss.xPendedTicks
                0x20000f7c        0x4 ./Middlewares/Third_Party/FreeRTOS/Source/tasks.o
 .bss.xYieldPending
                0x20000f80        0x4 ./Middlewares/Third_Party/FreeRTOS/Source/tasks.o
 .bss.xNumOfOverflows
                0x20000f84        0x4 ./Middlewares/Third_Party/FreeRTOS/Source/tasks.o
 .bss.uxTaskNumber
                0x20000f88        0x4 ./Middlewares/Third_Party/FreeRTOS/Source/tasks.o
 .bss.xNextTaskUnblockTime
                0x20000f8c        0x4 ./Middlewares/Third_Party/FreeRTOS/Source/tasks.o
 .bss.xIdleTaskHandle
                0x20000f90        0x4 ./Middlewares/Third_Party/FreeRTOS/Source/tasks.o
 .bss.uxSchedulerSuspended
                0x20000f94        0x4 ./Middlewares/Third_Party/FreeRTOS/Source/tasks.o
 .bss.xActiveTimerList1
                0x20000f98       0x14 ./Middlewares/Third_Party/FreeRTOS/Source/timers.o
 .bss.xActiveTimerList2
                0x20000fac       0x14 ./Middlewares/Third_Party/FreeRTOS/Source/timers.o
 .bss.pxCurrentTimerList
                0x20000fc0        0x4 ./Middlewares/Third_Party/FreeRTOS/Source/timers.o
 .bss.pxOverflowTimerList
                0x20000fc4        0x4 ./Middlewares/Third_Party/FreeRTOS/Source/timers.o
 .bss.xTimerQueue
                0x20000fc8        0x4 ./Middlewares/Third_Party/FreeRTOS/Source/timers.o
 .bss.xTimerTaskHandle
                0x20000fcc        0x4 ./Middlewares/Third_Party/FreeRTOS/Source/timers.o
 .bss.xLastTime.2
                0x20000fd0        0x4 ./Middlewares/Third_Party/FreeRTOS/Source/timers.o
 .bss.ucStaticTimerQueueStorage.1
                0x20000fd4       0xa0 ./Middlewares/Third_Party/FreeRTOS/Source/timers.o
 .bss.xStaticTimerQueue.0
                0x20001074       0x50 ./Middlewares/Third_Party/FreeRTOS/Source/timers.o
 .bss.ucMaxSysCallPriority
                0x200010c4        0x1 ./Middlewares/Third_Party/FreeRTOS/Source/portable/GCC/ARM_CM4F/port.o
 *fill*         0x200010c5        0x3 
 .bss.ulMaxPRIGROUPValue
                0x200010c8        0x4 ./Middlewares/Third_Party/FreeRTOS/Source/portable/GCC/ARM_CM4F/port.o
 .bss.ucHeap    0x200010cc     0x3c00 ./Middlewares/Third_Party/FreeRTOS/Source/portable/MemMang/heap_4.o
 .bss.xStart    0x20004ccc        0x8 ./Middlewares/Third_Party/FreeRTOS/Source/portable/MemMang/heap_4.o
 .bss.pxEnd     0x20004cd4        0x4 ./Middlewares/Third_Party/FreeRTOS/Source/portable/MemMang/heap_4.o
 .bss.xFreeBytesRemaining
                0x20004cd8        0x4 ./Middlewares/Third_Party/FreeRTOS/Source/portable/MemMang/heap_4.o
 .bss.xMinimumEverFreeBytesRemaining
                0x20004cdc        0x4 ./Middlewares/Third_Party/FreeRTOS/Source/portable/MemMang/heap_4.o
 .bss.xNumberOfSuccessfulAllocations
                0x20004ce0        0x4 ./Middlewares/Third_Party/FreeRTOS/Source/portable/MemMang/heap_4.o
 .bss.xNumberOfSuccessfulFrees
                0x20004ce4        0x4 ./Middlewares/Third_Party/FreeRTOS/Source/portable/MemMang/heap_4.o
 .bss.xBlockAllocatedBit
                0x20004ce8        0x4 ./Middlewares/Third_Party/FreeRTOS/Source/portable/MemMang/heap_4.o
 .bss.__sf      0x20004cec      0x138 C:/ST/STM32CubeIDE_2.1.1/STM32CubeIDE/plugins/com.st.stm32cube.ide.mcu.externaltools.gnu-tools-for-stm32.14.3.rel1.win32_1.0.100.202602081740/tools/bin/../lib/gcc/arm-none-eabi/14.3.1/../../../../arm-none-eabi/lib/thumb/v7e-m+fp/hard\libc_nano.a(libc_a-findfp.o)
                0x20004cec                __sf
 .bss.errno     0x20004e24        0x4 C:/ST/STM32CubeIDE_2.1.1/STM32CubeIDE/plugins/com.st.stm32cube.ide.mcu.externaltools.gnu-tools-for-stm32.14.3.rel1.win32_1.0.100.202602081740/tools/bin/../lib/gcc/arm-none-eabi/14.3.1/../../../../arm-none-eabi/lib/thumb/v7e-m+fp/hard\libc_nano.a(libc_a-reent.o)
                0x20004e24                errno
 .bss.__lock___malloc_recursive_mutex
                0x20004e28        0x1 C:/ST/STM32CubeIDE_2.1.1/STM32CubeIDE/plugins/com.st.stm32cube.ide.mcu.externaltools.gnu-tools-for-stm32.14.3.rel1.win32_1.0.100.202602081740/tools/bin/../lib/gcc/arm-none-eabi/14.3.1/../../../../arm-none-eabi/lib/thumb/v7e-m+fp/hard\libc_nano.a(libc_a-lock.o)
                0x20004e28                __lock___malloc_recursive_mutex
 *fill*         0x20004e29        0x3 
 .bss.__malloc_sbrk_start
                0x20004e2c        0x4 C:/ST/STM32CubeIDE_2.1.1/STM32CubeIDE/plugins/com.st.stm32cube.ide.mcu.externaltools.gnu-tools-for-stm32.14.3.rel1.win32_1.0.100.202602081740/tools/bin/../lib/gcc/arm-none-eabi/14.3.1/../../../../arm-none-eabi/lib/thumb/v7e-m+fp/hard\libc_nano.a(libc_a-mallocr.o)
                0x20004e2c                __malloc_sbrk_start
 .bss.__malloc_free_list
                0x20004e30        0x4 C:/ST/STM32CubeIDE_2.1.1/STM32CubeIDE/plugins/com.st.stm32cube.ide.mcu.externaltools.gnu-tools-for-stm32.14.3.rel1.win32_1.0.100.202602081740/tools/bin/../lib/gcc/arm-none-eabi/14.3.1/../../../../arm-none-eabi/lib/thumb/v7e-m+fp/hard\libc_nano.a(libc_a-mallocr.o)
                0x20004e30                __malloc_free_list
 *(COMMON)
                0x20004e34                        . = ALIGN (0x4)
                0x20004e34                        _ebss = .
                0x20004e34                        __bss_end__ = _ebss

._user_heap_stack
                0x20004e34      0x604
                0x20004e38                        . = ALIGN (0x8)
 *fill*         0x20004e34        0x4 
                [!provide]                        PROVIDE (end = .)
                0x20004e38                        PROVIDE (_end = .)
                0x20005038                        . = (. + _Min_Heap_Size)
 *fill*         0x20004e38      0x200 
                0x20005438                        . = (. + _Min_Stack_Size)
 *fill*         0x20005038      0x400 
                0x20005438                        . = ALIGN (0x8)

/DISCARD/
 libc.a(*)
 libm.a(*)
 libgcc.a(*)

.ARM.attributes
                0x00000000       0x30
 *(.ARM.attributes)
 .ARM.attributes
                0x00000000       0x22 C:/ST/STM32CubeIDE_2.1.1/STM32CubeIDE/plugins/com.st.stm32cube.ide.mcu.externaltools.gnu-tools-for-stm32.14.3.rel1.win32_1.0.100.202602081740/tools/bin/../lib/gcc/arm-none-eabi/14.3.1/thumb/v7e-m+fp/hard/crti.o
 .ARM.attributes
                0x00000022       0x34 C:/ST/STM32CubeIDE_2.1.1/STM32CubeIDE/plugins/com.st.stm32cube.ide.mcu.externaltools.gnu-tools-for-stm32.14.3.rel1.win32_1.0.100.202602081740/tools/bin/../lib/gcc/arm-none-eabi/14.3.1/thumb/v7e-m+fp/hard/crtbegin.o
 .ARM.attributes
                0x00000056       0x34 ./Core/Src/can.o
 .ARM.attributes
                0x0000008a       0x34 ./Core/Src/detect.o
 .ARM.attributes
                0x000000be       0x34 ./Core/Src/main.o
 .ARM.attributes
                0x000000f2       0x34 ./Core/Src/module_a.o
 .ARM.attributes
                0x00000126       0x34 ./Core/Src/module_b.o
 .ARM.attributes
                0x0000015a       0x34 ./Core/Src/module_manager.o
 .ARM.attributes
                0x0000018e       0x34 ./Core/Src/motor.o
 .ARM.attributes
                0x000001c2       0x34 ./Core/Src/stm32f4xx_hal_msp.o
 .ARM.attributes
                0x000001f6       0x34 ./Core/Src/stm32f4xx_it.o
 .ARM.attributes
                0x0000022a       0x34 ./Core/Src/sysmem.o
 .ARM.attributes
                0x0000025e       0x34 ./Core/Src/system_data.o
 .ARM.attributes
                0x00000292       0x34 ./Core/Src/system_stm32f4xx.o
 .ARM.attributes
                0x000002c6       0x34 ./Core/Src/uart_task.o
 .ARM.attributes
                0x000002fa       0x21 ./Core/Startup/startup_stm32f429zitx.o
 .ARM.attributes
                0x0000031b       0x34 ./Drivers/STM32F4xx_HAL_Driver/Src/stm32f4xx_hal.o
 .ARM.attributes
                0x0000034f       0x34 ./Drivers/STM32F4xx_HAL_Driver/Src/stm32f4xx_hal_cortex.o
 .ARM.attributes
                0x00000383       0x34 ./Drivers/STM32F4xx_HAL_Driver/Src/stm32f4xx_hal_eth.o
 .ARM.attributes
                0x000003b7       0x34 ./Drivers/STM32F4xx_HAL_Driver/Src/stm32f4xx_hal_gpio.o
 .ARM.attributes
                0x000003eb       0x34 ./Drivers/STM32F4xx_HAL_Driver/Src/stm32f4xx_hal_rcc.o
 .ARM.attributes
                0x0000041f       0x34 ./Drivers/STM32F4xx_HAL_Driver/Src/stm32f4xx_hal_uart.o
 .ARM.attributes
                0x00000453       0x34 ./Middlewares/Third_Party/FreeRTOS/Source/CMSIS_RTOS_V2/cmsis_os2.o
 .ARM.attributes
                0x00000487       0x34 ./Middlewares/Third_Party/FreeRTOS/Source/list.o
 .ARM.attributes
                0x000004bb       0x34 ./Middlewares/Third_Party/FreeRTOS/Source/queue.o
 .ARM.attributes
                0x000004ef       0x34 ./Middlewares/Third_Party/FreeRTOS/Source/tasks.o
 .ARM.attributes
                0x00000523       0x34 ./Middlewares/Third_Party/FreeRTOS/Source/timers.o
 .ARM.attributes
                0x00000557       0x34 ./Middlewares/Third_Party/FreeRTOS/Source/portable/GCC/ARM_CM4F/port.o
 .ARM.attributes
                0x0000058b       0x34 ./Middlewares/Third_Party/FreeRTOS/Source/portable/MemMang/heap_4.o
 .ARM.attributes
                0x000005bf       0x34 C:/ST/STM32CubeIDE_2.1.1/STM32CubeIDE/plugins/com.st.stm32cube.ide.mcu.externaltools.gnu-tools-for-stm32.14.3.rel1.win32_1.0.100.202602081740/tools/bin/../lib/gcc/arm-none-eabi/14.3.1/../../../../arm-none-eabi/lib/thumb/v7e-m+fp/hard\libc_nano.a(libc_a-findfp.o)
 .ARM.attributes
                0x000005f3       0x34 C:/ST/STM32CubeIDE_2.1.1/STM32CubeIDE/plugins/com.st.stm32cube.ide.mcu.externaltools.gnu-tools-for-stm32.14.3.rel1.win32_1.0.100.202602081740/tools/bin/../lib/gcc/arm-none-eabi/14.3.1/../../../../arm-none-eabi/lib/thumb/v7e-m+fp/hard\libc_nano.a(libc_a-snprintf.o)
 .ARM.attributes
                0x00000627       0x34 C:/ST/STM32CubeIDE_2.1.1/STM32CubeIDE/plugins/com.st.stm32cube.ide.mcu.externaltools.gnu-tools-for-stm32.14.3.rel1.win32_1.0.100.202602081740/tools/bin/../lib/gcc/arm-none-eabi/14.3.1/../../../../arm-none-eabi/lib/thumb/v7e-m+fp/hard\libc_nano.a(libc_a-memset.o)
 .ARM.attributes
                0x0000065b       0x34 C:/ST/STM32CubeIDE_2.1.1/STM32CubeIDE/plugins/com.st.stm32cube.ide.mcu.externaltools.gnu-tools-for-stm32.14.3.rel1.win32_1.0.100.202602081740/tools/bin/../lib/gcc/arm-none-eabi/14.3.1/../../../../arm-none-eabi/lib/thumb/v7e-m+fp/hard\libc_nano.a(libc_a-reent.o)
 .ARM.attributes
                0x0000068f       0x34 C:/ST/STM32CubeIDE_2.1.1/STM32CubeIDE/plugins/com.st.stm32cube.ide.mcu.externaltools.gnu-tools-for-stm32.14.3.rel1.win32_1.0.100.202602081740/tools/bin/../lib/gcc/arm-none-eabi/14.3.1/../../../../arm-none-eabi/lib/thumb/v7e-m+fp/hard\libc_nano.a(libc_a-impure.o)
 .ARM.attributes
                0x000006c3       0x34 C:/ST/STM32CubeIDE_2.1.1/STM32CubeIDE/plugins/com.st.stm32cube.ide.mcu.externaltools.gnu-tools-for-stm32.14.3.rel1.win32_1.0.100.202602081740/tools/bin/../lib/gcc/arm-none-eabi/14.3.1/../../../../arm-none-eabi/lib/thumb/v7e-m+fp/hard\libc_nano.a(libc_a-errno.o)
 .ARM.attributes
                0x000006f7       0x34 C:/ST/STM32CubeIDE_2.1.1/STM32CubeIDE/plugins/com.st.stm32cube.ide.mcu.externaltools.gnu-tools-for-stm32.14.3.rel1.win32_1.0.100.202602081740/tools/bin/../lib/gcc/arm-none-eabi/14.3.1/../../../../arm-none-eabi/lib/thumb/v7e-m+fp/hard\libc_nano.a(libc_a-init.o)
 .ARM.attributes
                0x0000072b       0x34 C:/ST/STM32CubeIDE_2.1.1/STM32CubeIDE/plugins/com.st.stm32cube.ide.mcu.externaltools.gnu-tools-for-stm32.14.3.rel1.win32_1.0.100.202602081740/tools/bin/../lib/gcc/arm-none-eabi/14.3.1/../../../../arm-none-eabi/lib/thumb/v7e-m+fp/hard\libc_nano.a(libc_a-lock.o)
 .ARM.attributes
                0x0000075f       0x34 C:/ST/STM32CubeIDE_2.1.1/STM32CubeIDE/plugins/com.st.stm32cube.ide.mcu.externaltools.gnu-tools-for-stm32.14.3.rel1.win32_1.0.100.202602081740/tools/bin/../lib/gcc/arm-none-eabi/14.3.1/../../../../arm-none-eabi/lib/thumb/v7e-m+fp/hard\libc_nano.a(libc_a-memcpy-stub.o)
 .ARM.attributes
                0x00000793       0x34 C:/ST/STM32CubeIDE_2.1.1/STM32CubeIDE/plugins/com.st.stm32cube.ide.mcu.externaltools.gnu-tools-for-stm32.14.3.rel1.win32_1.0.100.202602081740/tools/bin/../lib/gcc/arm-none-eabi/14.3.1/../../../../arm-none-eabi/lib/thumb/v7e-m+fp/hard\libc_nano.a(libc_a-freer.o)
 .ARM.attributes
                0x000007c7       0x34 C:/ST/STM32CubeIDE_2.1.1/STM32CubeIDE/plugins/com.st.stm32cube.ide.mcu.externaltools.gnu-tools-for-stm32.14.3.rel1.win32_1.0.100.202602081740/tools/bin/../lib/gcc/arm-none-eabi/14.3.1/../../../../arm-none-eabi/lib/thumb/v7e-m+fp/hard\libc_nano.a(libc_a-mallocr.o)
 .ARM.attributes
                0x000007fb       0x34 C:/ST/STM32CubeIDE_2.1.1/STM32CubeIDE/plugins/com.st.stm32cube.ide.mcu.externaltools.gnu-tools-for-stm32.14.3.rel1.win32_1.0.100.202602081740/tools/bin/../lib/gcc/arm-none-eabi/14.3.1/../../../../arm-none-eabi/lib/thumb/v7e-m+fp/hard\libc_nano.a(libc_a-mlock.o)
 .ARM.attributes
                0x0000082f       0x34 C:/ST/STM32CubeIDE_2.1.1/STM32CubeIDE/plugins/com.st.stm32cube.ide.mcu.externaltools.gnu-tools-for-stm32.14.3.rel1.win32_1.0.100.202602081740/tools/bin/../lib/gcc/arm-none-eabi/14.3.1/../../../../arm-none-eabi/lib/thumb/v7e-m+fp/hard\libc_nano.a(libc_a-nano-svfprintf.o)
 .ARM.attributes
                0x00000863       0x34 C:/ST/STM32CubeIDE_2.1.1/STM32CubeIDE/plugins/com.st.stm32cube.ide.mcu.externaltools.gnu-tools-for-stm32.14.3.rel1.win32_1.0.100.202602081740/tools/bin/../lib/gcc/arm-none-eabi/14.3.1/../../../../arm-none-eabi/lib/thumb/v7e-m+fp/hard\libc_nano.a(libc_a-nano-vfprintf_i.o)
 .ARM.attributes
                0x00000897       0x34 C:/ST/STM32CubeIDE_2.1.1/STM32CubeIDE/plugins/com.st.stm32cube.ide.mcu.externaltools.gnu-tools-for-stm32.14.3.rel1.win32_1.0.100.202602081740/tools/bin/../lib/gcc/arm-none-eabi/14.3.1/../../../../arm-none-eabi/lib/thumb/v7e-m+fp/hard\libc_nano.a(libc_a-memmove.o)
 .ARM.attributes
                0x000008cb       0x34 C:/ST/STM32CubeIDE_2.1.1/STM32CubeIDE/plugins/com.st.stm32cube.ide.mcu.externaltools.gnu-tools-for-stm32.14.3.rel1.win32_1.0.100.202602081740/tools/bin/../lib/gcc/arm-none-eabi/14.3.1/../../../../arm-none-eabi/lib/thumb/v7e-m+fp/hard\libc_nano.a(libc_a-sbrkr.o)
 .ARM.attributes
                0x000008ff       0x1c C:/ST/STM32CubeIDE_2.1.1/STM32CubeIDE/plugins/com.st.stm32cube.ide.mcu.externaltools.gnu-tools-for-stm32.14.3.rel1.win32_1.0.100.202602081740/tools/bin/../lib/gcc/arm-none-eabi/14.3.1/../../../../arm-none-eabi/lib/thumb/v7e-m+fp/hard\libc_nano.a(libc_a-memchr.o)
 .ARM.attributes
                0x0000091b       0x34 C:/ST/STM32CubeIDE_2.1.1/STM32CubeIDE/plugins/com.st.stm32cube.ide.mcu.externaltools.gnu-tools-for-stm32.14.3.rel1.win32_1.0.100.202602081740/tools/bin/../lib/gcc/arm-none-eabi/14.3.1/../../../../arm-none-eabi/lib/thumb/v7e-m+fp/hard\libc_nano.a(libc_a-reallocr.o)
 .ARM.attributes
                0x0000094f       0x34 C:/ST/STM32CubeIDE_2.1.1/STM32CubeIDE/plugins/com.st.stm32cube.ide.mcu.externaltools.gnu-tools-for-stm32.14.3.rel1.win32_1.0.100.202602081740/tools/bin/../lib/gcc/arm-none-eabi/14.3.1/../../../../arm-none-eabi/lib/thumb/v7e-m+fp/hard\libc_nano.a(libc_a-msizer.o)
 .ARM.attributes
                0x00000983       0x22 C:/ST/STM32CubeIDE_2.1.1/STM32CubeIDE/plugins/com.st.stm32cube.ide.mcu.externaltools.gnu-tools-for-stm32.14.3.rel1.win32_1.0.100.202602081740/tools/bin/../lib/gcc/arm-none-eabi/14.3.1/thumb/v7e-m+fp/hard\libgcc.a(_aeabi_uldivmod.o)
 .ARM.attributes
                0x000009a5       0x34 C:/ST/STM32CubeIDE_2.1.1/STM32CubeIDE/plugins/com.st.stm32cube.ide.mcu.externaltools.gnu-tools-for-stm32.14.3.rel1.win32_1.0.100.202602081740/tools/bin/../lib/gcc/arm-none-eabi/14.3.1/thumb/v7e-m+fp/hard\libgcc.a(_udivmoddi4.o)
 .ARM.attributes
                0x000009d9       0x22 C:/ST/STM32CubeIDE_2.1.1/STM32CubeIDE/plugins/com.st.stm32cube.ide.mcu.externaltools.gnu-tools-for-stm32.14.3.rel1.win32_1.0.100.202602081740/tools/bin/../lib/gcc/arm-none-eabi/14.3.1/thumb/v7e-m+fp/hard\libgcc.a(_dvmd_tls.o)
 .ARM.attributes
                0x000009fb       0x22 C:/ST/STM32CubeIDE_2.1.1/STM32CubeIDE/plugins/com.st.stm32cube.ide.mcu.externaltools.gnu-tools-for-stm32.14.3.rel1.win32_1.0.100.202602081740/tools/bin/../lib/gcc/arm-none-eabi/14.3.1/thumb/v7e-m+fp/hard/crtn.o
OUTPUT(Project_1.elf elf32-littlearm)
LOAD linker stubs
LOAD C:/ST/STM32CubeIDE_2.1.1/STM32CubeIDE/plugins/com.st.stm32cube.ide.mcu.externaltools.gnu-tools-for-stm32.14.3.rel1.win32_1.0.100.202602081740/tools/bin/../lib/gcc/arm-none-eabi/14.3.1/../../../../arm-none-eabi/lib/thumb/v7e-m+fp/hard\libc.a
LOAD C:/ST/STM32CubeIDE_2.1.1/STM32CubeIDE/plugins/com.st.stm32cube.ide.mcu.externaltools.gnu-tools-for-stm32.14.3.rel1.win32_1.0.100.202602081740/tools/bin/../lib/gcc/arm-none-eabi/14.3.1/../../../../arm-none-eabi/lib/thumb/v7e-m+fp/hard\libm.a
LOAD C:/ST/STM32CubeIDE_2.1.1/STM32CubeIDE/plugins/com.st.stm32cube.ide.mcu.externaltools.gnu-tools-for-stm32.14.3.rel1.win32_1.0.100.202602081740/tools/bin/../lib/gcc/arm-none-eabi/14.3.1/thumb/v7e-m+fp/hard\libgcc.a

.debug_info     0x00000000    0x18e95
 .debug_info    0x00000000     0x159a ./Core/Src/can.o
 .debug_info    0x0000159a      0xcb1 ./Core/Src/detect.o
 .debug_info    0x0000224b     0x19b9 ./Core/Src/main.o
 .debug_info    0x00003c04      0x81a ./Core/Src/module_a.o
 .debug_info    0x0000441e      0x366 ./Core/Src/module_b.o
 .debug_info    0x00004784      0x553 ./Core/Src/module_manager.o
 .debug_info    0x00004cd7      0x865 ./Core/Src/motor.o
 .debug_info    0x0000553c     0x151c ./Core/Src/stm32f4xx_hal_msp.o
 .debug_info    0x00006a58      0x148 ./Core/Src/stm32f4xx_it.o
 .debug_info    0x00006ba0      0x168 ./Core/Src/sysmem.o
 .debug_info    0x00006d08      0x154 ./Core/Src/system_data.o
 .debug_info    0x00006e5c      0x52e ./Core/Src/system_stm32f4xx.o
 .debug_info    0x0000738a      0x9f0 ./Core/Src/uart_task.o
 .debug_info    0x00007d7a       0x30 ./Core/Startup/startup_stm32f429zitx.o
 .debug_info    0x00007daa      0x9ba ./Drivers/STM32F4xx_HAL_Driver/Src/stm32f4xx_hal.o
 .debug_info    0x00008764      0xdc2 ./Drivers/STM32F4xx_HAL_Driver/Src/stm32f4xx_hal_cortex.o
 .debug_info    0x00009526     0x2193 ./Drivers/STM32F4xx_HAL_Driver/Src/stm32f4xx_hal_eth.o
 .debug_info    0x0000b6b9      0x6db ./Drivers/STM32F4xx_HAL_Driver/Src/stm32f4xx_hal_gpio.o
 .debug_info    0x0000bd94      0x8db ./Drivers/STM32F4xx_HAL_Driver/Src/stm32f4xx_hal_rcc.o
 .debug_info    0x0000c66f     0x2f4f ./Drivers/STM32F4xx_HAL_Driver/Src/stm32f4xx_hal_uart.o
 .debug_info    0x0000f5be     0x3a88 ./Middlewares/Third_Party/FreeRTOS/Source/CMSIS_RTOS_V2/cmsis_os2.o
 .debug_info    0x00013046      0x2af ./Middlewares/Third_Party/FreeRTOS/Source/list.o
 .debug_info    0x000132f5     0x1b79 ./Middlewares/Third_Party/FreeRTOS/Source/queue.o
 .debug_info    0x00014e6e     0x21ec ./Middlewares/Third_Party/FreeRTOS/Source/tasks.o
 .debug_info    0x0001705a     0x1488 ./Middlewares/Third_Party/FreeRTOS/Source/timers.o
 .debug_info    0x000184e2      0x4de ./Middlewares/Third_Party/FreeRTOS/Source/portable/GCC/ARM_CM4F/port.o
 .debug_info    0x000189c0      0x4d5 ./Middlewares/Third_Party/FreeRTOS/Source/portable/MemMang/heap_4.o

.debug_abbrev   0x00000000     0x3d67
 .debug_abbrev  0x00000000      0x329 ./Core/Src/can.o
 .debug_abbrev  0x00000329      0x288 ./Core/Src/detect.o
 .debug_abbrev  0x000005b1      0x327 ./Core/Src/main.o
 .debug_abbrev  0x000008d8      0x1e0 ./Core/Src/module_a.o
 .debug_abbrev  0x00000ab8      0x184 ./Core/Src/module_b.o
 .debug_abbrev  0x00000c3c      0x258 ./Core/Src/module_manager.o
 .debug_abbrev  0x00000e94      0x279 ./Core/Src/motor.o
 .debug_abbrev  0x0000110d      0x20b ./Core/Src/stm32f4xx_hal_msp.o
 .debug_abbrev  0x00001318       0x99 ./Core/Src/stm32f4xx_it.o
 .debug_abbrev  0x000013b1       0xbc ./Core/Src/sysmem.o
 .debug_abbrev  0x0000146d       0x7a ./Core/Src/system_data.o
 .debug_abbrev  0x000014e7      0x11a ./Core/Src/system_stm32f4xx.o
 .debug_abbrev  0x00001601      0x218 ./Core/Src/uart_task.o
 .debug_abbrev  0x00001819       0x24 ./Core/Startup/startup_stm32f429zitx.o
 .debug_abbrev  0x0000183d      0x214 ./Drivers/STM32F4xx_HAL_Driver/Src/stm32f4xx_hal.o
 .debug_abbrev  0x00001a51      0x31d ./Drivers/STM32F4xx_HAL_Driver/Src/stm32f4xx_hal_cortex.o
 .debug_abbrev  0x00001d6e      0x35c ./Drivers/STM32F4xx_HAL_Driver/Src/stm32f4xx_hal_eth.o
 .debug_abbrev  0x000020ca      0x1d4 ./Drivers/STM32F4xx_HAL_Driver/Src/stm32f4xx_hal_gpio.o
 .debug_abbrev  0x0000229e      0x2b7 ./Drivers/STM32F4xx_HAL_Driver/Src/stm32f4xx_hal_rcc.o
 .debug_abbrev  0x00002555      0x30e ./Drivers/STM32F4xx_HAL_Driver/Src/stm32f4xx_hal_uart.o
 .debug_abbrev  0x00002863      0x508 ./Middlewares/Third_Party/FreeRTOS/Source/CMSIS_RTOS_V2/cmsis_os2.o
 .debug_abbrev  0x00002d6b       0xf5 ./Middlewares/Third_Party/FreeRTOS/Source/list.o
 .debug_abbrev  0x00002e60      0x3b6 ./Middlewares/Third_Party/FreeRTOS/Source/queue.o
 .debug_abbrev  0x00003216      0x386 ./Middlewares/Third_Party/FreeRTOS/Source/tasks.o
 .debug_abbrev  0x0000359c      0x352 ./Middlewares/Third_Party/FreeRTOS/Source/timers.o
 .debug_abbrev  0x000038ee      0x25c ./Middlewares/Third_Party/FreeRTOS/Source/portable/GCC/ARM_CM4F/port.o
 .debug_abbrev  0x00003b4a      0x21d ./Middlewares/Third_Party/FreeRTOS/Source/portable/MemMang/heap_4.o

.debug_aranges  0x00000000     0x1320
 .debug_aranges
                0x00000000       0x90 ./Core/Src/can.o
 .debug_aranges
                0x00000090       0x58 ./Core/Src/detect.o
 .debug_aranges
                0x000000e8       0x50 ./Core/Src/main.o
 .debug_aranges
                0x00000138       0x28 ./Core/Src/module_a.o
 .debug_aranges
                0x00000160       0x38 ./Core/Src/module_b.o
 .debug_aranges
                0x00000198       0x70 ./Core/Src/module_manager.o
 .debug_aranges
                0x00000208       0xa8 ./Core/Src/motor.o
 .debug_aranges
                0x000002b0       0x40 ./Core/Src/stm32f4xx_hal_msp.o
 .debug_aranges
                0x000002f0       0x60 ./Core/Src/stm32f4xx_it.o
 .debug_aranges
                0x00000350       0x20 ./Core/Src/sysmem.o
 .debug_aranges
                0x00000370       0x18 ./Core/Src/system_data.o
 .debug_aranges
                0x00000388       0x28 ./Core/Src/system_stm32f4xx.o
 .debug_aranges
                0x000003b0       0x38 ./Core/Src/uart_task.o
 .debug_aranges
                0x000003e8       0x28 ./Core/Startup/startup_stm32f429zitx.o
 .debug_aranges
                0x00000410      0x100 ./Drivers/STM32F4xx_HAL_Driver/Src/stm32f4xx_hal.o
 .debug_aranges
                0x00000510      0x130 ./Drivers/STM32F4xx_HAL_Driver/Src/stm32f4xx_hal_cortex.o
 .debug_aranges
                0x00000640      0x1e8 ./Drivers/STM32F4xx_HAL_Driver/Src/stm32f4xx_hal_eth.o
 .debug_aranges
                0x00000828       0x58 ./Drivers/STM32F4xx_HAL_Driver/Src/stm32f4xx_hal_gpio.o
 .debug_aranges
                0x00000880       0x88 ./Drivers/STM32F4xx_HAL_Driver/Src/stm32f4xx_hal_rcc.o
 .debug_aranges
                0x00000908      0x208 ./Drivers/STM32F4xx_HAL_Driver/Src/stm32f4xx_hal_uart.o
 .debug_aranges
                0x00000b10      0x2a8 ./Middlewares/Third_Party/FreeRTOS/Source/CMSIS_RTOS_V2/cmsis_os2.o
 .debug_aranges
                0x00000db8       0x40 ./Middlewares/Third_Party/FreeRTOS/Source/list.o
 .debug_aranges
                0x00000df8      0x158 ./Middlewares/Third_Party/FreeRTOS/Source/queue.o
 .debug_aranges
                0x00000f50      0x208 ./Middlewares/Third_Party/FreeRTOS/Source/tasks.o
 .debug_aranges
                0x00001158       0xf0 ./Middlewares/Third_Party/FreeRTOS/Source/timers.o
 .debug_aranges
                0x00001248       0x80 ./Middlewares/Third_Party/FreeRTOS/Source/portable/GCC/ARM_CM4F/port.o
 .debug_aranges
                0x000012c8       0x58 ./Middlewares/Third_Party/FreeRTOS/Source/portable/MemMang/heap_4.o

.debug_rnglists
                0x00000000      0xe85
 .debug_rnglists
                0x00000000       0x6e ./Core/Src/can.o
 .debug_rnglists
                0x0000006e       0x3e ./Core/Src/detect.o
 .debug_rnglists
                0x000000ac       0x3a ./Core/Src/main.o
 .debug_rnglists
                0x000000e6       0x1a ./Core/Src/module_a.o
 .debug_rnglists
                0x00000100       0x25 ./Core/Src/module_b.o
 .debug_rnglists
                0x00000125       0x50 ./Core/Src/module_manager.o
 .debug_rnglists
                0x00000175       0x7e ./Core/Src/motor.o
 .debug_rnglists
                0x000001f3       0x2d ./Core/Src/stm32f4xx_hal_msp.o
 .debug_rnglists
                0x00000220       0x43 ./Core/Src/stm32f4xx_it.o
 .debug_rnglists
                0x00000263       0x13 ./Core/Src/sysmem.o
 .debug_rnglists
                0x00000276       0x1a ./Core/Src/system_stm32f4xx.o
 .debug_rnglists
                0x00000290       0x27 ./Core/Src/uart_task.o
 .debug_rnglists
                0x000002b7       0x19 ./Core/Startup/startup_stm32f429zitx.o
 .debug_rnglists
                0x000002d0       0xbb ./Drivers/STM32F4xx_HAL_Driver/Src/stm32f4xx_hal.o
 .debug_rnglists
                0x0000038b       0xe0 ./Drivers/STM32F4xx_HAL_Driver/Src/stm32f4xx_hal_cortex.o
 .debug_rnglists
                0x0000046b      0x182 ./Drivers/STM32F4xx_HAL_Driver/Src/stm32f4xx_hal_eth.o
 .debug_rnglists
                0x000005ed       0x3f ./Drivers/STM32F4xx_HAL_Driver/Src/stm32f4xx_hal_gpio.o
 .debug_rnglists
                0x0000062c       0x66 ./Drivers/STM32F4xx_HAL_Driver/Src/stm32f4xx_hal_rcc.o
 .debug_rnglists
                0x00000692      0x1bc ./Drivers/STM32F4xx_HAL_Driver/Src/stm32f4xx_hal_uart.o
 .debug_rnglists
                0x0000084e      0x20c ./Middlewares/Third_Party/FreeRTOS/Source/CMSIS_RTOS_V2/cmsis_os2.o
 .debug_rnglists
                0x00000a5a       0x2b ./Middlewares/Third_Party/FreeRTOS/Source/list.o
 .debug_rnglists
                0x00000a85      0x109 ./Middlewares/Third_Party/FreeRTOS/Source/queue.o
 .debug_rnglists
                0x00000b8e      0x1a0 ./Middlewares/Third_Party/FreeRTOS/Source/tasks.o
 .debug_rnglists
                0x00000d2e       0xb8 ./Middlewares/Third_Party/FreeRTOS/Source/timers.o
 .debug_rnglists
                0x00000de6       0x5d ./Middlewares/Third_Party/FreeRTOS/Source/portable/GCC/ARM_CM4F/port.o
 .debug_rnglists
                0x00000e43       0x42 ./Middlewares/Third_Party/FreeRTOS/Source/portable/MemMang/heap_4.o

.debug_macro    0x00000000    0x26fd6
 .debug_macro   0x00000000      0x346 ./Core/Src/can.o
 .debug_macro   0x00000346      0xad8 ./Core/Src/can.o
 .debug_macro   0x00000e1e       0x22 ./Core/Src/can.o
 .debug_macro   0x00000e40       0x8e ./Core/Src/can.o
 .debug_macro   0x00000ece       0x51 ./Core/Src/can.o
 .debug_macro   0x00000f1f      0x103 ./Core/Src/can.o
 .debug_macro   0x00001022       0x6a ./Core/Src/can.o
 .debug_macro   0x0000108c      0x1df ./Core/Src/can.o
 .debug_macro   0x0000126b      0x29b ./Core/Src/can.o
 .debug_macro   0x00001506       0x2e ./Core/Src/can.o
 .debug_macro   0x00001534       0x28 ./Core/Src/can.o
 .debug_macro   0x0000155c       0x1c ./Core/Src/can.o
 .debug_macro   0x00001578       0x22 ./Core/Src/can.o
 .debug_macro   0x0000159a       0xfb ./Core/Src/can.o
 .debug_macro   0x00001695     0x1011 ./Core/Src/can.o
 .debug_macro   0x000026a6      0x11f ./Core/Src/can.o
 .debug_macro   0x000027c5    0x17ff1 ./Core/Src/can.o
 .debug_macro   0x0001a7b6       0x6d ./Core/Src/can.o
 .debug_macro   0x0001a823     0x370a ./Core/Src/can.o
 .debug_macro   0x0001df2d      0x190 ./Core/Src/can.o
 .debug_macro   0x0001e0bd       0x5c ./Core/Src/can.o
 .debug_macro   0x0001e119      0xcba ./Core/Src/can.o
 .debug_macro   0x0001edd3      0x9e9 ./Core/Src/can.o
 .debug_macro   0x0001f7bc      0x115 ./Core/Src/can.o
 .debug_macro   0x0001f8d1      0x156 ./Core/Src/can.o
 .debug_macro   0x0001fa27       0xa5 ./Core/Src/can.o
 .debug_macro   0x0001facc      0x182 ./Core/Src/can.o
 .debug_macro   0x0001fc4e      0x287 ./Core/Src/can.o
 .debug_macro   0x0001fed5       0x5f ./Core/Src/can.o
 .debug_macro   0x0001ff34      0x236 ./Core/Src/can.o
 .debug_macro   0x0002016a      0xb99 ./Core/Src/can.o
 .debug_macro   0x00020d03      0x132 ./Core/Src/can.o
 .debug_macro   0x00020e35      0x41d ./Core/Src/can.o
 .debug_macro   0x00021252       0x2e ./Core/Src/can.o
 .debug_macro   0x00021280      0x127 ./Core/Src/can.o
 .debug_macro   0x000213a7       0xe2 ./Core/Src/can.o
 .debug_macro   0x00021489       0x89 ./Core/Src/can.o
 .debug_macro   0x00021512      0x2aa ./Core/Src/can.o
 .debug_macro   0x000217bc      0x134 ./Core/Src/can.o
 .debug_macro   0x000218f0      0x130 ./Core/Src/can.o
 .debug_macro   0x00021a20      0x169 ./Core/Src/can.o
 .debug_macro   0x00021b89      0x15a ./Core/Src/can.o
 .debug_macro   0x00021ce3       0xc9 ./Core/Src/can.o
 .debug_macro   0x00021dac       0x1c ./Core/Src/can.o
 .debug_macro   0x00021dc8       0x26 ./Core/Src/can.o
 .debug_macro   0x00021dee      0x4c5 ./Core/Src/can.o
 .debug_macro   0x000222b3       0xb5 ./Core/Src/can.o
 .debug_macro   0x00022368       0xaa ./Core/Src/can.o
 .debug_macro   0x00022412       0x87 ./Core/Src/can.o
 .debug_macro   0x00022499       0x61 ./Core/Src/can.o
 .debug_macro   0x000224fa       0x2a ./Core/Src/can.o
 .debug_macro   0x00022524       0x43 ./Core/Src/can.o
 .debug_macro   0x00022567       0x34 ./Core/Src/can.o
 .debug_macro   0x0002259b       0x16 ./Core/Src/can.o
 .debug_macro   0x000225b1       0x3c ./Core/Src/can.o
 .debug_macro   0x000225ed      0x364 ./Core/Src/can.o
 .debug_macro   0x00022951       0x10 ./Core/Src/can.o
 .debug_macro   0x00022961       0x16 ./Core/Src/can.o
 .debug_macro   0x00022977       0x4a ./Core/Src/can.o
 .debug_macro   0x000229c1       0x34 ./Core/Src/can.o
 .debug_macro   0x000229f5       0x10 ./Core/Src/can.o
 .debug_macro   0x00022a05       0x58 ./Core/Src/can.o
 .debug_macro   0x00022a5d       0x8e ./Core/Src/can.o
 .debug_macro   0x00022aeb       0x1c ./Core/Src/can.o
 .debug_macro   0x00022b07      0x17e ./Core/Src/can.o
 .debug_macro   0x00022c85       0x16 ./Core/Src/can.o
 .debug_macro   0x00022c9b       0x16 ./Core/Src/can.o
 .debug_macro   0x00022cb1      0x146 ./Core/Src/can.o
 .debug_macro   0x00022df7      0x289 ./Core/Src/detect.o
 .debug_macro   0x00023080       0x2e ./Core/Src/detect.o
 .debug_macro   0x000230ae       0x52 ./Core/Src/detect.o
 .debug_macro   0x00023100       0x28 ./Core/Src/detect.o
 .debug_macro   0x00023128      0x39a ./Core/Src/main.o
 .debug_macro   0x000234c2       0x10 ./Core/Src/main.o