Archive member included to satisfy reference by file (symbol)

C:/ST/STM32CubeIDE_2.1.1/STM32CubeIDE/plugins/com.st.stm32cube.ide.mcu.externaltools.gnu-tools-for-stm32.14.3.rel1.win32_1.0.100.202602081740/tools/bin/../lib/gcc/arm-none-eabi/14.3.1/../../../../arm-none-eabi/lib/thumb/v7e-m+fp/hard\libc_nano.a(libc_a-exit.o)
                              C:/ST/STM32CubeIDE_2.1.1/STM32CubeIDE/plugins/com.st.stm32cube.ide.mcu.externaltools.gnu-tools-for-stm32.14.3.rel1.win32_1.0.100.202602081740/tools/bin/../lib/gcc/arm-none-eabi/14.3.1/../../../../arm-none-eabi/lib/thumb/v7e-m+fp/hard/crt0.o (exit)
C:/ST/STM32CubeIDE_2.1.1/STM32CubeIDE/plugins/com.st.stm32cube.ide.mcu.externaltools.gnu-tools-for-stm32.14.3.rel1.win32_1.0.100.202602081740/tools/bin/../lib/gcc/arm-none-eabi/14.3.1/../../../../arm-none-eabi/lib/thumb/v7e-m+fp/hard\libc_nano.a(libc_a-findfp.o)
                              C:/ST/STM32CubeIDE_2.1.1/STM32CubeIDE/plugins/com.st.stm32cube.ide.mcu.externaltools.gnu-tools-for-stm32.14.3.rel1.win32_1.0.100.202602081740/tools/bin/../lib/gcc/arm-none-eabi/14.3.1/../../../../arm-none-eabi/lib/thumb/v7e-m+fp/hard\libc_nano.a(libc_a-exit.o) (__stdio_exit_handler)
C:/ST/STM32CubeIDE_2.1.1/STM32CubeIDE/plugins/com.st.stm32cube.ide.mcu.externaltools.gnu-tools-for-stm32.14.3.rel1.win32_1.0.100.202602081740/tools/bin/../lib/gcc/arm-none-eabi/14.3.1/../../../../arm-none-eabi/lib/thumb/v7e-m+fp/hard\libc_nano.a(libc_a-fwalk.o)
                              C:/ST/STM32CubeIDE_2.1.1/STM32CubeIDE/plugins/com.st.stm32cube.ide.mcu.externaltools.gnu-tools-for-stm32.14.3.rel1.win32_1.0.100.202602081740/tools/bin/../lib/gcc/arm-none-eabi/14.3.1/../../../../arm-none-eabi/lib/thumb/v7e-m+fp/hard\libc_nano.a(libc_a-findfp.o) (_fwalk_sglue)
C:/ST/STM32CubeIDE_2.1.1/STM32CubeIDE/plugins/com.st.stm32cube.ide.mcu.externaltools.gnu-tools-for-stm32.14.3.rel1.win32_1.0.100.202602081740/tools/bin/../lib/gcc/arm-none-eabi/14.3.1/../../../../arm-none-eabi/lib/thumb/v7e-m+fp/hard\libc_nano.a(libc_a-snprintf.o)
                              ./Core/Src/module_a.o (snprintf)
C:/ST/STM32CubeIDE_2.1.1/STM32CubeIDE/plugins/com.st.stm32cube.ide.mcu.externaltools.gnu-tools-for-stm32.14.3.rel1.win32_1.0.100.202602081740/tools/bin/../lib/gcc/arm-none-eabi/14.3.1/../../../../arm-none-eabi/lib/thumb/v7e-m+fp/hard\libc_nano.a(libc_a-stdio.o)
                              C:/ST/STM32CubeIDE_2.1.1/STM32CubeIDE/plugins/com.st.stm32cube.ide.mcu.externaltools.gnu-tools-for-stm32.14.3.rel1.win32_1.0.100.202602081740/tools/bin/../lib/gcc/arm-none-eabi/14.3.1/../../../../arm-none-eabi/lib/thumb/v7e-m+fp/hard\libc_nano.a(libc_a-findfp.o) (__sread)
C:/ST/STM32CubeIDE_2.1.1/STM32CubeIDE/plugins/com.st.stm32cube.ide.mcu.externaltools.gnu-tools-for-stm32.14.3.rel1.win32_1.0.100.202602081740/tools/bin/../lib/gcc/arm-none-eabi/14.3.1/../../../../arm-none-eabi/lib/thumb/v7e-m+fp/hard\libc_nano.a(libc_a-memset.o)
                              C:/ST/STM32CubeIDE_2.1.1/STM32CubeIDE/plugins/com.st.stm32cube.ide.mcu.externaltools.gnu-tools-for-stm32.14.3.rel1.win32_1.0.100.202602081740/tools/bin/../lib/gcc/arm-none-eabi/14.3.1/../../../../arm-none-eabi/lib/thumb/v7e-m+fp/hard/crt0.o (memset)
C:/ST/STM32CubeIDE_2.1.1/STM32CubeIDE/plugins/com.st.stm32cube.ide.mcu.externaltools.gnu-tools-for-stm32.14.3.rel1.win32_1.0.100.202602081740/tools/bin/../lib/gcc/arm-none-eabi/14.3.1/../../../../arm-none-eabi/lib/thumb/v7e-m+fp/hard\libc_nano.a(libc_a-closer.o)
                              C:/ST/STM32CubeIDE_2.1.1/STM32CubeIDE/plugins/com.st.stm32cube.ide.mcu.externaltools.gnu-tools-for-stm32.14.3.rel1.win32_1.0.100.202602081740/tools/bin/../lib/gcc/arm-none-eabi/14.3.1/../../../../arm-none-eabi/lib/thumb/v7e-m+fp/hard\libc_nano.a(libc_a-stdio.o) (_close_r)
C:/ST/STM32CubeIDE_2.1.1/STM32CubeIDE/plugins/com.st.stm32cube.ide.mcu.externaltools.gnu-tools-for-stm32.14.3.rel1.win32_1.0.100.202602081740/tools/bin/../lib/gcc/arm-none-eabi/14.3.1/../../../../arm-none-eabi/lib/thumb/v7e-m+fp/hard\libc_nano.a(libc_a-reent.o)
                              C:/ST/STM32CubeIDE_2.1.1/STM32CubeIDE/plugins/com.st.stm32cube.ide.mcu.externaltools.gnu-tools-for-stm32.14.3.rel1.win32_1.0.100.202602081740/tools/bin/../lib/gcc/arm-none-eabi/14.3.1/../../../../arm-none-eabi/lib/thumb/v7e-m+fp/hard\libc_nano.a(libc_a-closer.o) (errno)
C:/ST/STM32CubeIDE_2.1.1/STM32CubeIDE/plugins/com.st.stm32cube.ide.mcu.externaltools.gnu-tools-for-stm32.14.3.rel1.win32_1.0.100.202602081740/tools/bin/../lib/gcc/arm-none-eabi/14.3.1/../../../../arm-none-eabi/lib/thumb/v7e-m+fp/hard\libc_nano.a(libc_a-impure.o)
                              C:/ST/STM32CubeIDE_2.1.1/STM32CubeIDE/plugins/com.st.stm32cube.ide.mcu.externaltools.gnu-tools-for-stm32.14.3.rel1.win32_1.0.100.202602081740/tools/bin/../lib/gcc/arm-none-eabi/14.3.1/../../../../arm-none-eabi/lib/thumb/v7e-m+fp/hard\libc_nano.a(libc_a-snprintf.o) (_impure_ptr)
[...]
Memory Configuration

Name             Origin             Length             Attributes
CCMRAM           0x10000000         0x00010000         xrw
RAM              0x20000000         0x00030000         xrw
FLASH            0x08000000         0x00200000         xr
*default*        0x00000000         0xffffffff

Linker script and memory map

LOAD C:/ST/STM32CubeIDE_2.1.1/STM32CubeIDE/plugins/com.st.stm32cube.ide.mcu.externaltools.gnu-tools-for-stm32.14.3.rel1.win32_1.0.100.202602081740/tools/bin/../lib/gcc/arm-none-eabi/14.3.1/thumb/v7e-m+fp/hard/crti.o
LOAD C:/ST/STM32CubeIDE_2.1.1/STM32CubeIDE/plugins/com.st.stm32cube.ide.mcu.externaltools.gnu-tools-for-stm32.14.3.rel1.win32_1.0.100.202602081740/tools/bin/../lib/gcc/arm-none-eabi/14.3.1/thumb/v7e-m+fp/hard/crtbegin.o
LOAD C:/ST/STM32CubeIDE_2.1.1/STM32CubeIDE/plugins/com.st.stm32cube.ide.mcu.externaltools.gnu-tools-for-stm32.14.3.rel1.win32_1.0.100.202602081740/tools/bin/../lib/gcc/arm-none-eabi/14.3.1/../../../../arm-none-eabi/lib/thumb/v7e-m+fp/hard/crt0.o
LOAD ./Core/Src/LED_M.o
LOAD ./Core/Src/can.o
LOAD ./Core/Src/detect.o
LOAD ./Core/Src/freertos.o
LOAD ./Core/Src/main.o
LOAD ./Core/Src/module_a.o
LOAD ./Core/Src/module_b.o
LOAD ./Core/Src/module_manager.o
LOAD ./Core/Src/motor.o
LOAD ./Core/Src/stm32f4xx_hal_msp.o
LOAD ./Core/Src/stm32f4xx_it.o
LOAD ./Core/Src/syscalls.o
LOAD ./Core/Src/sysmem.o
LOAD ./Core/Src/system_data.o
LOAD ./Core/Src/system_stm32f4xx.o
LOAD ./Core/Src/uart_task.o
LOAD ./Core/Src/warning.o
LOAD ./Core/Startup/startup_stm32f429zitx.o
LOAD ./Drivers/STM32F4xx_HAL_Driver/Src/stm32f4xx_hal.o
LOAD ./Drivers/STM32F4xx_HAL_Driver/Src/stm32f4xx_hal_cortex.o
LOAD ./Drivers/STM32F4xx_HAL_Driver/Src/stm32f4xx_hal_dma.o
LOAD ./Drivers/STM32F4xx_HAL_Driver/Src/stm32f4xx_hal_dma_ex.o
LOAD ./Drivers/STM32F4xx_HAL_Driver/Src/stm32f4xx_hal_eth.o
LOAD ./Drivers/STM32F4xx_HAL_Driver/Src/stm32f4xx_hal_exti.o
LOAD ./Drivers/STM32F4xx_HAL_Driver/Src/stm32f4xx_hal_flash.o
LOAD ./Drivers/STM32F4xx_HAL_Driver/Src/stm32f4xx_hal_flash_ex.o
LOAD ./Drivers/STM32F4xx_HAL_Driver/Src/stm32f4xx_hal_flash_ramfunc.o
LOAD ./Drivers/STM32F4xx_HAL_Driver/Src/stm32f4xx_hal_gpio.o
LOAD ./Drivers/STM32F4xx_HAL_Driver/Src/stm32f4xx_hal_pwr.o
LOAD ./Drivers/STM32F4xx_HAL_Driver/Src/stm32f4xx_hal_pwr_ex.o
LOAD ./Drivers/STM32F4xx_HAL_Driver/Src/stm32f4xx_hal_rcc.o
LOAD ./Drivers/STM32F4xx_HAL_Driver/Src/stm32f4xx_hal_rcc_ex.o
LOAD ./Drivers/STM32F4xx_HAL_Driver/Src/stm32f4xx_hal_uart.o
LOAD ./Middlewares/Third_Party/FreeRTOS/Source/CMSIS_RTOS_V2/cmsis_os2.o
LOAD ./Middlewares/Third_Party/FreeRTOS/Source/croutine.o
LOAD ./Middlewares/Third_Party/FreeRTOS/Source/event_groups.o
LOAD ./Middlewares/Third_Party/FreeRTOS/Source/list.o
LOAD ./Middlewares/Third_Party/FreeRTOS/Source/queue.o
LOAD ./Middlewares/Third_Party/FreeRTOS/Source/stream_buffer.o
LOAD ./Middlewares/Third_Party/FreeRTOS/Source/tasks.o
LOAD ./Middlewares/Third_Party/FreeRTOS/Source/timers.o
LOAD ./Middlewares/Third_Party/FreeRTOS/Source/portable/GCC/ARM_CM4F/port.o
LOAD ./Middlewares/Third_Party/FreeRTOS/Source/portable/MemMang/heap_4.o
START GROUP
LOAD C:/ST/STM32CubeIDE_2.1.1/STM32CubeIDE/plugins/com.st.stm32cube.ide.mcu.externaltools.gnu-tools-for-stm32.14.3.rel1.win32_1.0.100.202602081740/tools/bin/../lib/gcc/arm-none-eabi/14.3.1/../../../../arm-none-eabi/lib/thumb/v7e-m+fp/hard\libc_nano.a
LOAD C:/ST/STM32CubeIDE_2.1.1/STM32CubeIDE/plugins/com.st.stm32cube.ide.mcu.externaltools.gnu-tools-for-stm32.14.3.rel1.win32_1.0.100.202602081740/tools/bin/../lib/gcc/arm-none-eabi/14.3.1/../../../../arm-none-eabi/lib/thumb/v7e-m+fp/hard\libm.a
END GROUP
START GROUP
LOAD C:/ST/STM32CubeIDE_2.1.1/STM32CubeIDE/plugins/com.st.stm32cube.ide.mcu.externaltools.gnu-tools-for-stm32.14.3.rel1.win32_1.0.100.202602081740/tools/bin/../lib/gcc/arm-none-eabi/14.3.1/thumb/v7e-m+fp/hard\libgcc.a
LOAD C:/ST/STM32CubeIDE_2.1.1/STM32CubeIDE/plugins/com.st.stm32cube.ide.mcu.externaltools.gnu-tools-for-stm32.14.3.rel1.win32_1.0.100.202602081740/tools/bin/../lib/gcc/arm-none-eabi/14.3.1/../../../../arm-none-eabi/lib/thumb/v7e-m+fp/hard\libc_nano.a
END GROUP
START GROUP
LOAD C:/ST/STM32CubeIDE_2.1.1/STM32CubeIDE/plugins/com.st.stm32cube.ide.mcu.externaltools.gnu-tools-for-stm32.14.3.rel1.win32_1.0.100.202602081740/tools/bin/../lib/gcc/arm-none-eabi/14.3.1/thumb/v7e-m+fp/hard\libgcc.a
LOAD C:/ST/STM32CubeIDE_2.1.1/STM32CubeIDE/plugins/com.st.stm32cube.ide.mcu.externaltools.gnu-tools-for-stm32.14.3.rel1.win32_1.0.100.202602081740/tools/bin/../lib/gcc/arm-none-eabi/14.3.1/../../../../arm-none-eabi/lib/thumb/v7e-m+fp/hard\libc_nano.a
LOAD C:/ST/STM32CubeIDE_2.1.1/STM32CubeIDE/plugins/com.st.stm32cube.ide.mcu.externaltools.gnu-tools-for-stm32.14.3.rel1.win32_1.0.100.202602081740/tools/bin/../lib/gcc/arm-none-eabi/14.3.1/../../../../arm-none-eabi/lib/thumb/v7e-m+fp/hard\libnosys.a
END GROUP
START GROUP
LOAD C:/ST/STM32CubeIDE_2.1.1/STM32CubeIDE/plugins/com.st.stm32cube.ide.mcu.externaltools.gnu-tools-for-stm32.14.3.rel1.win32_1.0.100.202602081740/tools/bin/../lib/gcc/arm-none-eabi/14.3.1/thumb/v7e-m+fp/hard\libgcc.a
LOAD C:/ST/STM32CubeIDE_2.1.1/STM32CubeIDE/plugins/com.st.stm32cube.ide.mcu.externaltools.gnu-tools-for-stm32.14.3.rel1.win32_1.0.100.202602081740/tools/bin/../lib/gcc/arm-none-eabi/14.3.1/../../../../arm-none-eabi/lib/thumb/v7e-m+fp/hard\libc_nano.a
LOAD C:/ST/STM32CubeIDE_2.1.1/STM32CubeIDE/plugins/com.st.stm32cube.ide.mcu.externaltools.gnu-tools-for-stm32.14.3.rel1.win32_1.0.100.202602081740/tools/bin/../lib/gcc/arm-none-eabi/14.3.1/../../../../arm-none-eabi/lib/thumb/v7e-m+fp/hard\libnosys.a
END GROUP
LOAD C:/ST/STM32CubeIDE_2.1.1/STM32CubeIDE/plugins/com.st.stm32cube.ide.mcu.externaltools.gnu-tools-for-stm32.14.3.rel1.win32_1.0.100.202602081740/tools/bin/../lib/gcc/arm-none-eabi/14.3.1/thumb/v7e-m+fp/hard/crtend.o
LOAD C:/ST/STM32CubeIDE_2.1.1/STM32CubeIDE/plugins/com.st.stm32cube.ide.mcu.externaltools.gnu-tools-for-stm32.14.3.rel1.win32_1.0.100.202602081740/tools/bin/../lib/gcc/arm-none-eabi/14.3.1/thumb/v7e-m+fp/hard/crtn.o
                0x20030000                        _estack = (ORIGIN (RAM) + LENGTH (RAM))
                0x00000200                        _Min_Heap_Size = 0x200
                0x00000400                        _Min_Stack_Size = 0x400

.isr_vector     0x08000000      0x1ac
                0x08000000                        . = ALIGN (0x4)
 *(.isr_vector)
 .isr_vector    0x08000000      0x1ac ./Core/Startup/startup_stm32f429zitx.o
                0x08000000                g_pfnVectors
                0x080001ac                        . = ALIGN (0x4)

.text           0x080001b0     0x8498
                0x080001b0                        . = ALIGN (0x4)
 *(.text)
 .text          0x080001b0       0x40 C:/ST/STM32CubeIDE_2.1.1/STM32CubeIDE/plugins/com.st.stm32cube.ide.mcu.externaltools.gnu-tools-for-stm32.14.3.rel1.win32_1.0.100.202602081740/tools/bin/../lib/gcc/arm-none-eabi/14.3.1/thumb/v7e-m+fp/hard/crtbegin.o
 .text          0x080001f0       0xa0 C:/ST/STM32CubeIDE_2.1.1/STM32CubeIDE/plugins/com.st.stm32cube.ide.mcu.externaltools.gnu-tools-for-stm32.14.3.rel1.win32_1.0.100.202602081740/tools/bin/../lib/gcc/arm-none-eabi/14.3.1/../../../../arm-none-eabi/lib/thumb/v7e-m+fp/hard\libc_nano.a(libc_a-memchr.o)
                0x080001f0                memchr
 .text          0x08000290       0x30 C:/ST/STM32CubeIDE_2.1.1/STM32CubeIDE/plugins/com.st.stm32cube.ide.mcu.externaltools.gnu-tools-for-stm32.14.3.rel1.win32_1.0.100.202602081740/tools/bin/../lib/gcc/arm-none-eabi/14.3.1/thumb/v7e-m+fp/hard\libgcc.a(_aeabi_uldivmod.o)
                0x08000290                __aeabi_uldivmod
 .text          0x080002c0      0x2f8 C:/ST/STM32CubeIDE_2.1.1/STM32CubeIDE/plugins/com.st.stm32cube.ide.mcu.externaltools.gnu-tools-for-stm32.14.3.rel1.win32_1.0.100.202602081740/tools/bin/../lib/gcc/arm-none-eabi/14.3.1/thumb/v7e-m+fp/hard\libgcc.a(_udivmoddi4.o)
                0x080002c0                __udivmoddi4
 .text          0x080005b8        0x4 C:/ST/STM32CubeIDE_2.1.1/STM32CubeIDE/plugins/com.st.stm32cube.ide.mcu.externaltools.gnu-tools-for-stm32.14.3.rel1.win32_1.0.100.202602081740/tools/bin/../lib/gcc/arm-none-eabi/14.3.1/thumb/v7e-m+fp/hard\libgcc.a(_dvmd_tls.o)
                0x080005b8                __aeabi_idiv0
                0x080005b8                __aeabi_ldiv0
 *(.text*)
 .text.LED_M_CS_Low
                0x080005bc       0x22 ./Core/Src/LED_M.o
 .text.LED_M_CS_High
                0x080005de       0x1e ./Core/Src/LED_M.o
 .text.SPI_Transmit8
                0x080005fc       0x50 ./Core/Src/LED_M.o
 .text.LED_M_WriteReg
                0x0800064c       0x40 ./Core/Src/LED_M.o
                0x0800064c                LED_M_WriteReg
 .text.LED_M_Init
                0x0800068c       0x4e ./Core/Src/LED_M.o
                0x0800068c                LED_M_Init
 *fill*         0x080006da        0x2 
 .text.LED_M_ClearDisplay
                0x080006dc       0x1c ./Core/Src/LED_M.o
                0x080006dc                LED_M_ClearDisplay
 .text.LED_M_DisplayPattern
                0x080006f8       0x48 ./Core/Src/LED_M.o
                0x080006f8                LED_M_DisplayPattern
 .text.__NVIC_EnableIRQ
                0x08000740       0x3c ./Core/Src/can.o
 .text.__NVIC_SetPriority
                0x0800077c       0x54 ./Core/Src/can.o
 .text.CAN_Init
                0x080007d0       0x14 ./Core/Src/can.o
                0x080007d0                CAN_Init
 .text.CAN_RtosInit
                0x080007e4       0x9c ./Core/Src/can.o
                0x080007e4                CAN_RtosInit
 .text.CAN1_GPIO_Init
                0x08000880       0x6c ./Core/Src/can.o
 .text.CAN1_Peripheral_Init
                0x080008ec       0x88 ./Core/Src/can.o
 .text.CAN1_Filter_Init
                0x08000974       0x94 ./Core/Src/can.o
 .text.CAN1_RX_Interrupt_Init
                0x08000a08       0x28 ./Core/Src/can.o
 .text.CAN_Send
                0x08000a30       0x40 ./Core/Src/can.o
                0x08000a30                CAN_Send
 .text.CAN1_TrySend
                0x08000a70       0xe0 ./Core/Src/can.o
 .text.CanTxTask
                0x08000b50       0x40 ./Core/Src/can.o
 .text.CAN_RxIrqHandler
                0x08000b90      0x108 ./Core/Src/can.o
                0x08000b90                CAN_RxIrqHandler
 .text.CanRxTask
                0x08000c98       0x30 ./Core/Src/can.o
 .text.CAN_RegisterRxCallback
                0x08000cc8       0x98 ./Core/Src/can.o
                0x08000cc8                CAN_RegisterRxCallback
 .text.CAN_DispatchRxFrame
                0x08000d60       0x8c ./Core/Src/can.o
 .text.__NVIC_EnableIRQ
                0x08000dec       0x3c ./Core/Src/detect.o
 .text.__NVIC_SetPriority
                0x08000e28       0x54 ./Core/Src/detect.o
 .text.Detect_Init
                0x08000e7c       0xd0 ./Core/Src/detect.o
                0x08000e7c                Detect_Init
 .text.Detect_RtosInit
                0x08000f4c       0x48 ./Core/Src/detect.o
                0x08000f4c                Detect_RtosInit
 .text.Detect_IrqHandler
                0x08000f94       0x5c ./Core/Src/detect.o
                0x08000f94                Detect_IrqHandler
 .text.Detect_ReadPin
                0x08000ff0       0x30 ./Core/Src/detect.o
 .text.Detect_ProcessState
                0x08001020       0x6c ./Core/Src/detect.o
 .text.DetectTask
                0x0800108c       0x60 ./Core/Src/detect.o
 .text.main     0x080010ec       0x70 ./Core/Src/main.o
                0x080010ec                main
 .text.SystemClock_Config
                0x0800115c       0xd4 ./Core/Src/main.o
                0x0800115c                SystemClock_Config
 .text.MX_ETH_Init
                0x08001230       0x9c ./Core/Src/main.o
 .text.MX_USART3_UART_Init
                0x080012cc       0x54 ./Core/Src/main.o
 .text.MX_GPIO_Init
                0x08001320      0x19c ./Core/Src/main.o
 .text.StartDefaultTask
                0x080014bc       0x12 ./Core/Src/main.o
                0x080014bc                StartDefaultTask
 .text.Error_Handler
                0x080014ce        0xc ./Core/Src/main.o
                0x080014ce                Error_Handler
 *fill*         0x080014da        0x2 
 .text.ModuleA_HandlePressure
                0x080014dc       0xd4 ./Core/Src/module_a.o
                0x080014dc                ModuleA_HandlePressure
 .text.ModuleA_Init
                0x080015b0       0x18 ./Core/Src/module_a.o
                0x080015b0                ModuleA_Init
 .text.ModuleB_HandleTemperature
                0x080015c8       0x70 ./Core/Src/module_b.o
                0x080015c8                ModuleB_HandleTemperature
 .text.ModuleB_SendTargetTemp
                0x08001638       0x7c ./Core/Src/module_b.o
                0x08001638                ModuleB_SendTargetTemp
 .text.ModuleB_Init
                0x080016b4       0x18 ./Core/Src/module_b.o
                0x080016b4                ModuleB_Init
 .text.ModuleManager_Init
                0x080016cc       0x44 ./Core/Src/module_manager.o
                0x080016cc                ModuleManager_Init
 .text.ModuleManager_OnAttached
                0x08001710       0x48 ./Core/Src/module_manager.o
                0x08001710                ModuleManager_OnAttached
 .text.ModuleManager_OnDetached
                0x08001758       0x38 ./Core/Src/module_manager.o
                0x08001758                ModuleManager_OnDetached
 .text.ModuleManager_HandleAnnounce
                0x08001790       0xe4 ./Core/Src/module_manager.o
                0x08001790                ModuleManager_HandleAnnounce
 .text.ModuleManager_CheckId
                0x08001874       0x74 ./Core/Src/module_manager.o
 .text.ModuleManagerTask
                0x080018e8       0x60 ./Core/Src/module_manager.o
 .text.ModuleManager_SendLinkResult
                0x08001948       0x48 ./Core/Src/module_manager.o
 .text.ModuleManager_GetModuleType
                0x08001990       0x18 ./Core/Src/module_manager.o
                0x08001990                ModuleManager_GetModuleType
 .text.ModuleManager_IsAccepted
                0x080019a8       0x18 ./Core/Src/module_manager.o
                0x080019a8                ModuleManager_IsAccepted
 .text.Motor_Init
                0x080019c0       0x88 ./Core/Src/motor.o
                0x080019c0                Motor_Init
 .text.Motor_RtosInit
                0x08001a48       0x34 ./Core/Src/motor.o
                0x08001a48                Motor_RtosInit
 .text.Motor_GPIO_Init
                0x08001a7c      0x130 ./Core/Src/motor.o
 .text.TIM3_PWM_Init
                0x08001bac       0x88 ./Core/Src/motor.o
 .text.TIM4_Encoder_Init
                0x08001c34       0xb0 ./Core/Src/motor.o
 .text.Motor_StartHardware
                0x08001ce4       0x24 ./Core/Src/motor.o
 .text.Motor_StopHardware
                0x08001d08       0x30 ./Core/Src/motor.o
 .text.Motor_SetDuty
                0x08001d38       0x80 ./Core/Src/motor.o
 .text.Encoder_UpdateRPM
                0x08001db8       0x60 ./Core/Src/motor.o
 .text.Motor_PI_Control
                0x08001e18       0x98 ./Core/Src/motor.o
 .text.Motor_UpdateRampTarget
                0x08001eb0      0x128 ./Core/Src/motor.o
 .text.Motor_RequestStart
                0x08001fd8       0x74 ./Core/Src/motor.o
                0x08001fd8                Motor_RequestStart
 .text.Motor_RequestStop
                0x0800204c       0x64 ./Core/Src/motor.o
                0x0800204c                Motor_RequestStop
 .text.Motor_SetSpeedLevel
                0x080020b0       0x84 ./Core/Src/motor.o
                0x080020b0                Motor_SetSpeedLevel
 .text.Motor_WarningSlowdown
                0x08002134       0x34 ./Core/Src/motor.o
                0x08002134                Motor_WarningSlowdown
 .text.Motor_WarningRecover
                0x08002168       0x3c ./Core/Src/motor.o
                0x08002168                Motor_WarningRecover
 .text.MotorControlTask
                0x080021a4       0x78 ./Core/Src/motor.o
 .text.HAL_MspInit
                0x0800221c       0x58 ./Core/Src/stm32f4xx_hal_msp.o
                0x0800221c                HAL_MspInit
 .text.HAL_ETH_MspInit
                0x08002274      0x18c ./Core/Src/stm32f4xx_hal_msp.o
                0x08002274                HAL_ETH_MspInit
 .text.HAL_UART_MspInit
                0x08002400       0x90 ./Core/Src/stm32f4xx_hal_msp.o
                0x08002400                HAL_UART_MspInit
 .text.NMI_Handler
                0x08002490        0x8 ./Core/Src/stm32f4xx_it.o
                0x08002490                NMI_Handler
 .text.HardFault_Handler
                0x08002498        0x8 ./Core/Src/stm32f4xx_it.o
                0x08002498                HardFault_Handler
 .text.MemManage_Handler
                0x080024a0        0x8 ./Core/Src/stm32f4xx_it.o
                0x080024a0                MemManage_Handler
 .text.BusFault_Handler
                0x080024a8        0x8 ./Core/Src/stm32f4xx_it.o
                0x080024a8                BusFault_Handler
 .text.UsageFault_Handler
                0x080024b0        0x8 ./Core/Src/stm32f4xx_it.o
                0x080024b0                UsageFault_Handler
 .text.DebugMon_Handler
                0x080024b8        0xe ./Core/Src/stm32f4xx_it.o
                0x080024b8                DebugMon_Handler
 .text.SysTick_Handler
                0x080024c6       0x1a ./Core/Src/stm32f4xx_it.o
                0x080024c6                SysTick_Handler
 .text.CAN1_RX0_IRQHandler
                0x080024e0        0xc ./Core/Src/stm32f4xx_it.o
                0x080024e0                CAN1_RX0_IRQHandler
 .text.EXTI0_IRQHandler
                0x080024ec        0xc ./Core/Src/stm32f4xx_it.o
                0x080024ec                EXTI0_IRQHandler
 .text._sbrk    0x080024f8       0x6c ./Core/Src/sysmem.o
                0x080024f8                _sbrk
 .text.SystemInit
                0x08002564       0x24 ./Core/Src/system_stm32f4xx.o
                0x08002564                SystemInit
 .text.UARTTask_Init
                0x08002588       0x34 ./Core/Src/uart_task.o
                0x08002588                UARTTask_Init
 .text.UARTCommandTask
                0x080025bc       0x48 ./Core/Src/uart_task.o
 .text.UART_ProcessCommandChar
                0x08002604      0x310 ./Core/Src/uart_task.o
 .text.Warning_Motor_OnLevel2
                0x08002914        0xc ./Core/Src/warning.o
                0x08002914                Warning_Motor_OnLevel2
 .text.Warning_Motor_OnRecovery
                0x08002920        0xc ./Core/Src/warning.o
                0x08002920                Warning_Motor_OnRecovery
 .text.Warning_Init
                0x0800292c       0x3c ./Core/Src/warning.o
                0x0800292c                Warning_Init
 .text.Warning_RtosInit
                0x08002968       0x38 ./Core/Src/warning.o
                0x08002968                Warning_RtosInit
 .text.Warning_OnAiLevel
                0x080029a0       0x94 ./Core/Src/warning.o
                0x080029a0                Warning_OnAiLevel
 .text.Warning_OnGuiReset
                0x08002a34       0x40 ./Core/Src/warning.o
                0x08002a34                Warning_OnGuiReset
 .text.Warning_HwInit
                0x08002a74      0x1c8 ./Core/Src/warning.o
 .text.Warning_BuzzerOn
                0x08002c3c       0x1c ./Core/Src/warning.o
 .text.Warning_BuzzerOff
                0x08002c58       0x1c ./Core/Src/warning.o
 .text.Warning_LedMatrixOff
                0x08002c74       0x1c ./Core/Src/warning.o
 .text.Warning_LedMatrixLevel1
                0x08002c90       0x24 ./Core/Src/warning.o
 .text.Warning_LedMatrixLevel2
                0x08002cb4       0x24 ./Core/Src/warning.o
 .text.WarningTask
                0x08002cd8       0xec ./Core/Src/warning.o
 .text.Reset_Handler
                0x08002dc4       0x50 ./Core/Startup/startup_stm32f429zitx.o
                0x08002dc4                Reset_Handler
 .text.Default_Handler
                0x08002e14        0x2 ./Core/Startup/startup_stm32f429zitx.o
                0x08002e14                RTC_Alarm_IRQHandler
                0x08002e14                HASH_RNG_IRQHandler
                0x08002e14                EXTI2_IRQHandler
                0x08002e14                TIM8_CC_IRQHandler
                0x08002e14                UART8_IRQHandler
                0x08002e14                SPI4_IRQHandler
                0x08002e14                TIM1_CC_IRQHandler
                0x08002e14                DMA2_Stream5_IRQHandler
                0x08002e14                DMA1_Stream5_IRQHandler
                0x08002e14                PVD_IRQHandler
                0x08002e14                SDIO_IRQHandler
                0x08002e14                TAMP_STAMP_IRQHandler
                0x08002e14                CAN2_RX1_IRQHandler
                0x08002e14                EXTI3_IRQHandler
                0x08002e14                TIM8_TRG_COM_TIM14_IRQHandler
                0x08002e14                TIM1_UP_TIM10_IRQHandler
                0x08002e14                TIM8_UP_TIM13_IRQHandler
                0x08002e14                I2C3_ER_IRQHandler
                0x08002e14                I2C2_EV_IRQHandler
                0x08002e14                DMA1_Stream2_IRQHandler
                0x08002e14                FPU_IRQHandler
                0x08002e14                OTG_HS_WKUP_IRQHandler
                0x08002e14                LTDC_ER_IRQHandler
                0x08002e14                CAN2_SCE_IRQHandler
                0x08002e14                DMA2_Stream2_IRQHandler
                0x08002e14                SPI1_IRQHandler
                0x08002e14                TIM6_DAC_IRQHandler
                0x08002e14                TIM1_BRK_TIM9_IRQHandler
                0x08002e14                DCMI_IRQHandler
                0x08002e14                CAN2_RX0_IRQHandler
                0x08002e14                DMA2_Stream3_IRQHandler
                0x08002e14                USART6_IRQHandler
                0x08002e14                USART3_IRQHandler
                0x08002e14                CAN1_RX1_IRQHandler
                0x08002e14                UART5_IRQHandler
                0x08002e14                DMA2_Stream0_IRQHandler
                0x08002e14                TIM4_IRQHandler
                0x08002e14                I2C1_EV_IRQHandler
                0x08002e14                DMA1_Stream6_IRQHandler
                0x08002e14                DMA1_Stream1_IRQHandler
                0x08002e14                UART4_IRQHandler
                0x08002e14                TIM3_IRQHandler
                0x08002e14                RCC_IRQHandler
                0x08002e14                TIM8_BRK_TIM12_IRQHandler
                0x08002e14                Default_Handler
                0x08002e14                EXTI15_10_IRQHandler
                0x08002e14                ADC_IRQHandler
                0x08002e14                DMA1_Stream7_IRQHandler
                0x08002e14                SPI5_IRQHandler
                0x08002e14                TIM7_IRQHandler
                0x08002e14                CAN2_TX_IRQHandler
                0x08002e14                TIM5_IRQHandler
                0x08002e14                DMA2_Stream7_IRQHandler
                0x08002e14                I2C3_EV_IRQHandler
                0x08002e14                EXTI9_5_IRQHandler
                0x08002e14                RTC_WKUP_IRQHandler
                0x08002e14                LTDC_IRQHandler
                0x08002e14                ETH_WKUP_IRQHandler
                0x08002e14                SPI2_IRQHandler
                0x08002e14                OTG_HS_EP1_IN_IRQHandler
                0x08002e14                DMA1_Stream0_IRQHandler
                0x08002e14                CAN1_TX_IRQHandler
                0x08002e14                EXTI4_IRQHandler
                0x08002e14                ETH_IRQHandler
                0x08002e14                OTG_HS_EP1_OUT_IRQHandler
                0x08002e14                WWDG_IRQHandler
                0x08002e14                SPI6_IRQHandler
                0x08002e14                TIM2_IRQHandler
                0x08002e14                OTG_FS_WKUP_IRQHandler
                0x08002e14                TIM1_TRG_COM_TIM11_IRQHandler
                0x08002e14                OTG_HS_IRQHandler
                0x08002e14                DMA2D_IRQHandler
                0x08002e14                EXTI1_IRQHandler
                0x08002e14                UART7_IRQHandler
                0x08002e14                USART2_IRQHandler
                0x08002e14                I2C2_ER_IRQHandler
                0x08002e14                DMA2_Stream1_IRQHandler
                0x08002e14                CAN1_SCE_IRQHandler
                0x08002e14                FLASH_IRQHandler
                0x08002e14                DMA2_Stream4_IRQHandler
                0x08002e14                USART1_IRQHandler
                0x08002e14                OTG_FS_IRQHandler
                0x08002e14                SPI3_IRQHandler
                0x08002e14                DMA1_Stream4_IRQHandler
                0x08002e14                I2C1_ER_IRQHandler
                0x08002e14                FMC_IRQHandler
                0x08002e14                DMA2_Stream6_IRQHandler
                0x08002e14                SAI1_IRQHandler
                0x08002e14                DMA1_Stream3_IRQHandler
 *fill*         0x08002e16        0x2 
 .text.HAL_Init
                0x08002e18       0x44 ./Drivers/STM32F4xx_HAL_Driver/Src/stm32f4xx_hal.o
                0x08002e18                HAL_Init
 .text.HAL_InitTick
                0x08002e5c       0x60 ./Drivers/STM32F4xx_HAL_Driver/Src/stm32f4xx_hal.o
                0x08002e5c                HAL_InitTick
 .text.HAL_IncTick
                0x08002ebc       0x28 ./Drivers/STM32F4xx_HAL_Driver/Src/stm32f4xx_hal.o
                0x08002ebc                HAL_IncTick
 .text.HAL_GetTick
                0x08002ee4       0x18 ./Drivers/STM32F4xx_HAL_Driver/Src/stm32f4xx_hal.o
                0x08002ee4                HAL_GetTick
 .text.HAL_Delay
                0x08002efc       0x48 ./Drivers/STM32F4xx_HAL_Driver/Src/stm32f4xx_hal.o
                0x08002efc                HAL_Delay
 .text.__NVIC_SetPriorityGrouping
                0x08002f44       0x48 ./Drivers/STM32F4xx_HAL_Driver/Src/stm32f4xx_hal_cortex.o
 .text.__NVIC_GetPriorityGrouping
                0x08002f8c       0x1c ./Drivers/STM32F4xx_HAL_Driver/Src/stm32f4xx_hal_cortex.o
 .text.__NVIC_SetPriority
                0x08002fa8       0x54 ./Drivers/STM32F4xx_HAL_Driver/Src/stm32f4xx_hal_cortex.o
 .text.NVIC_EncodePriority
                0x08002ffc       0x66 ./Drivers/STM32F4xx_HAL_Driver/Src/stm32f4xx_hal_cortex.o
 *fill*         0x08003062        0x2 
 .text.SysTick_Config
                0x08003064       0x44 ./Drivers/STM32F4xx_HAL_Driver/Src/stm32f4xx_hal_cortex.o
 .text.HAL_NVIC_SetPriorityGrouping
                0x080030a8       0x16 ./Drivers/STM32F4xx_HAL_Driver/Src/stm32f4xx_hal_cortex.o
                0x080030a8                HAL_NVIC_SetPriorityGrouping
 .text.HAL_NVIC_SetPriority
                0x080030be       0x38 ./Drivers/STM32F4xx_HAL_Driver/Src/stm32f4xx_hal_cortex.o
                0x080030be                HAL_NVIC_SetPriority
 .text.HAL_SYSTICK_Config
                0x080030f6       0x18 ./Drivers/STM32F4xx_HAL_Driver/Src/stm32f4xx_hal_cortex.o
                0x080030f6                HAL_SYSTICK_Config
 *fill*         0x0800310e        0x2 
 .text.HAL_ETH_Init
                0x08003110      0x138 ./Drivers/STM32F4xx_HAL_Driver/Src/stm32f4xx_hal_eth.o
                0x08003110                HAL_ETH_Init
 .text.ETH_SetMACConfig
                0x08003248      0x168 ./Drivers/STM32F4xx_HAL_Driver/Src/stm32f4xx_hal_eth.o
 .text.ETH_SetDMAConfig
                0x080033b0      0x114 ./Drivers/STM32F4xx_HAL_Driver/Src/stm32f4xx_hal_eth.o
 .text.ETH_MACDMAConfig
                0x080034c4       0xea ./Drivers/STM32F4xx_HAL_Driver/Src/stm32f4xx_hal_eth.o
 *fill*         0x080035ae        0x2 
 .text.ETH_MACAddressConfig
                0x080035b0       0x70 ./Drivers/STM32F4xx_HAL_Driver/Src/stm32f4xx_hal_eth.o
 .text.ETH_DMATxDescListInit
                0x08003620       0xb2 ./Drivers/STM32F4xx_HAL_Driver/Src/stm32f4xx_hal_eth.o
 .text.ETH_DMARxDescListInit
                0x080036d2       0xde ./Drivers/STM32F4xx_HAL_Driver/Src/stm32f4xx_hal_eth.o
 .text.HAL_GPIO_Init
                0x080037b0      0x358 ./Drivers/STM32F4xx_HAL_Driver/Src/stm32f4xx_hal_gpio.o
                0x080037b0                HAL_GPIO_Init
 .text.HAL_GPIO_WritePin
                0x08003b08       0x32 ./Drivers/STM32F4xx_HAL_Driver/Src/stm32f4xx_hal_gpio.o
                0x08003b08                HAL_GPIO_WritePin
 *fill*         0x08003b3a        0x2 
 .text.HAL_RCC_OscConfig
                0x08003b3c      0x4f0 ./Drivers/STM32F4xx_HAL_Driver/Src/stm32f4xx_hal_rcc.o
                0x08003b3c                HAL_RCC_OscConfig
 .text.HAL_RCC_ClockConfig
                0x0800402c      0x1cc ./Drivers/STM32F4xx_HAL_Driver/Src/stm32f4xx_hal_rcc.o
                0x0800402c                HAL_RCC_ClockConfig
 .text.HAL_RCC_GetSysClockFreq
                0x080041f8      0x20c ./Drivers/STM32F4xx_HAL_Driver/Src/stm32f4xx_hal_rcc.o
                0x080041f8                HAL_RCC_GetSysClockFreq
 .text.HAL_RCC_GetHCLKFreq
                0x08004404       0x18 ./Drivers/STM32F4xx_HAL_Driver/Src/stm32f4xx_hal_rcc.o
                0x08004404                HAL_RCC_GetHCLKFreq
 .text.HAL_RCC_GetPCLK1Freq
                0x0800441c       0x28 ./Drivers/STM32F4xx_HAL_Driver/Src/stm32f4xx_hal_rcc.o
                0x0800441c                HAL_RCC_GetPCLK1Freq
 .text.HAL_RCC_GetPCLK2Freq
                0x08004444       0x28 ./Drivers/STM32F4xx_HAL_Driver/Src/stm32f4xx_hal_rcc.o
                0x08004444                HAL_RCC_GetPCLK2Freq
 .text.HAL_UART_Init
                0x0800446c       0xa0 ./Drivers/STM32F4xx_HAL_Driver/Src/stm32f4xx_hal_uart.o
                0x0800446c                HAL_UART_Init
 .text.HAL_UART_Transmit
                0x0800450c      0x116 ./Drivers/STM32F4xx_HAL_Driver/Src/stm32f4xx_hal_uart.o
                0x0800450c                HAL_UART_Transmit
 .text.HAL_UART_Receive
                0x08004622      0x12e ./Drivers/STM32F4xx_HAL_Driver/Src/stm32f4xx_hal_uart.o
                0x08004622                HAL_UART_Receive
 .text.UART_WaitOnFlagUntilTimeout
                0x08004750       0xb2 ./Drivers/STM32F4xx_HAL_Driver/Src/stm32f4xx_hal_uart.o
 .text.UART_EndRxTransfer
                0x08004802       0xc6 ./Drivers/STM32F4xx_HAL_Driver/Src/stm32f4xx_hal_uart.o
 .text.UART_SetConfig
                0x080048c8      0x4e8 ./Drivers/STM32F4xx_HAL_Driver/Src/stm32f4xx_hal_uart.o
 .text.__NVIC_SetPriority
                0x08004db0       0x54 ./Middlewares/Third_Party/FreeRTOS/Source/CMSIS_RTOS_V2/cmsis_os2.o
 .text.SVC_Setup
                0x08004e04       0x12 ./Middlewares/Third_Party/FreeRTOS/Source/CMSIS_RTOS_V2/cmsis_os2.o
 *fill*         0x08004e16        0x2 
 .text.osKernelInitialize
                0x08004e18       0x48 ./Middlewares/Third_Party/FreeRTOS/Source/CMSIS_RTOS_V2/cmsis_os2.o
                0x08004e18                osKernelInitialize
 .text.osKernelStart
                0x08004e60       0x4c ./Middlewares/Third_Party/FreeRTOS/Source/CMSIS_RTOS_V2/cmsis_os2.o
                0x08004e60                osKernelStart
 .text.osThreadNew
                0x08004eac      0x124 ./Middlewares/Third_Party/FreeRTOS/Source/CMSIS_RTOS_V2/cmsis_os2.o
                0x08004eac                osThreadNew
 .text.osDelay  0x08004fd0       0x36 ./Middlewares/Third_Party/FreeRTOS/Source/CMSIS_RTOS_V2/cmsis_os2.o
                0x08004fd0                osDelay
 *fill*         0x08005006        0x2 
 .text.vApplicationGetIdleTaskMemory
                0x08005008       0x34 ./Middlewares/Third_Party/FreeRTOS/Source/CMSIS_RTOS_V2/cmsis_os2.o
                0x08005008                vApplicationGetIdleTaskMemory
 .text.vApplicationGetTimerTaskMemory
                0x0800503c       0x34 ./Middlewares/Third_Party/FreeRTOS/Source/CMSIS_RTOS_V2/cmsis_os2.o
                0x0800503c                vApplicationGetTimerTaskMemory
 .text.vListInitialise
                0x08005070       0x40 ./Middlewares/Third_Party/FreeRTOS/Source/list.o
                0x08005070                vListInitialise
 .text.vListInitialiseItem
                0x080050b0       0x1a ./Middlewares/Third_Party/FreeRTOS/Source/list.o
                0x080050b0                vListInitialiseItem
 .text.vListInsertEnd
                0x080050ca       0x48 ./Middlewares/Third_Party/FreeRTOS/Source/list.o
                0x080050ca                vListInsertEnd
 .text.vListInsert
                0x08005112       0x72 ./Middlewares/Third_Party/FreeRTOS/Source/list.o
                0x08005112                vListInsert
 .text.uxListRemove
                0x08005184       0x54 ./Middlewares/Third_Party/FreeRTOS/Source/list.o
                0x08005184                uxListRemove
 .text.xQueueGenericReset
                0x080051d8       0xd4 ./Middlewares/Third_Party/FreeRTOS/Source/queue.o
                0x080051d8                xQueueGenericReset
 .text.xQueueGenericCreateStatic
                0x080052ac       0xfa ./Middlewares/Third_Party/FreeRTOS/Source/queue.o
                0x080052ac                xQueueGenericCreateStatic
 .text.xQueueGenericCreate
                0x080053a6       0x76 ./Middlewares/Third_Party/FreeRTOS/Source/queue.o
                0x080053a6                xQueueGenericCreate
 .text.prvInitialiseNewQueue
                0x0800541c       0x46 ./Middlewares/Third_Party/FreeRTOS/Source/queue.o
 *fill*         0x08005462        0x2 
 .text.xQueueGenericSend
                0x08005464      0x204 ./Middlewares/Third_Party/FreeRTOS/Source/queue.o
                0x08005464                xQueueGenericSend
 .text.xQueueGenericSendFromISR
                0x08005668      0x13c ./Middlewares/Third_Party/FreeRTOS/Source/queue.o
                0x08005668                xQueueGenericSendFromISR
 .text.xQueueReceive
                0x080057a4      0x1c4 ./Middlewares/Third_Party/FreeRTOS/Source/queue.o
                0x080057a4                xQueueReceive
 .text.prvCopyDataToQueue
                0x08005968       0xd4 ./Middlewares/Third_Party/FreeRTOS/Source/queue.o
 .text.prvCopyDataFromQueue
                0x08005a3c       0x4c ./Middlewares/Third_Party/FreeRTOS/Source/queue.o
 .text.prvUnlockQueue
                0x08005a88       0xa4 ./Middlewares/Third_Party/FreeRTOS/Source/queue.o
 .text.prvIsQueueEmpty
                0x08005b2c       0x2c ./Middlewares/Third_Party/FreeRTOS/Source/queue.o
 .text.prvIsQueueFull
                0x08005b58       0x30 ./Middlewares/Third_Party/FreeRTOS/Source/queue.o
 .text.vQueueAddToRegistry
                0x08005b88       0x54 ./Middlewares/Third_Party/FreeRTOS/Source/queue.o
                0x08005b88                vQueueAddToRegistry
 .text.vQueueWaitForMessageRestricted
                0x08005bdc       0x68 ./Middlewares/Third_Party/FreeRTOS/Source/queue.o
                0x08005bdc                vQueueWaitForMessageRestricted
 .text.xTaskCreateStatic
                0x08005c44       0xc0 ./Middlewares/Third_Party/FreeRTOS/Source/tasks.o
                0x08005c44                xTaskCreateStatic
 .text.xTaskCreate
                0x08005d04       0x8a ./Middlewares/Third_Party/FreeRTOS/Source/tasks.o
                0x08005d04                xTaskCreate
 .text.prvInitialiseNewTask
                0x08005d8e      0x120 ./Middlewares/Third_Party/FreeRTOS/Source/tasks.o
 *fill*         0x08005eae        0x2 
 .text.prvAddNewTaskToReadyList
                0x08005eb0       0xe0 ./Middlewares/Third_Party/FreeRTOS/Source/tasks.o
 .text.vTaskDelay
                0x08005f90       0x6c ./Middlewares/Third_Party/FreeRTOS/Source/tasks.o
                0x08005f90                vTaskDelay
 .text.vTaskStartScheduler
                0x08005ffc       0xd0 ./Middlewares/Third_Party/FreeRTOS/Source/tasks.o
                0x08005ffc                vTaskStartScheduler
 .text.vTaskSuspendAll
                0x080060cc       0x1c ./Middlewares/Third_Party/FreeRTOS/Source/tasks.o
                0x080060cc                vTaskSuspendAll
 .text.xTaskResumeAll
                0x080060e8      0x13c ./Middlewares/Third_Party/FreeRTOS/Source/tasks.o
                0x080060e8                xTaskResumeAll
 .text.xTaskGetTickCount
                0x08006224       0x20 ./Middlewares/Third_Party/FreeRTOS/Source/tasks.o
                0x08006224                xTaskGetTickCount
 .text.xTaskIncrementTick
                0x08006244      0x174 ./Middlewares/Third_Party/FreeRTOS/Source/tasks.o
                0x08006244                xTaskIncrementTick
 .text.vTaskSwitchContext
                0x080063b8       0xbc ./Middlewares/Third_Party/FreeRTOS/Source/tasks.o
                0x080063b8                vTaskSwitchContext
 .text.vTaskPlaceOnEventList
                0x08006474       0x4c ./Middlewares/Third_Party/FreeRTOS/Source/tasks.o
                0x08006474                vTaskPlaceOnEventList
 .text.vTaskPlaceOnEventListRestricted
                0x080064c0       0x58 ./Middlewares/Third_Party/FreeRTOS/Source/tasks.o
                0x080064c0                vTaskPlaceOnEventListRestricted
 .text.xTaskRemoveFromEventList
                0x08006518       0xc8 ./Middlewares/Third_Party/FreeRTOS/Source/tasks.o
                0x08006518                xTaskRemoveFromEventList
 .text.vTaskInternalSetTimeOutState
                0x080065e0       0x2c ./Middlewares/Third_Party/FreeRTOS/Source/tasks.o
                0x080065e0                vTaskInternalSetTimeOutState
 .text.xTaskCheckForTimeOut
                0x0800660c       0xc8 ./Middlewares/Third_Party/FreeRTOS/Source/tasks.o
                0x0800660c                xTaskCheckForTimeOut
 .text.vTaskMissedYield
                0x080066d4       0x18 ./Middlewares/Third_Party/FreeRTOS/Source/tasks.o
                0x080066d4                vTaskMissedYield
 .text.prvIdleTask
                0x080066ec       0x30 ./Middlewares/Third_Party/FreeRTOS/Source/tasks.o
 .text.prvInitialiseTaskLists
                0x0800671c       0x80 ./Middlewares/Third_Party/FreeRTOS/Source/tasks.o
 .text.prvCheckTasksWaitingTermination
                0x0800679c       0x5c ./Middlewares/Third_Party/FreeRTOS/Source/tasks.o
 .text.prvDeleteTCB
                0x080067f8       0x60 ./Middlewares/Third_Party/FreeRTOS/Source/tasks.o
 .text.prvResetNextTaskUnblockTime
                0x08006858       0x40 ./Middlewares/Third_Party/FreeRTOS/Source/tasks.o
 .text.xTaskGetSchedulerState
                0x08006898       0x3c ./Middlewares/Third_Party/FreeRTOS/Source/tasks.o
                0x08006898                xTaskGetSchedulerState
 .text.xTaskPriorityDisinherit
                0x080068d4       0xe0 ./Middlewares/Third_Party/FreeRTOS/Source/tasks.o
                0x080068d4                xTaskPriorityDisinherit
 .text.ulTaskNotifyTake
                0x080069b4       0x90 ./Middlewares/Third_Party/FreeRTOS/Source/tasks.o
                0x080069b4                ulTaskNotifyTake
 .text.xTaskGenericNotify
                0x08006a44      0x174 ./Middlewares/Third_Party/FreeRTOS/Source/tasks.o
                0x08006a44                xTaskGenericNotify
 .text.vTaskNotifyGiveFromISR
                0x08006bb8      0x128 ./Middlewares/Third_Party/FreeRTOS/Source/tasks.o
                0x08006bb8                vTaskNotifyGiveFromISR
 .text.prvAddCurrentTaskToDelayedList
                0x08006ce0       0xa8 ./Middlewares/Third_Party/FreeRTOS/Source/tasks.o
 .text.xTimerCreateTimerTask
                0x08006d88       0x94 ./Middlewares/Third_Party/FreeRTOS/Source/timers.o
                0x08006d88                xTimerCreateTimerTask
 .text.xTimerGenericCommand
                0x08006e1c       0x9c ./Middlewares/Third_Party/FreeRTOS/Source/timers.o
                0x08006e1c                xTimerGenericCommand
 .text.prvProcessExpiredTimer
                0x08006eb8       0x9c ./Middlewares/Third_Party/FreeRTOS/Source/timers.o
 .text.prvTimerTask
                0x08006f54       0x26 ./Middlewares/Third_Party/FreeRTOS/Source/timers.o
 *fill*         0x08006f7a        0x2 
 .text.prvProcessTimerOrBlockTask
                0x08006f7c       0x9c ./Middlewares/Third_Party/FreeRTOS/Source/timers.o
 .text.prvGetNextExpireTime
                0x08007018       0x48 ./Middlewares/Third_Party/FreeRTOS/Source/timers.o
 .text.prvSampleTimeNow
                0x08007060       0x40 ./Middlewares/Third_Party/FreeRTOS/Source/timers.o
 .text.prvInsertTimerInActiveList
                0x080070a0       0x84 ./Middlewares/Third_Party/FreeRTOS/Source/timers.o
 .text.prvProcessReceivedCommands
                0x08007124      0x1cc ./Middlewares/Third_Party/FreeRTOS/Source/timers.o
 .text.prvSwitchTimerLists
                0x080072f0       0xcc ./Middlewares/Third_Party/FreeRTOS/Source/timers.o
 .text.prvCheckForValidListAndQueue
                0x080073bc       0x80 ./Middlewares/Third_Party/FreeRTOS/Source/timers.o
 .text.pxPortInitialiseStack
                0x0800743c       0x68 ./Middlewares/Third_Party/FreeRTOS/Source/portable/GCC/ARM_CM4F/port.o
                0x0800743c                pxPortInitialiseStack
 .text.prvTaskExitError
                0x080074a4       0x5c ./Middlewares/Third_Party/FreeRTOS/Source/portable/GCC/ARM_CM4F/port.o
 .text.SVC_Handler
                0x08007500       0x28 ./Middlewares/Third_Party/FreeRTOS/Source/portable/GCC/ARM_CM4F/port.o
                0x08007500                SVC_Handler
 .text.prvPortStartFirstTask
                0x08007528       0x28 ./Middlewares/Third_Party/FreeRTOS/Source/portable/GCC/ARM_CM4F/port.o
 .text.xPortStartScheduler
                0x08007550      0x148 ./Middlewares/Third_Party/FreeRTOS/Source/portable/GCC/ARM_CM4F/port.o
                0x08007550                xPortStartScheduler
 .text.vPortEnterCritical
                0x08007698       0x64 ./Middlewares/Third_Party/FreeRTOS/Source/portable/GCC/ARM_CM4F/port.o
                0x08007698                vPortEnterCritical
 .text.vPortExitCritical
                0x080076fc       0x54 ./Middlewares/Third_Party/FreeRTOS/Source/portable/GCC/ARM_CM4F/port.o
                0x080076fc                vPortExitCritical
 .text.PendSV_Handler
                0x08007750       0x68 ./Middlewares/Third_Party/FreeRTOS/Source/portable/GCC/ARM_CM4F/port.o
                0x08007750                PendSV_Handler
 .text.xPortSysTickHandler
                0x080077b8       0x44 ./Middlewares/Third_Party/FreeRTOS/Source/portable/GCC/ARM_CM4F/port.o
                0x080077b8                xPortSysTickHandler
 .text.vPortSetupTimerInterrupt
                0x080077fc       0x48 ./Middlewares/Third_Party/FreeRTOS/Source/portable/GCC/ARM_CM4F/port.o
                0x080077fc                vPortSetupTimerInterrupt
 .text.vPortEnableVFP
                0x08007844       0x14 ./Middlewares/Third_Party/FreeRTOS/Source/portable/GCC/ARM_CM4F/port.o
 .text.vPortValidateInterruptPriority
                0x08007858       0x84 ./Middlewares/Third_Party/FreeRTOS/Source/portable/GCC/ARM_CM4F/port.o
                0x08007858                vPortValidateInterruptPriority
 .text.pvPortMalloc
                0x080078dc      0x19c ./Middlewares/Third_Party/FreeRTOS/Source/portable/MemMang/heap_4.o
                0x080078dc                pvPortMalloc
 .text.vPortFree
                0x08007a78       0xc8 ./Middlewares/Third_Party/FreeRTOS/Source/portable/MemMang/heap_4.o
                0x08007a78                vPortFree
 .text.prvHeapInit
                0x08007b40       0xc4 ./Middlewares/Third_Party/FreeRTOS/Source/portable/MemMang/heap_4.o
 .text.prvInsertBlockIntoFreeList
                0x08007c04       0xb4 ./Middlewares/Third_Party/FreeRTOS/Source/portable/MemMang/heap_4.o
 .text.snprintf
                0x08007cb8       0x6c C:/ST/STM32CubeIDE_2.1.1/STM32CubeIDE/plugins/com.st.stm32cube.ide.mcu.externaltools.gnu-tools-for-stm32.14.3.rel1.win32_1.0.100.202602081740/tools/bin/../lib/gcc/arm-none-eabi/14.3.1/../../../../arm-none-eabi/lib/thumb/v7e-m+fp/hard\libc_nano.a(libc_a-snprintf.o)
                0x08007cb8                sniprintf
                0x08007cb8                snprintf
 .text.memset   0x08007d24       0x10 C:/ST/STM32CubeIDE_2.1.1/STM32CubeIDE/plugins/com.st.stm32cube.ide.mcu.externaltools.gnu-tools-for-stm32.14.3.rel1.win32_1.0.100.202602081740/tools/bin/../lib/gcc/arm-none-eabi/14.3.1/../../../../arm-none-eabi/lib/thumb/v7e-m+fp/hard\libc_nano.a(libc_a-memset.o)
                0x08007d24                memset
 .text.__errno  0x08007d34        0xc C:/ST/STM32CubeIDE_2.1.1/STM32CubeIDE/plugins/com.st.stm32cube.ide.mcu.externaltools.gnu-tools-for-stm32.14.3.rel1.win32_1.0.100.202602081740/tools/bin/../lib/gcc/arm-none-eabi/14.3.1/../../../../arm-none-eabi/lib/thumb/v7e-m+fp/hard\libc_nano.a(libc_a-errno.o)
                0x08007d34                __errno
 .text.__libc_init_array
                0x08007d40       0x48 C:/ST/STM32CubeIDE_2.1.1/STM32CubeIDE/plugins/com.st.stm32cube.ide.mcu.externaltools.gnu-tools-for-stm32.14.3.rel1.win32_1.0.100.202602081740/tools/bin/../lib/gcc/arm-none-eabi/14.3.1/../../../../arm-none-eabi/lib/thumb/v7e-m+fp/hard\libc_nano.a(libc_a-init.o)
                0x08007d40                __libc_init_array
 .text.__retarget_lock_acquire_recursive
                0x08007d88        0x2 C:/ST/STM32CubeIDE_2.1.1/STM32CubeIDE/plugins/com.st.stm32cube.ide.mcu.externaltools.gnu-tools-for-stm32.14.3.rel1.win32_1.0.100.202602081740/tools/bin/../lib/gcc/arm-none-eabi/14.3.1/../../../../arm-none-eabi/lib/thumb/v7e-m+fp/hard\libc_nano.a(libc_a-lock.o)
                0x08007d88                __retarget_lock_acquire_recursive
 .text.__retarget_lock_release_recursive
                0x08007d8a        0x2 C:/ST/STM32CubeIDE_2.1.1/STM32CubeIDE/plugins/com.st.stm32cube.ide.mcu.externaltools.gnu-tools-for-stm32.14.3.rel1.win32_1.0.100.202602081740/tools/bin/../lib/gcc/arm-none-eabi/14.3.1/../../../../arm-none-eabi/lib/thumb/v7e-m+fp/hard\libc_nano.a(libc_a-lock.o)
                0x08007d8a                __retarget_lock_release_recursive
 .text.memcpy   0x08007d8c       0x1c C:/ST/STM32CubeIDE_2.1.1/STM32CubeIDE/plugins/com.st.stm32cube.ide.mcu.externaltools.gnu-tools-for-stm32.14.3.rel1.win32_1.0.100.202602081740/tools/bin/../lib/gcc/arm-none-eabi/14.3.1/../../../../arm-none-eabi/lib/thumb/v7e-m+fp/hard\libc_nano.a(libc_a-memcpy-stub.o)
                0x08007d8c                memcpy
 .text._free_r  0x08007da8       0x94 C:/ST/STM32CubeIDE_2.1.1/STM32CubeIDE/plugins/com.st.stm32cube.ide.mcu.externaltools.gnu-tools-for-stm32.14.3.rel1.win32_1.0.100.202602081740/tools/bin/../lib/gcc/arm-none-eabi/14.3.1/../../../../arm-none-eabi/lib/thumb/v7e-m+fp/hard\libc_nano.a(libc_a-freer.o)
                0x08007da8                _free_r
 .text.sbrk_aligned
                0x08007e3c       0x44 C:/ST/STM32CubeIDE_2.1.1/STM32CubeIDE/plugins/com.st.stm32cube.ide.mcu.externaltools.gnu-tools-for-stm32.14.3.rel1.win32_1.0.100.202602081740/tools/bin/../lib/gcc/arm-none-eabi/14.3.1/../../../../arm-none-eabi/lib/thumb/v7e-m+fp/hard\libc_nano.a(libc_a-mallocr.o)
 .text._malloc_r
                0x08007e80      0x100 C:/ST/STM32CubeIDE_2.1.1/STM32CubeIDE/plugins/com.st.stm32cube.ide.mcu.externaltools.gnu-tools-for-stm32.14.3.rel1.win32_1.0.100.202602081740/tools/bin/../lib/gcc/arm-none-eabi/14.3.1/../../../../arm-none-eabi/lib/thumb/v7e-m+fp/hard\libc_nano.a(libc_a-mallocr.o)
                0x08007e80                _malloc_r
 .text.__malloc_lock
                0x08007f80        0xc C:/ST/STM32CubeIDE_2.1.1/STM32CubeIDE/plugins/com.st.stm32cube.ide.mcu.externaltools.gnu-tools-for-stm32.14.3.rel1.win32_1.0.100.202602081740/tools/bin/../lib/gcc/arm-none-eabi/14.3.1/../../../../arm-none-eabi/lib/thumb/v7e-m+fp/hard\libc_nano.a(libc_a-mlock.o)
                0x08007f80                __malloc_lock
 .text.__malloc_unlock
                0x08007f8c        0xc C:/ST/STM32CubeIDE_2.1.1/STM32CubeIDE/plugins/com.st.stm32cube.ide.mcu.externaltools.gnu-tools-for-stm32.14.3.rel1.win32_1.0.100.202602081740/tools/bin/../lib/gcc/arm-none-eabi/14.3.1/../../../../arm-none-eabi/lib/thumb/v7e-m+fp/hard\libc_nano.a(libc_a-mlock.o)
                0x08007f8c                __malloc_unlock
 .text.__ssputs_r
                0x08007f98       0xc0 C:/ST/STM32CubeIDE_2.1.1/STM32CubeIDE/plugins/com.st.stm32cube.ide.mcu.externaltools.gnu-tools-for-stm32.14.3.rel1.win32_1.0.100.202602081740/tools/bin/../lib/gcc/arm-none-eabi/14.3.1/../../../../arm-none-eabi/lib/thumb/v7e-m+fp/hard\libc_nano.a(libc_a-nano-svfprintf.o)
                0x08007f98                __ssputs_r
 .text._svfprintf_r
                0x08008058      0x1f0 C:/ST/STM32CubeIDE_2.1.1/STM32CubeIDE/plugins/com.st.stm32cube.ide.mcu.externaltools.gnu-tools-for-stm32.14.3.rel1.win32_1.0.100.202602081740/tools/bin/../lib/gcc/arm-none-eabi/14.3.1/../../../../arm-none-eabi/lib/thumb/v7e-m+fp/hard\libc_nano.a(libc_a-nano-svfprintf.o)
                0x08008058                _svfiprintf_r
                0x08008058                _svfprintf_r
 .text._printf_common
                0x08008248       0xda C:/ST/STM32CubeIDE_2.1.1/STM32CubeIDE/plugins/com.st.stm32cube.ide.mcu.externaltools.gnu-tools-for-stm32.14.3.rel1.win32_1.0.100.202602081740/tools/bin/../lib/gcc/arm-none-eabi/14.3.1/../../../../arm-none-eabi/lib/thumb/v7e-m+fp/hard\libc_nano.a(libc_a-nano-vfprintf_i.o)
                0x08008248                _printf_common
 *fill*         0x08008322        0x2 
 .text._printf_i
                0x08008324      0x24c C:/ST/STM32CubeIDE_2.1.1/STM32CubeIDE/plugins/com.st.stm32cube.ide.mcu.externaltools.gnu-tools-for-stm32.14.3.rel1.win32_1.0.100.202602081740/tools/bin/../lib/gcc/arm-none-eabi/14.3.1/../../../../arm-none-eabi/lib/thumb/v7e-m+fp/hard\libc_nano.a(libc_a-nano-vfprintf_i.o)
                0x08008324                _printf_i
 .text.memmove  0x08008570       0x32 C:/ST/STM32CubeIDE_2.1.1/STM32CubeIDE/plugins/com.st.stm32cube.ide.mcu.externaltools.gnu-tools-for-stm32.14.3.rel1.win32_1.0.100.202602081740/tools/bin/../lib/gcc/arm-none-eabi/14.3.1/../../../../arm-none-eabi/lib/thumb/v7e-m+fp/hard\libc_nano.a(libc_a-memmove.o)
                0x08008570                memmove
 *fill*         0x080085a2        0x2 
 .text._sbrk_r  0x080085a4       0x20 C:/ST/STM32CubeIDE_2.1.1/STM32CubeIDE/plugins/com.st.stm32cube.ide.mcu.externaltools.gnu-tools-for-stm32.14.3.rel1.win32_1.0.100.202602081740/tools/bin/../lib/gcc/arm-none-eabi/14.3.1/../../../../arm-none-eabi/lib/thumb/v7e-m+fp/hard\libc_nano.a(libc_a-sbrkr.o)
                0x080085a4                _sbrk_r
 .text._realloc_r
                0x080085c4       0x5c C:/ST/STM32CubeIDE_2.1.1/STM32CubeIDE/plugins/com.st.stm32cube.ide.mcu.externaltools.gnu-tools-for-stm32.14.3.rel1.win32_1.0.100.202602081740/tools/bin/../lib/gcc/arm-none-eabi/14.3.1/../../../../arm-none-eabi/lib/thumb/v7e-m+fp/hard\libc_nano.a(libc_a-reallocr.o)
                0x080085c4                _realloc_r
 .text._malloc_usable_size_r
                0x08008620       0x10 C:/ST/STM32CubeIDE_2.1.1/STM32CubeIDE/plugins/com.st.stm32cube.ide.mcu.externaltools.gnu-tools-for-stm32.14.3.rel1.win32_1.0.100.202602081740/tools/bin/../lib/gcc/arm-none-eabi/14.3.1/../../../../arm-none-eabi/lib/thumb/v7e-m+fp/hard\libc_nano.a(libc_a-msizer.o)
                0x08008620                _malloc_usable_size_r
 *(.glue_7)
 .glue_7        0x08008630        0x0 linker stubs
 *(.glue_7t)
 .glue_7t       0x08008630        0x0 linker stubs
 *(.eh_frame)
 .eh_frame      0x08008630        0x0 C:/ST/STM32CubeIDE_2.1.1/STM32CubeIDE/plugins/com.st.stm32cube.ide.mcu.externaltools.gnu-tools-for-stm32.14.3.rel1.win32_1.0.100.202602081740/tools/bin/../lib/gcc/arm-none-eabi/14.3.1/thumb/v7e-m+fp/hard/crtbegin.o
 *(.init)
 .init          0x08008630        0x4 C:/ST/STM32CubeIDE_2.1.1/STM32CubeIDE/plugins/com.st.stm32cube.ide.mcu.externaltools.gnu-tools-for-stm32.14.3.rel1.win32_1.0.100.202602081740/tools/bin/../lib/gcc/arm-none-eabi/14.3.1/thumb/v7e-m+fp/hard/crti.o
                0x08008630                _init
 .init          0x08008634        0x8 C:/ST/STM32CubeIDE_2.1.1/STM32CubeIDE/plugins/com.st.stm32cube.ide.mcu.externaltools.gnu-tools-for-stm32.14.3.rel1.win32_1.0.100.202602081740/tools/bin/../lib/gcc/arm-none-eabi/14.3.1/thumb/v7e-m+fp/hard/crtn.o
 *(.fini)
 .fini          0x0800863c        0x4 C:/ST/STM32CubeIDE_2.1.1/STM32CubeIDE/plugins/com.st.stm32cube.ide.mcu.externaltools.gnu-tools-for-stm32.14.3.rel1.win32_1.0.100.202602081740/tools/bin/../lib/gcc/arm-none-eabi/14.3.1/thumb/v7e-m+fp/hard/crti.o
                0x0800863c                _fini
 .fini          0x08008640        0x8 C:/ST/STM32CubeIDE_2.1.1/STM32CubeIDE/plugins/com.st.stm32cube.ide.mcu.externaltools.gnu-tools-for-stm32.14.3.rel1.win32_1.0.100.202602081740/tools/bin/../lib/gcc/arm-none-eabi/14.3.1/thumb/v7e-m+fp/hard/crtn.o
                0x08008648                        . = ALIGN (0x4)
                0x08008648                        _etext = .

.vfp11_veneer   0x08008648        0x0
 .vfp11_veneer  0x08008648        0x0 linker stubs

.v4_bx          0x08008648        0x0
 .v4_bx         0x08008648        0x0 linker stubs

.iplt           0x08008648        0x0
 .iplt          0x08008648        0x0 C:/ST/STM32CubeIDE_2.1.1/STM32CubeIDE/plugins/com.st.stm32cube.ide.mcu.externaltools.gnu-tools-for-stm32.14.3.rel1.win32_1.0.100.202602081740/tools/bin/../lib/gcc/arm-none-eabi/14.3.1/thumb/v7e-m+fp/hard/crtbegin.o

.rodata         0x08008648      0x290
                0x08008648                        . = ALIGN (0x4)
 *(.rodata)
 .rodata        0x08008648       0x3a ./Core/Src/can.o
 *fill*         0x08008682        0x2 
 .rodata        0x08008684        0x7 ./Core/Src/detect.o
 *fill*         0x0800868b        0x1 
 .rodata        0x0800868c        0xc ./Core/Src/main.o
 .rodata        0x08008698       0x35 ./Core/Src/module_a.o
 *fill*         0x080086cd        0x3 
 .rodata        0x080086d0        0xb ./Core/Src/module_manager.o
 *fill*         0x080086db        0x1 
 .rodata        0x080086dc        0x6 ./Core/Src/motor.o
 *fill*         0x080086e2        0x2 
 .rodata        0x080086e4      0x14a ./Core/Src/uart_task.o
 *fill*         0x0800882e        0x2 
 .rodata        0x08008830        0x8 ./Core/Src/warning.o
 .rodata        0x08008838        0x5 ./Middlewares/Third_Party/FreeRTOS/Source/tasks.o
 *fill*         0x0800883d        0x3 
 .rodata        0x08008840        0xd ./Middlewares/Third_Party/FreeRTOS/Source/timers.o
 *(.rodata*)
 *fill*         0x0800884d        0x3 
 .rodata.LED_M_PATTERN_WARNING_4
                0x08008850        0x8 ./Core/Src/LED_M.o
                0x08008850                LED_M_PATTERN_WARNING_4
 .rodata.LED_M_PATTERN_WARNING_5
                0x08008858        0x8 ./Core/Src/LED_M.o
                0x08008858                LED_M_PATTERN_WARNING_5
 .rodata.LED_M_PATTERN_ALL_OFF
                0x08008860        0x8 ./Core/Src/LED_M.o
                0x08008860                LED_M_PATTERN_ALL_OFF
 .rodata.defaultTask_attributes
                0x08008868       0x24 ./Core/Src/main.o
                0x08008868                defaultTask_attributes
 .rodata.AHBPrescTable
                0x0800888c       0x10 ./Core/Src/system_stm32f4xx.o
                0x0800888c                AHBPrescTable
 .rodata.APBPrescTable
                0x0800889c        0x8 ./Core/Src/system_stm32f4xx.o
                0x0800889c                APBPrescTable
 .rodata._svfprintf_r.str1.1
                0x080088a4       0x33 C:/ST/STM32CubeIDE_2.1.1/STM32CubeIDE/plugins/com.st.stm32cube.ide.mcu.externaltools.gnu-tools-for-stm32.14.3.rel1.win32_1.0.100.202602081740/tools/bin/../lib/gcc/arm-none-eabi/14.3.1/../../../../arm-none-eabi/lib/thumb/v7e-m+fp/hard\libc_nano.a(libc_a-nano-svfprintf.o)
                                 0x11 (size before relaxing)
 .rodata._printf_i.str1.1
                0x080088d7       0x22 C:/ST/STM32CubeIDE_2.1.1/STM32CubeIDE/plugins/com.st.stm32cube.ide.mcu.externaltools.gnu-tools-for-stm32.14.3.rel1.win32_1.0.100.202602081740/tools/bin/../lib/gcc/arm-none-eabi/14.3.1/../../../../arm-none-eabi/lib/thumb/v7e-m+fp/hard\libc_nano.a(libc_a-nano-vfprintf_i.o)
                0x080088fc                        . = ALIGN (0x4)
 *fill*         0x080088d7        0x1 

.ARM.extab      0x080088d8        0x0
                0x080088d8                        . = ALIGN (0x4)
 *(.ARM.extab* .gnu.linkonce.armextab.*)
                0x080088d8                        . = ALIGN (0x4)

.ARM            0x080088d8        0x8
                0x080088d8                        . = ALIGN (0x4)
                0x080088d8                        __exidx_start = .
 *(.ARM.exidx*)
 .ARM.exidx     0x080088d8        0x8 C:/ST/STM32CubeIDE_2.1.1/STM32CubeIDE/plugins/com.st.stm32cube.ide.mcu.externaltools.gnu-tools-for-stm32.14.3.rel1.win32_1.0.100.202602081740/tools/bin/../lib/gcc/arm-none-eabi/14.3.1/../../../../arm-none-eabi/lib/thumb/v7e-m+fp/hard\libc_nano.a(libc_a-memchr.o)
 .ARM.exidx     0x080088e0        0x0 C:/ST/STM32CubeIDE_2.1.1/STM32CubeIDE/plugins/com.st.stm32cube.ide.mcu.externaltools.gnu-tools-for-stm32.14.3.rel1.win32_1.0.100.202602081740/tools/bin/../lib/gcc/arm-none-eabi/14.3.1/thumb/v7e-m+fp/hard\libgcc.a(_udivmoddi4.o)
                                  0x8 (size before relaxing)
                0x080088e0                        __exidx_end = .
                0x080088e0                        . = ALIGN (0x4)

.preinit_array  0x080088e0        0x0
                0x080088e0                        . = ALIGN (0x4)
                0x080088e0                        PROVIDE (__preinit_array_start = .)
 *(.preinit_array*)
                0x080088e0                        PROVIDE (__preinit_array_end = .)
                0x080088e0                        . = ALIGN (0x4)

.init_array     0x080088e0        0x4
                0x080088e0                        . = ALIGN (0x4)
                0x080088e0                        PROVIDE (__init_array_start = .)
 *(SORT_BY_NAME(.init_array.*))
 *(.init_array*)
 .init_array    0x080088e0        0x4 C:/ST/STM32CubeIDE_2.1.1/STM32CubeIDE/plugins/com.st.stm32cube.ide.mcu.externaltools.gnu-tools-for-stm32.14.3.rel1.win32_1.0.100.202602081740/tools/bin/../lib/gcc/arm-none-eabi/14.3.1/thumb/v7e-m+fp/hard/crtbegin.o
                0x080088e4                        PROVIDE (__init_array_end = .)
                0x080088e4                        . = ALIGN (0x4)

.fini_array     0x080088e4        0x4
                0x080088e4                        . = ALIGN (0x4)
                [!provide]                        PROVIDE (__fini_array_start = .)
 *(SORT_BY_NAME(.fini_array.*))
 *(.fini_array*)
 .fini_array    0x080088e4        0x4 C:/ST/STM32CubeIDE_2.1.1/STM32CubeIDE/plugins/com.st.stm32cube.ide.mcu.externaltools.gnu-tools-for-stm32.14.3.rel1.win32_1.0.100.202602081740/tools/bin/../lib/gcc/arm-none-eabi/14.3.1/thumb/v7e-m+fp/hard/crtbegin.o
                [!provide]                        PROVIDE (__fini_array_end = .)
                0x080088e8                        . = ALIGN (0x4)
                0x080088e8                        _sidata = LOADADDR (.data)

.rel.dyn        0x080088e8        0x0
 .rel.iplt      0x080088e8        0x0 C:/ST/STM32CubeIDE_2.1.1/STM32CubeIDE/plugins/com.st.stm32cube.ide.mcu.externaltools.gnu-tools-for-stm32.14.3.rel1.win32_1.0.100.202602081740/tools/bin/../lib/gcc/arm-none-eabi/14.3.1/thumb/v7e-m+fp/hard/crtbegin.o

.data           0x20000000       0x78 load address 0x080088e8
                0x20000000                        . = ALIGN (0x4)
                0x20000000                        _sdata = .
 *(.data)
 *(.data*)
 .data.SystemCoreClock
                0x20000000        0x4 ./Core/Src/system_stm32f4xx.o
                0x20000000                SystemCoreClock
 .data.led_matrix1
                0x20000004        0xc ./Core/Src/warning.o
 .data.led_matrix2
                0x20000010        0xc ./Core/Src/warning.o
 .data.uwTickPrio
                0x2000001c        0x4 ./Drivers/STM32F4xx_HAL_Driver/Src/stm32f4xx_hal.o
                0x2000001c                uwTickPrio
 .data.uwTickFreq
                0x20000020        0x1 ./Drivers/STM32F4xx_HAL_Driver/Src/stm32f4xx_hal.o
                0x20000020                uwTickFreq
 *fill*         0x20000021        0x3 
 .data.uxCriticalNesting
                0x20000024        0x4 ./Middlewares/Third_Party/FreeRTOS/Source/portable/GCC/ARM_CM4F/port.o
 .data._impure_ptr
                0x20000028        0x4 C:/ST/STM32CubeIDE_2.1.1/STM32CubeIDE/plugins/com.st.stm32cube.ide.mcu.externaltools.gnu-tools-for-stm32.14.3.rel1.win32_1.0.100.202602081740/tools/bin/../lib/gcc/arm-none-eabi/14.3.1/../../../../arm-none-eabi/lib/thumb/v7e-m+fp/hard\libc_nano.a(libc_a-impure.o)
                0x20000028                _impure_ptr
 .data._impure_data
                0x2000002c       0x4c C:/ST/STM32CubeIDE_2.1.1/STM32CubeIDE/plugins/com.st.stm32cube.ide.mcu.externaltools.gnu-tools-for-stm32.14.3.rel1.win32_1.0.100.202602081740/tools/bin/../lib/gcc/arm-none-eabi/14.3.1/../../../../arm-none-eabi/lib/thumb/v7e-m+fp/hard\libc_nano.a(libc_a-impure.o)
                0x2000002c                _impure_data
 *(.RamFunc)
 *(.RamFunc*)
                0x20000078                        . = ALIGN (0x4)
                0x20000078                        _edata = .
                0x08008960                        _siccmram = LOADADDR (.ccmram)

.igot.plt       0x20000078        0x0 load address 0x08008960
 .igot.plt      0x20000078        0x0 C:/ST/STM32CubeIDE_2.1.1/STM32CubeIDE/plugins/com.st.stm32cube.ide.mcu.externaltools.gnu-tools-for-stm32.14.3.rel1.win32_1.0.100.202602081740/tools/bin/../lib/gcc/arm-none-eabi/14.3.1/thumb/v7e-m+fp/hard/crtbegin.o

.ccmram         0x10000000        0x0 load address 0x08008960
                0x10000000                        . = ALIGN (0x4)
                0x10000000                        _sccmram = .
 *(.ccmram)
 *(.ccmram*)
                0x10000000                        . = ALIGN (0x4)
                0x10000000                        _eccmram = .
                0x10000000                        . = ALIGN (0x4)

.bss            0x20000078     0x4de4
                0x20000078                        _sbss = .
                0x20000078                        __bss_start__ = _sbss
 *(.bss)
 .bss           0x20000078       0x1c C:/ST/STM32CubeIDE_2.1.1/STM32CubeIDE/plugins/com.st.stm32cube.ide.mcu.externaltools.gnu-tools-for-stm32.14.3.rel1.win32_1.0.100.202602081740/tools/bin/../lib/gcc/arm-none-eabi/14.3.1/thumb/v7e-m+fp/hard/crtbegin.o
 *(.bss*)
 .bss.can_rx_queue
                0x20000094        0x4 ./Core/Src/can.o
 .bss.can_tx_queue
                0x20000098        0x4 ./Core/Src/can.o
 .bss.callback_table
                0x2000009c       0x40 ./Core/Src/can.o
 .bss.rx_drop_count
                0x200000dc        0x4 ./Core/Src/can.o
 .bss.detect_task_handle
                0x200000e0        0x4 ./Core/Src/detect.o
 .bss.detect_active_state
                0x200000e4        0x1 ./Core/Src/detect.o
 *fill*         0x200000e5        0x3 
 .bss.TxConfig  0x200000e8       0x38 ./Core/Src/main.o
                0x200000e8                TxConfig
 .bss.DMARxDscrTab
                0x20000120       0xa0 ./Core/Src/main.o
                0x20000120                DMARxDscrTab
 .bss.DMATxDscrTab
                0x200001c0       0xa0 ./Core/Src/main.o
                0x200001c0                DMATxDscrTab
 .bss.heth      0x20000260       0xb0 ./Core/Src/main.o
                0x20000260                heth
 .bss.huart3    0x20000310       0x48 ./Core/Src/main.o
                0x20000310                huart3
 .bss.defaultTaskHandle
                0x20000358        0x4 ./Core/Src/main.o
                0x20000358                defaultTaskHandle
 .bss.MACAddr.0
                0x2000035c        0x6 ./Core/Src/main.o
 .bss.auth_state
                0x20000362        0x1 ./Core/Src/module_manager.o
 .bss.module_type
                0x20000363        0x1 ./Core/Src/module_manager.o
 .bss.module_id
                0x20000364        0x4 ./Core/Src/module_manager.o
 .bss.link_accepted
                0x20000368        0x1 ./Core/Src/module_manager.o
 *fill*         0x20000369        0x3 
 .bss.auth_start_tick
                0x2000036c        0x4 ./Core/Src/module_manager.o
 .bss.motor_running
                0x20000370        0x1 ./Core/Src/motor.o
 .bss.motor_speed_level
                0x20000371        0x1 ./Core/Src/motor.o
 *fill*         0x20000372        0x2 
 .bss.target_rpm
                0x20000374        0x4 ./Core/Src/motor.o
 .bss.current_rpm
                0x20000378        0x4 ./Core/Src/motor.o
 .bss.motor_duty
                0x2000037c        0x4 ./Core/Src/motor.o
 .bss.prev_encoder_cnt
                0x20000380        0x2 ./Core/Src/motor.o
 *fill*         0x20000382        0x2 
 .bss.pi_prev_error
                0x20000384        0x4 ./Core/Src/motor.o
 .bss.pi_prev_duty
                0x20000388        0x4 ./Core/Src/motor.o
 .bss.user_target_rpm
                0x2000038c        0x4 ./Core/Src/motor.o
 .bss.warning_slowdown_active
                0x20000390        0x1 ./Core/Src/motor.o
 .bss.warning_recovery_active
                0x20000391        0x1 ./Core/Src/motor.o
 *fill*         0x20000392        0x2 
 .bss.__sbrk_heap_end
                0x20000394        0x4 ./Core/Src/sysmem.o
 .bss.g_system_data
                0x20000398       0x20 ./Core/Src/system_data.o
                0x20000398                g_system_data
 .bss.warning_task_handle
                0x200003b8        0x4 ./Core/Src/warning.o
 .bss.warning_state
                0x200003bc        0x1 ./Core/Src/warning.o
 .bss.warning_level
                0x200003bd        0x1 ./Core/Src/warning.o
 *fill*         0x200003be        0x2 
 .bss.uwTick    0x200003c0        0x4 ./Drivers/STM32F4xx_HAL_Driver/Src/stm32f4xx_hal.o
                0x200003c0                uwTick
 .bss.KernelState
                0x200003c4        0x4 ./Middlewares/Third_Party/FreeRTOS/Source/CMSIS_RTOS_V2/cmsis_os2.o
 .bss.Idle_TCB.3
                0x200003c8       0x5c ./Middlewares/Third_Party/FreeRTOS/Source/CMSIS_RTOS_V2/cmsis_os2.o
 .bss.Idle_Stack.2
                0x20000424      0x200 ./Middlewares/Third_Party/FreeRTOS/Source/CMSIS_RTOS_V2/cmsis_os2.o
 .bss.Timer_TCB.1
                0x20000624       0x5c ./Middlewares/Third_Party/FreeRTOS/Source/CMSIS_RTOS_V2/cmsis_os2.o
 .bss.Timer_Stack.0
                0x20000680      0x400 ./Middlewares/Third_Party/FreeRTOS/Source/CMSIS_RTOS_V2/cmsis_os2.o
 .bss.xQueueRegistry
                0x20000a80       0x40 ./Middlewares/Third_Party/FreeRTOS/Source/queue.o
                0x20000a80                xQueueRegistry
 .bss.pxCurrentTCB
                0x20000ac0        0x4 ./Middlewares/Third_Party/FreeRTOS/Source/tasks.o
                0x20000ac0                pxCurrentTCB
 .bss.pxReadyTasksLists
                0x20000ac4      0x460 ./Middlewares/Third_Party/FreeRTOS/Source/tasks.o
 .bss.xDelayedTaskList1
                0x20000f24       0x14 ./Middlewares/Third_Party/FreeRTOS/Source/tasks.o
 .bss.xDelayedTaskList2
                0x20000f38       0x14 ./Middlewares/Third_Party/FreeRTOS/Source/tasks.o
 .bss.pxDelayedTaskList
                0x20000f4c        0x4 ./Middlewares/Third_Party/FreeRTOS/Source/tasks.o
 .bss.pxOverflowDelayedTaskList
                0x20000f50        0x4 ./Middlewares/Third_Party/FreeRTOS/Source/tasks.o
 .bss.xPendingReadyList
                0x20000f54       0x14 ./Middlewares/Third_Party/FreeRTOS/Source/tasks.o
 .bss.xTasksWaitingTermination
                0x20000f68       0x14 ./Middlewares/Third_Party/FreeRTOS/Source/tasks.o
 .bss.uxDeletedTasksWaitingCleanUp
                0x20000f7c        0x4 ./Middlewares/Third_Party/FreeRTOS/Source/tasks.o
 .bss.xSuspendedTaskList
                0x20000f80       0x14 ./Middlewares/Third_Party/FreeRTOS/Source/tasks.o
 .bss.uxCurrentNumberOfTasks
                0x20000f94        0x4 ./Middlewares/Third_Party/FreeRTOS/Source/tasks.o
 .bss.xTickCount
                0x20000f98        0x4 ./Middlewares/Third_Party/FreeRTOS/Source/tasks.o
 .bss.uxTopReadyPriority
                0x20000f9c        0x4 ./Middlewares/Third_Party/FreeRTOS/Source/tasks.o
 .bss.xSchedulerRunning
                0x20000fa0        0x4 ./Middlewares/Third_Party/FreeRTOS/Source/tasks.o
 .bss.xPendedTicks
                0x20000fa4        0x4 ./Middlewares/Third_Party/FreeRTOS/Source/tasks.o
 .bss.xYieldPending
                0x20000fa8        0x4 ./Middlewares/Third_Party/FreeRTOS/Source/tasks.o
 .bss.xNumOfOverflows
                0x20000fac        0x4 ./Middlewares/Third_Party/FreeRTOS/Source/tasks.o
 .bss.uxTaskNumber
                0x20000fb0        0x4 ./Middlewares/Third_Party/FreeRTOS/Source/tasks.o
 .bss.xNextTaskUnblockTime
                0x20000fb4        0x4 ./Middlewares/Third_Party/FreeRTOS/Source/tasks.o
 .bss.xIdleTaskHandle
                0x20000fb8        0x4 ./Middlewares/Third_Party/FreeRTOS/Source/tasks.o
 .bss.uxSchedulerSuspended
                0x20000fbc        0x4 ./Middlewares/Third_Party/FreeRTOS/Source/tasks.o
 .bss.xActiveTimerList1
                0x20000fc0       0x14 ./Middlewares/Third_Party/FreeRTOS/Source/timers.o
 .bss.xActiveTimerList2
                0x20000fd4       0x14 ./Middlewares/Third_Party/FreeRTOS/Source/timers.o
 .bss.pxCurrentTimerList
                0x20000fe8        0x4 ./Middlewares/Third_Party/FreeRTOS/Source/timers.o
 .bss.pxOverflowTimerList
                0x20000fec        0x4 ./Middlewares/Third_Party/FreeRTOS/Source/timers.o
 .bss.xTimerQueue
                0x20000ff0        0x4 ./Middlewares/Third_Party/FreeRTOS/Source/timers.o
 .bss.xTimerTaskHandle
                0x20000ff4        0x4 ./Middlewares/Third_Party/FreeRTOS/Source/timers.o
 .bss.xLastTime.2
                0x20000ff8        0x4 ./Middlewares/Third_Party/FreeRTOS/Source/timers.o
 .bss.ucStaticTimerQueueStorage.1
                0x20000ffc       0xa0 ./Middlewares/Third_Party/FreeRTOS/Source/timers.o
 .bss.xStaticTimerQueue.0
                0x2000109c       0x50 ./Middlewares/Third_Party/FreeRTOS/Source/timers.o
 .bss.ucMaxSysCallPriority
                0x200010ec        0x1 ./Middlewares/Third_Party/FreeRTOS/Source/portable/GCC/ARM_CM4F/port.o
 *fill*         0x200010ed        0x3 
 .bss.ulMaxPRIGROUPValue
                0x200010f0        0x4 ./Middlewares/Third_Party/FreeRTOS/Source/portable/GCC/ARM_CM4F/port.o
 .bss.ucHeap    0x200010f4     0x3c00 ./Middlewares/Third_Party/FreeRTOS/Source/portable/MemMang/heap_4.o
 .bss.xStart    0x20004cf4        0x8 ./Middlewares/Third_Party/FreeRTOS/Source/portable/MemMang/heap_4.o
 .bss.pxEnd     0x20004cfc        0x4 ./Middlewares/Third_Party/FreeRTOS/Source/portable/MemMang/heap_4.o
 .bss.xFreeBytesRemaining
                0x20004d00        0x4 ./Middlewares/Third_Party/FreeRTOS/Source/portable/MemMang/heap_4.o
 .bss.xMinimumEverFreeBytesRemaining
                0x20004d04        0x4 ./Middlewares/Third_Party/FreeRTOS/Source/portable/MemMang/heap_4.o
 .bss.xNumberOfSuccessfulAllocations
                0x20004d08        0x4 ./Middlewares/Third_Party/FreeRTOS/Source/portable/MemMang/heap_4.o
 .bss.xNumberOfSuccessfulFrees
                0x20004d0c        0x4 ./Middlewares/Third_Party/FreeRTOS/Source/portable/MemMang/heap_4.o
 .bss.xBlockAllocatedBit
                0x20004d10        0x4 ./Middlewares/Third_Party/FreeRTOS/Source/portable/MemMang/heap_4.o
 .bss.__sf      0x20004d14      0x138 C:/ST/STM32CubeIDE_2.1.1/STM32CubeIDE/plugins/com.st.stm32cube.ide.mcu.externaltools.gnu-tools-for-stm32.14.3.rel1.win32_1.0.100.202602081740/tools/bin/../lib/gcc/arm-none-eabi/14.3.1/../../../../arm-none-eabi/lib/thumb/v7e-m+fp/hard\libc_nano.a(libc_a-findfp.o)
                0x20004d14                __sf
 .bss.errno     0x20004e4c        0x4 C:/ST/STM32CubeIDE_2.1.1/STM32CubeIDE/plugins/com.st.stm32cube.ide.mcu.externaltools.gnu-tools-for-stm32.14.3.rel1.win32_1.0.100.202602081740/tools/bin/../lib/gcc/arm-none-eabi/14.3.1/../../../../arm-none-eabi/lib/thumb/v7e-m+fp/hard\libc_nano.a(libc_a-reent.o)
                0x20004e4c                errno
 .bss.__lock___malloc_recursive_mutex
                0x20004e50        0x1 C:/ST/STM32CubeIDE_2.1.1/STM32CubeIDE/plugins/com.st.stm32cube.ide.mcu.externaltools.gnu-tools-for-stm32.14.3.rel1.win32_1.0.100.202602081740/tools/bin/../lib/gcc/arm-none-eabi/14.3.1/../../../../arm-none-eabi/lib/thumb/v7e-m+fp/hard\libc_nano.a(libc_a-lock.o)
                0x20004e50                __lock___malloc_recursive_mutex
 *fill*         0x20004e51        0x3 
 .bss.__malloc_sbrk_start
                0x20004e54        0x4 C:/ST/STM32CubeIDE_2.1.1/STM32CubeIDE/plugins/com.st.stm32cube.ide.mcu.externaltools.gnu-tools-for-stm32.14.3.rel1.win32_1.0.100.202602081740/tools/bin/../lib/gcc/arm-none-eabi/14.3.1/../../../../arm-none-eabi/lib/thumb/v7e-m+fp/hard\libc_nano.a(libc_a-mallocr.o)
                0x20004e54                __malloc_sbrk_start
 .bss.__malloc_free_list
                0x20004e58        0x4 C:/ST/STM32CubeIDE_2.1.1/STM32CubeIDE/plugins/com.st.stm32cube.ide.mcu.externaltools.gnu-tools-for-stm32.14.3.rel1.win32_1.0.100.202602081740/tools/bin/../lib/gcc/arm-none-eabi/14.3.1/../../../../arm-none-eabi/lib/thumb/v7e-m+fp/hard\libc_nano.a(libc_a-mallocr.o)
                0x20004e58                __malloc_free_list
 *(COMMON)
                0x20004e5c                        . = ALIGN (0x4)
                0x20004e5c                        _ebss = .
                0x20004e5c                        __bss_end__ = _ebss

._user_heap_stack
                0x20004e5c      0x604
                0x20004e60                        . = ALIGN (0x8)
 *fill*         0x20004e5c        0x4 
                [!provide]                        PROVIDE (end = .)
                0x20004e60                        PROVIDE (_end = .)
                0x20005060                        . = (. + _Min_Heap_Size)
 *fill*         0x20004e60      0x200 
                0x20005460                        . = (. + _Min_Stack_Size)
 *fill*         0x20005060      0x400 
                0x20005460                        . = ALIGN (0x8)

/DISCARD/
 libc.a(*)
 libm.a(*)
 libgcc.a(*)

.ARM.attributes
                0x00000000       0x30
 *(.ARM.attributes)
 .ARM.attributes
                0x00000000       0x22 C:/ST/STM32CubeIDE_2.1.1/STM32CubeIDE/plugins/com.st.stm32cube.ide.mcu.externaltools.gnu-tools-for-stm32.14.3.rel1.win32_1.0.100.202602081740/tools/bin/../lib/gcc/arm-none-eabi/14.3.1/thumb/v7e-m+fp/hard/crti.o
 .ARM.attributes
                0x00000022       0x34 C:/ST/STM32CubeIDE_2.1.1/STM32CubeIDE/plugins/com.st.stm32cube.ide.mcu.externaltools.gnu-tools-for-stm32.14.3.rel1.win32_1.0.100.202602081740/tools/bin/../lib/gcc/arm-none-eabi/14.3.1/thumb/v7e-m+fp/hard/crtbegin.o
 .ARM.attributes
                0x00000056       0x34 ./Core/Src/LED_M.o
 .ARM.attributes
                0x0000008a       0x34 ./Core/Src/can.o
 .ARM.attributes
                0x000000be       0x34 ./Core/Src/detect.o
 .ARM.attributes
                0x000000f2       0x34 ./Core/Src/main.o
 .ARM.attributes
                0x00000126       0x34 ./Core/Src/module_a.o
 .ARM.attributes
                0x0000015a       0x34 ./Core/Src/module_b.o
 .ARM.attributes
                0x0000018e       0x34 ./Core/Src/module_manager.o
 .ARM.attributes
                0x000001c2       0x34 ./Core/Src/motor.o
 .ARM.attributes
                0x000001f6       0x34 ./Core/Src/stm32f4xx_hal_msp.o
 .ARM.attributes
                0x0000022a       0x34 ./Core/Src/stm32f4xx_it.o
 .ARM.attributes
                0x0000025e       0x34 ./Core/Src/sysmem.o
 .ARM.attributes
                0x00000292       0x34 ./Core/Src/system_data.o
 .ARM.attributes
                0x000002c6       0x34 ./Core/Src/system_stm32f4xx.o
 .ARM.attributes
                0x000002fa       0x34 ./Core/Src/uart_task.o
 .ARM.attributes
                0x0000032e       0x34 ./Core/Src/warning.o
 .ARM.attributes
                0x00000362       0x21 ./Core/Startup/startup_stm32f429zitx.o
 .ARM.attributes
                0x00000383       0x34 ./Drivers/STM32F4xx_HAL_Driver/Src/stm32f4xx_hal.o
 .ARM.attributes
                0x000003b7       0x34 ./Drivers/STM32F4xx_HAL_Driver/Src/stm32f4xx_hal_cortex.o
 .ARM.attributes
                0x000003eb       0x34 ./Drivers/STM32F4xx_HAL_Driver/Src/stm32f4xx_hal_eth.o
 .ARM.attributes
                0x0000041f       0x34 ./Drivers/STM32F4xx_HAL_Driver/Src/stm32f4xx_hal_gpio.o
 .ARM.attributes
                0x00000453       0x34 ./Drivers/STM32F4xx_HAL_Driver/Src/stm32f4xx_hal_rcc.o
 .ARM.attributes
                0x00000487       0x34 ./Drivers/STM32F4xx_HAL_Driver/Src/stm32f4xx_hal_uart.o
 .ARM.attributes
                0x000004bb       0x34 ./Middlewares/Third_Party/FreeRTOS/Source/CMSIS_RTOS_V2/cmsis_os2.o
 .ARM.attributes
                0x000004ef       0x34 ./Middlewares/Third_Party/FreeRTOS/Source/list.o
 .ARM.attributes
                0x00000523       0x34 ./Middlewares/Third_Party/FreeRTOS/Source/queue.o
 .ARM.attributes
                0x00000557       0x34 ./Middlewares/Third_Party/FreeRTOS/Source/tasks.o
 .ARM.attributes
                0x0000058b       0x34 ./Middlewares/Third_Party/FreeRTOS/Source/timers.o
 .ARM.attributes
                0x000005bf       0x34 ./Middlewares/Third_Party/FreeRTOS/Source/portable/GCC/ARM_CM4F/port.o
 .ARM.attributes
                0x000005f3       0x34 ./Middlewares/Third_Party/FreeRTOS/Source/portable/MemMang/heap_4.o
 .ARM.attributes
                0x00000627       0x34 C:/ST/STM32CubeIDE_2.1.1/STM32CubeIDE/plugins/com.st.stm32cube.ide.mcu.externaltools.gnu-tools-for-stm32.14.3.rel1.win32_1.0.100.202602081740/tools/bin/../lib/gcc/arm-none-eabi/14.3.1/../../../../arm-none-eabi/lib/thumb/v7e-m+fp/hard\libc_nano.a(libc_a-findfp.o)
 .ARM.attributes
                0x0000065b       0x34 C:/ST/STM32CubeIDE_2.1.1/STM32CubeIDE/plugins/com.st.stm32cube.ide.mcu.externaltools.gnu-tools-for-stm32.14.3.rel1.win32_1.0.100.202602081740/tools/bin/../lib/gcc/arm-none-eabi/14.3.1/../../../../arm-none-eabi/lib/thumb/v7e-m+fp/hard\libc_nano.a(libc_a-snprintf.o)
 .ARM.attributes
                0x0000068f       0x34 C:/ST/STM32CubeIDE_2.1.1/STM32CubeIDE/plugins/com.st.stm32cube.ide.mcu.externaltools.gnu-tools-for-stm32.14.3.rel1.win32_1.0.100.202602081740/tools/bin/../lib/gcc/arm-none-eabi/14.3.1/../../../../arm-none-eabi/lib/thumb/v7e-m+fp/hard\libc_nano.a(libc_a-memset.o)
 .ARM.attributes
                0x000006c3       0x34 C:/ST/STM32CubeIDE_2.1.1/STM32CubeIDE/plugins/com.st.stm32cube.ide.mcu.externaltools.gnu-tools-for-stm32.14.3.rel1.win32_1.0.100.202602081740/tools/bin/../lib/gcc/arm-none-eabi/14.3.1/../../../../arm-none-eabi/lib/thumb/v7e-m+fp/hard\libc_nano.a(libc_a-reent.o)
 .ARM.attributes
                0x000006f7       0x34 C:/ST/STM32CubeIDE_2.1.1/STM32CubeIDE/plugins/com.st.stm32cube.ide.mcu.externaltools.gnu-tools-for-stm32.14.3.rel1.win32_1.0.100.202602081740/tools/bin/../lib/gcc/arm-none-eabi/14.3.1/../../../../arm-none-eabi/lib/thumb/v7e-m+fp/hard\libc_nano.a(libc_a-impure.o)
 .ARM.attributes
                0x0000072b       0x34 C:/ST/STM32CubeIDE_2.1.1/STM32CubeIDE/plugins/com.st.stm32cube.ide.mcu.externaltools.gnu-tools-for-stm32.14.3.rel1.win32_1.0.100.202602081740/tools/bin/../lib/gcc/arm-none-eabi/14.3.1/../../../../arm-none-eabi/lib/thumb/v7e-m+fp/hard\libc_nano.a(libc_a-errno.o)
 .ARM.attributes
                0x0000075f       0x34 C:/ST/STM32CubeIDE_2.1.1/STM32CubeIDE/plugins/com.st.stm32cube.ide.mcu.externaltools.gnu-tools-for-stm32.14.3.rel1.win32_1.0.100.202602081740/tools/bin/../lib/gcc/arm-none-eabi/14.3.1/../../../../arm-none-eabi/lib/thumb/v7e-m+fp/hard\libc_nano.a(libc_a-init.o)
 .ARM.attributes
                0x00000793       0x34 C:/ST/STM32CubeIDE_2.1.1/STM32CubeIDE/plugins/com.st.stm32cube.ide.mcu.externaltools.gnu-tools-for-stm32.14.3.rel1.win32_1.0.100.202602081740/tools/bin/../lib/gcc/arm-none-eabi/14.3.1/../../../../arm-none-eabi/lib/thumb/v7e-m+fp/hard\libc_nano.a(libc_a-lock.o)
 .ARM.attributes
                0x000007c7       0x34 C:/ST/STM32CubeIDE_2.1.1/STM32CubeIDE/plugins/com.st.stm32cube.ide.mcu.externaltools.gnu-tools-for-stm32.14.3.rel1.win32_1.0.100.202602081740/tools/bin/../lib/gcc/arm-none-eabi/14.3.1/../../../../arm-none-eabi/lib/thumb/v7e-m+fp/hard\libc_nano.a(libc_a-memcpy-stub.o)
 .ARM.attributes
                0x000007fb       0x34 C:/ST/STM32CubeIDE_2.1.1/STM32CubeIDE/plugins/com.st.stm32cube.ide.mcu.externaltools.gnu-tools-for-stm32.14.3.rel1.win32_1.0.100.202602081740/tools/bin/../lib/gcc/arm-none-eabi/14.3.1/../../../../arm-none-eabi/lib/thumb/v7e-m+fp/hard\libc_nano.a(libc_a-freer.o)
 .ARM.attributes
                0x0000082f       0x34 C:/ST/STM32CubeIDE_2.1.1/STM32CubeIDE/plugins/com.st.stm32cube.ide.mcu.externaltools.gnu-tools-for-stm32.14.3.rel1.win32_1.0.100.202602081740/tools/bin/../lib/gcc/arm-none-eabi/14.3.1/../../../../arm-none-eabi/lib/thumb/v7e-m+fp/hard\libc_nano.a(libc_a-mallocr.o)
 .ARM.attributes
                0x00000863       0x34 C:/ST/STM32CubeIDE_2.1.1/STM32CubeIDE/plugins/com.st.stm32cube.ide.mcu.externaltools.gnu-tools-for-stm32.14.3.rel1.win32_1.0.100.202602081740/tools/bin/../lib/gcc/arm-none-eabi/14.3.1/../../../../arm-none-eabi/lib/thumb/v7e-m+fp/hard\libc_nano.a(libc_a-mlock.o)
 .ARM.attributes
                0x00000897       0x34 C:/ST/STM32CubeIDE_2.1.1/STM32CubeIDE/plugins/com.st.stm32cube.ide.mcu.externaltools.gnu-tools-for-stm32.14.3.rel1.win32_1.0.100.202602081740/tools/bin/../lib/gcc/arm-none-eabi/14.3.1/../../../../arm-none-eabi/lib/thumb/v7e-m+fp/hard\libc_nano.a(libc_a-nano-svfprintf.o)
 .ARM.attributes
                0x000008cb       0x34 C:/ST/STM32CubeIDE_2.1.1/STM32CubeIDE/plugins/com.st.stm32cube.ide.mcu.externaltools.gnu-tools-for-stm32.14.3.rel1.win32_1.0.100.202602081740/tools/bin/../lib/gcc/arm-none-eabi/14.3.1/../../../../arm-none-eabi/lib/thumb/v7e-m+fp/hard\libc_nano.a(libc_a-nano-vfprintf_i.o)
 .ARM.attributes
                0x000008ff       0x34 C:/ST/STM32CubeIDE_2.1.1/STM32CubeIDE/plugins/com.st.stm32cube.ide.mcu.externaltools.gnu-tools-for-stm32.14.3.rel1.win32_1.0.100.202602081740/tools/bin/../lib/gcc/arm-none-eabi/14.3.1/../../../../arm-none-eabi/lib/thumb/v7e-m+fp/hard\libc_nano.a(libc_a-memmove.o)
 .ARM.attributes
                0x00000933       0x34 C:/ST/STM32CubeIDE_2.1.1/STM32CubeIDE/plugins/com.st.stm32cube.ide.mcu.externaltools.gnu-tools-for-stm32.14.3.rel1.win32_1.0.100.202602081740/tools/bin/../lib/gcc/arm-none-eabi/14.3.1/../../../../arm-none-eabi/lib/thumb/v7e-m+fp/hard\libc_nano.a(libc_a-sbrkr.o)
 .ARM.attributes
                0x00000967       0x1c C:/ST/STM32CubeIDE_2.1.1/STM32CubeIDE/plugins/com.st.stm32cube.ide.mcu.externaltools.gnu-tools-for-stm32.14.3.rel1.win32_1.0.100.202602081740/tools/bin/../lib/gcc/arm-none-eabi/14.3.1/../../../../arm-none-eabi/lib/thumb/v7e-m+fp/hard\libc_nano.a(libc_a-memchr.o)
 .ARM.attributes
                0x00000983       0x34 C:/ST/STM32CubeIDE_2.1.1/STM32CubeIDE/plugins/com.st.stm32cube.ide.mcu.externaltools.gnu-tools-for-stm32.14.3.rel1.win32_1.0.100.202602081740/tools/bin/../lib/gcc/arm-none-eabi/14.3.1/../../../../arm-none-eabi/lib/thumb/v7e-m+fp/hard\libc_nano.a(libc_a-reallocr.o)
 .ARM.attributes
                0x000009b7       0x34 C:/ST/STM32CubeIDE_2.1.1/STM32CubeIDE/plugins/com.st.stm32cube.ide.mcu.externaltools.gnu-tools-for-stm32.14.3.rel1.win32_1.0.100.202602081740/tools/bin/../lib/gcc/arm-none-eabi/14.3.1/../../../../arm-none-eabi/lib/thumb/v7e-m+fp/hard\libc_nano.a(libc_a-msizer.o)
 .ARM.attributes
                0x000009eb       0x22 C:/ST/STM32CubeIDE_2.1.1/STM32CubeIDE/plugins/com.st.stm32cube.ide.mcu.externaltools.gnu-tools-for-stm32.14.3.rel1.win32_1.0.100.202602081740/tools/bin/../lib/gcc/arm-none-eabi/14.3.1/thumb/v7e-m+fp/hard\libgcc.a(_aeabi_uldivmod.o)
 .ARM.attributes
                0x00000a0d       0x34 C:/ST/STM32CubeIDE_2.1.1/STM32CubeIDE/plugins/com.st.stm32cube.ide.mcu.externaltools.gnu-tools-for-stm32.14.3.rel1.win32_1.0.100.202602081740/tools/bin/../lib/gcc/arm-none-eabi/14.3.1/thumb/v7e-m+fp/hard\libgcc.a(_udivmoddi4.o)
 .ARM.attributes
                0x00000a41       0x22 C:/ST/STM32CubeIDE_2.1.1/STM32CubeIDE/plugins/com.st.stm32cube.ide.mcu.externaltools.gnu-tools-for-stm32.14.3.rel1.win32_1.0.100.202602081740/tools/bin/../lib/gcc/arm-none-eabi/14.3.1/thumb/v7e-m+fp/hard\libgcc.a(_dvmd_tls.o)
 .ARM.attributes
                0x00000a63       0x22 C:/ST/STM32CubeIDE_2.1.1/STM32CubeIDE/plugins/com.st.stm32cube.ide.mcu.externaltools.gnu-tools-for-stm32.14.3.rel1.win32_1.0.100.202602081740/tools/bin/../lib/gcc/arm-none-eabi/14.3.1/thumb/v7e-m+fp/hard/crtn.o
OUTPUT(Project_1.elf elf32-littlearm)
LOAD linker stubs
LOAD C:/ST/STM32CubeIDE_2.1.1/STM32CubeIDE/plugins/com.st.stm32cube.ide.mcu.externaltools.gnu-tools-for-stm32.14.3.rel1.win32_1.0.100.202602081740/tools/bin/../lib/gcc/arm-none-eabi/14.3.1/../../../../arm-none-eabi/lib/thumb/v7e-m+fp/hard\libc.a
LOAD C:/ST/STM32CubeIDE_2.1.1/STM32CubeIDE/plugins/com.st.stm32cube.ide.mcu.externaltools.gnu-tools-for-stm32.14.3.rel1.win32_1.0.100.202602081740/tools/bin/../lib/gcc/arm-none-eabi/14.3.1/../../../../arm-none-eabi/lib/thumb/v7e-m+fp/hard\libm.a
LOAD C:/ST/STM32CubeIDE_2.1.1/STM32CubeIDE/plugins/com.st.stm32cube.ide.mcu.externaltools.gnu-tools-for-stm32.14.3.rel1.win32_1.0.100.202602081740/tools/bin/../lib/gcc/arm-none-eabi/14.3.1/thumb/v7e-m+fp/hard\libgcc.a

.debug_info     0x00000000    0x19af5
 .debug_info    0x00000000      0x432 ./Core/Src/LED_M.o
 .debug_info    0x00000432     0x159a ./Core/Src/can.o
 .debug_info    0x000019cc      0xcb1 ./Core/Src/detect.o
 .debug_info    0x0000267d     0x19ce ./Core/Src/main.o
 .debug_info    0x0000404b      0x81a ./Core/Src/module_a.o
 .debug_info    0x00004865      0x366 ./Core/Src/module_b.o
 .debug_info    0x00004bcb      0x553 ./Core/Src/module_manager.o
 .debug_info    0x0000511e      0x8df ./Core/Src/motor.o
 .debug_info    0x000059fd     0x151c ./Core/Src/stm32f4xx_hal_msp.o
 .debug_info    0x00006f19      0x148 ./Core/Src/stm32f4xx_it.o
 .debug_info    0x00007061      0x168 ./Core/Src/sysmem.o
 .debug_info    0x000071c9      0x154 ./Core/Src/system_data.o
 .debug_info    0x0000731d      0x52e ./Core/Src/system_stm32f4xx.o
 .debug_info    0x0000784b      0xa08 ./Core/Src/uart_task.o
 .debug_info    0x00008253      0x787 ./Core/Src/warning.o
 .debug_info    0x000089da       0x30 ./Core/Startup/startup_stm32f429zitx.o
 .debug_info    0x00008a0a      0x9ba ./Drivers/STM32F4xx_HAL_Driver/Src/stm32f4xx_hal.o
 .debug_info    0x000093c4      0xdc2 ./Drivers/STM32F4xx_HAL_Driver/Src/stm32f4xx_hal_cortex.o
 .debug_info    0x0000a186     0x2193 ./Drivers/STM32F4xx_HAL_Driver/Src/stm32f4xx_hal_eth.o
 .debug_info    0x0000c319      0x6db ./Drivers/STM32F4xx_HAL_Driver/Src/stm32f4xx_hal_gpio.o
 .debug_info    0x0000c9f4      0x8db ./Drivers/STM32F4xx_HAL_Driver/Src/stm32f4xx_hal_rcc.o
 .debug_info    0x0000d2cf     0x2f4f ./Drivers/STM32F4xx_HAL_Driver/Src/stm32f4xx_hal_uart.o
 .debug_info    0x0001021e     0x3a88 ./Middlewares/Third_Party/FreeRTOS/Source/CMSIS_RTOS_V2/cmsis_os2.o
 .debug_info    0x00013ca6      0x2af ./Middlewares/Third_Party/FreeRTOS/Source/list.o
 .debug_info    0x00013f55     0x1b79 ./Middlewares/Third_Party/FreeRTOS/Source/queue.o
 .debug_info    0x00015ace     0x21ec ./Middlewares/Third_Party/FreeRTOS/Source/tasks.o
 .debug_info    0x00017cba     0x1488 ./Middlewares/Third_Party/FreeRTOS/Source/timers.o
 .debug_info    0x00019142      0x4de ./Middlewares/Third_Party/FreeRTOS/Source/portable/GCC/ARM_CM4F/port.o
 .debug_info    0x00019620      0x4d5 ./Middlewares/Third_Party/FreeRTOS/Source/portable/MemMang/heap_4.o

.debug_abbrev   0x00000000     0x419a
 .debug_abbrev  0x00000000      0x18a ./Core/Src/LED_M.o
 .debug_abbrev  0x0000018a      0x329 ./Core/Src/can.o
 .debug_abbrev  0x000004b3      0x288 ./Core/Src/detect.o
 .debug_abbrev  0x0000073b      0x327 ./Core/Src/main.o
 .debug_abbrev  0x00000a62      0x1e0 ./Core/Src/module_a.o
 .debug_abbrev  0x00000c42      0x184 ./Core/Src/module_b.o
 .debug_abbrev  0x00000dc6      0x258 ./Core/Src/module_manager.o
 .debug_abbrev  0x0000101e      0x294 ./Core/Src/motor.o
 .debug_abbrev  0x000012b2      0x20b ./Core/Src/stm32f4xx_hal_msp.o
 .debug_abbrev  0x000014bd       0x99 ./Core/Src/stm32f4xx_it.o
 .debug_abbrev  0x00001556       0xbc ./Core/Src/sysmem.o
 .debug_abbrev  0x00001612       0x7a ./Core/Src/system_data.o
 .debug_abbrev  0x0000168c      0x11a ./Core/Src/system_stm32f4xx.o
 .debug_abbrev  0x000017a6      0x218 ./Core/Src/uart_task.o
 .debug_abbrev  0x000019be      0x28e ./Core/Src/warning.o
 .debug_abbrev  0x00001c4c       0x24 ./Core/Startup/startup_stm32f429zitx.o
 .debug_abbrev  0x00001c70      0x214 ./Drivers/STM32F4xx_HAL_Driver/Src/stm32f4xx_hal.o
 .debug_abbrev  0x00001e84      0x31d ./Drivers/STM32F4xx_HAL_Driver/Src/stm32f4xx_hal_cortex.o
 .debug_abbrev  0x000021a1      0x35c ./Drivers/STM32F4xx_HAL_Driver/Src/stm32f4xx_hal_eth.o
 .debug_abbrev  0x000024fd      0x1d4 ./Drivers/STM32F4xx_HAL_Driver/Src/stm32f4xx_hal_gpio.o
 .debug_abbrev  0x000026d1      0x2b7 ./Drivers/STM32F4xx_HAL_Driver/Src/stm32f4xx_hal_rcc.o
 .debug_abbrev  0x00002988      0x30e ./Drivers/STM32F4xx_HAL_Driver/Src/stm32f4xx_hal_uart.o
 .debug_abbrev  0x00002c96      0x508 ./Middlewares/Third_Party/FreeRTOS/Source/CMSIS_RTOS_V2/cmsis_os2.o
 .debug_abbrev  0x0000319e       0xf5 ./Middlewares/Third_Party/FreeRTOS/Source/list.o
 .debug_abbrev  0x00003293      0x3b6 ./Middlewares/Third_Party/FreeRTOS/Source/queue.o
 .debug_abbrev  0x00003649      0x386 ./Middlewares/Third_Party/FreeRTOS/Source/tasks.o
 .debug_abbrev  0x000039cf      0x352 ./Middlewares/Third_Party/FreeRTOS/Source/timers.o
 .debug_abbrev  0x00003d21      0x25c ./Middlewares/Third_Party/FreeRTOS/Source/portable/GCC/ARM_CM4F/port.o
 .debug_abbrev  0x00003f7d      0x21d ./Middlewares/Third_Party/FreeRTOS/Source/portable/MemMang/heap_4.o

.debug_aranges  0x00000000     0x1428
 .debug_aranges
                0x00000000       0x60 ./Core/Src/LED_M.o
 .debug_aranges
                0x00000060       0x90 ./Core/Src/can.o
 .debug_aranges
                0x000000f0       0x58 ./Core/Src/detect.o
 .debug_aranges
                0x00000148       0x50 ./Core/Src/main.o
 .debug_aranges
                0x00000198       0x28 ./Core/Src/module_a.o
 .debug_aranges
                0x000001c0       0x38 ./Core/Src/module_b.o
 .debug_aranges
                0x000001f8       0x70 ./Core/Src/module_manager.o
 .debug_aranges
                0x00000268       0xc0 ./Core/Src/motor.o
 .debug_aranges
                0x00000328       0x40 ./Core/Src/stm32f4xx_hal_msp.o
 .debug_aranges
                0x00000368       0x60 ./Core/Src/stm32f4xx_it.o
 .debug_aranges
                0x000003c8       0x20 ./Core/Src/sysmem.o
 .debug_aranges
                0x000003e8       0x18 ./Core/Src/system_data.o
 .debug_aranges
                0x00000400       0x28 ./Core/Src/system_stm32f4xx.o
 .debug_aranges
                0x00000428       0x38 ./Core/Src/uart_task.o
 .debug_aranges
                0x00000460       0x90 ./Core/Src/warning.o
 .debug_aranges
                0x000004f0       0x28 ./Core/Startup/startup_stm32f429zitx.o
 .debug_aranges
                0x00000518      0x100 ./Drivers/STM32F4xx_HAL_Driver/Src/stm32f4xx_hal.o
 .debug_aranges
                0x00000618      0x130 ./Drivers/STM32F4xx_HAL_Driver/Src/stm32f4xx_hal_cortex.o
 .debug_aranges
                0x00000748      0x1e8 ./Drivers/STM32F4xx_HAL_Driver/Src/stm32f4xx_hal_eth.o
 .debug_aranges
                0x00000930       0x58 ./Drivers/STM32F4xx_HAL_Driver/Src/stm32f4xx_hal_gpio.o
 .debug_aranges
                0x00000988       0x88 ./Drivers/STM32F4xx_HAL_Driver/Src/stm32f4xx_hal_rcc.o
 .debug_aranges
                0x00000a10      0x208 ./Drivers/STM32F4xx_HAL_Driver/Src/stm32f4xx_hal_uart.o
 .debug_aranges
                0x00000c18      0x2a8 ./Middlewares/Third_Party/FreeRTOS/Source/CMSIS_RTOS_V2/cmsis_os2.o
 .debug_aranges
                0x00000ec0       0x40 ./Middlewares/Third_Party/FreeRTOS/Source/list.o
 .debug_aranges
                0x00000f00      0x158 ./Middlewares/Third_Party/FreeRTOS/Source/queue.o
 .debug_aranges
                0x00001058      0x208 ./Middlewares/Third_Party/FreeRTOS/Source/tasks.o
 .debug_aranges
                0x00001260       0xf0 ./Middlewares/Third_Party/FreeRTOS/Source/timers.o
 .debug_aranges
                0x00001350       0x80 ./Middlewares/Third_Party/FreeRTOS/Source/portable/GCC/ARM_CM4F/port.o
 .debug_aranges
                0x000013d0       0x58 ./Middlewares/Third_Party/FreeRTOS/Source/portable/MemMang/heap_4.o

.debug_rnglists
                0x00000000      0xf47
 .debug_rnglists
                0x00000000       0x43 ./Core/Src/LED_M.o
 .debug_rnglists
                0x00000043       0x6e ./Core/Src/can.o
 .debug_rnglists
                0x000000b1       0x3e ./Core/Src/detect.o
 .debug_rnglists
                0x000000ef       0x3a ./Core/Src/main.o
 .debug_rnglists
                0x00000129       0x1a ./Core/Src/module_a.o
 .debug_rnglists
                0x00000143       0x25 ./Core/Src/module_b.o
 .debug_rnglists
                0x00000168       0x50 ./Core/Src/module_manager.o
 .debug_rnglists
                0x000001b8       0x93 ./Core/Src/motor.o
 .debug_rnglists
                0x0000024b       0x2d ./Core/Src/stm32f4xx_hal_msp.o
 .debug_rnglists
                0x00000278       0x43 ./Core/Src/stm32f4xx_it.o
 .debug_rnglists
                0x000002bb       0x13 ./Core/Src/sysmem.o
 .debug_rnglists
                0x000002ce       0x1a ./Core/Src/system_stm32f4xx.o
 .debug_rnglists
                0x000002e8       0x27 ./Core/Src/uart_task.o
 .debug_rnglists
                0x0000030f       0x6a ./Core/Src/warning.o
 .debug_rnglists
                0x00000379       0x19 ./Core/Startup/startup_stm32f429zitx.o
 .debug_rnglists
                0x00000392       0xbb ./Drivers/STM32F4xx_HAL_Driver/Src/stm32f4xx_hal.o
 .debug_rnglists
                0x0000044d       0xe0 ./Drivers/STM32F4xx_HAL_Driver/Src/stm32f4xx_hal_cortex.o
 .debug_rnglists
                0x0000052d      0x182 ./Drivers/STM32F4xx_HAL_Driver/Src/stm32f4xx_hal_eth.o
 .debug_rnglists