../Drivers/CMSIS/Include/core_cm4.h:1684:22:__NVIC_EnableIRQ	16	static,ignoring_inline_asm
../Drivers/CMSIS/Include/core_cm4.h:1814:22:__NVIC_SetPriority	16	static
../Core/Src/can.c:56:6:CAN_Init	8	static
../Core/Src/can.c:64:6:CAN_RtosInit	16	static
../Core/Src/can.c:108:13:CAN1_GPIO_Init	4	static
../Core/Src/can.c:129:13:CAN1_Peripheral_Init	4	static
../Core/Src/can.c:192:13:CAN1_Filter_Init	4	static
../Core/Src/can.c:221:13:CAN1_RX_Interrupt_Init	8	static
../Core/Src/can.c:237:12:CAN_Send	16	static
../Core/Src/can.c:253:19:CAN1_TrySend	32	static
../Core/Src/can.c:307:13:CanTxTask	32	static
../Core/Src/can.c:359:6:CAN_RxIrqHandler	40	static,ignoring_inline_asm
../Core/Src/can.c:425:13:CanRxTask	32	static
../Core/Src/can.c:479:6:CAN_RegisterRxCallback	24	static
../Core/Src/can.c:515:13:CAN_DispatchRxFrame	24	static
