../Drivers/CMSIS/Include/core_cm4.h:1684:22:__NVIC_EnableIRQ	16	static,ignoring_inline_asm
../Drivers/CMSIS/Include/core_cm4.h:1814:22:__NVIC_SetPriority	16	static
../Core/Src/main.c:94:5:main	8	static
../Core/Src/main.c:205:6:SystemClock_Config	88	static
../Core/Src/main.c:252:13:MX_ETH_Init	8	static
../Core/Src/main.c:301:13:MX_USART3_UART_Init	8	static
../Core/Src/main.c:334:13:MX_GPIO_Init	56	static
../Core/Src/main.c:411:6:StartDefaultTask	16	static
../Core/Src/main.c:426:6:Error_Handler	4	static,ignoring_inline_asm
