../Core/Src/module_manager.c:48:6:ModuleManager_Init	16	static
../Core/Src/module_manager.c:70:6:ModuleManager_OnAttached	8	static
../Core/Src/module_manager.c:86:6:ModuleManager_OnDetached	8	static
../Core/Src/module_manager.c:108:6:ModuleManager_HandleAnnounce	32	static
../Core/Src/module_manager.c:178:16:ModuleManager_CheckId	24	static
../Core/Src/module_manager.c:221:13:ModuleManagerTask	16	static
../Core/Src/module_manager.c:253:13:ModuleManager_SendLinkResult	32	static
../Core/Src/module_manager.c:271:13:ModuleManager_GetAuthState	4	static
../Core/Src/module_manager.c:277:14:ModuleManager_GetModuleType	4	static
../Core/Src/module_manager.c:283:10:ModuleManager_GetModuleId	4	static
../Core/Src/module_manager.c:289:9:ModuleManager_IsAccepted	4	static
