../Core/Src/power.c:172:13:Power_TaskDelay1ms	8	static
../Core/Src/power.c:180:13:Power_Print	16	static
../Core/Src/power.c:188:13:Power_I2C_Abort	4	static
../Core/Src/power.c:198:16:Power_WaitIdle	24	static
../Core/Src/power.c:216:16:Power_WaitSetRegDone	24	static
../Core/Src/power.c:234:16:Power_GetWriteAddress	16	static
../Core/Src/power.c:260:16:Power_GetReadAddress	16	static
../Core/Src/power.c:286:16:Power_ReadStart	16	static
../Core/Src/power.c:307:16:Power_Abs32	16	static
../Core/Src/power.c:317:13:Power_UpdateModuleBTotalAndProtection	16	static
../Core/Src/power.c:398:13:Power_UpdatePeltierOpenFault	24	static
../Core/Src/power.c:492:6:Power_I2C1_Init	8	static
../Core/Src/power.c:563:9:Power_WriteReg16	24	static
../Core/Src/power.c:600:9:Power_ReadReg16	32	static
../Core/Src/power.c:661:6:Power_INA3221_Init	8	static
../Core/Src/power.c:674:13:Power_INA226_InitBySensor	16	static
../Core/Src/power.c:689:6:Power_INA226_Cooling_Init	8	static
../Core/Src/power.c:694:6:Power_INA226_Motor_Init	8	static
../Core/Src/power.c:703:6:Power_INA226_Init	8	static
../Core/Src/power.c:713:16:Power_Read_INA3221_Channel	24	static
../Core/Src/power.c:774:16:Power_INA226_ReadBySensor	48	static
../Core/Src/power.c:822:9:Power_INA226_Cooling_Read	16	static
../Core/Src/power.c:829:9:Power_INA226_Motor_Read	16	static
../Core/Src/power.c:840:9:Power_INA226_Read	16	static
../Core/Src/power.c:849:6:PowerMonitor_Task	360	static
../Core/Src/power.c:1024:6:PowerMonitor_RtosInit	24	static
../Core/Src/power.c:1047:6:I2C1_EV_IRQHandler	16	static
../Core/Src/power.c:1160:6:I2C1_ER_IRQHandler	16	static
