../Core/Src/power.c:140:13:Power_TaskDelay1ms	8	static
../Core/Src/power.c:148:13:Power_Print	16	static
../Core/Src/power.c:156:13:Power_I2C_Abort	4	static
../Core/Src/power.c:166:16:Power_WaitIdle	24	static
../Core/Src/power.c:184:16:Power_WaitSetRegDone	24	static
../Core/Src/power.c:202:16:Power_GetWriteAddress	16	static
../Core/Src/power.c:223:16:Power_GetReadAddress	16	static
../Core/Src/power.c:244:16:Power_ReadStart	16	static
../Core/Src/power.c:265:16:Power_Abs32	16	static
../Core/Src/power.c:279:6:Power_I2C1_Init	8	static
../Core/Src/power.c:350:9:Power_WriteReg16	24	static
../Core/Src/power.c:387:9:Power_ReadReg16	32	static
../Core/Src/power.c:448:6:Power_INA3221_Init	4	static
../Core/Src/power.c:460:6:Power_INA226_Init	8	static
../Core/Src/power.c:536:9:Power_INA226_Read	40	static
../Core/Src/power.c:604:6:PowerMonitor_Task	232	static
../Core/Src/power.c:684:6:PowerMonitor_RtosInit	24	static
../Core/Src/power.c:707:6:I2C1_EV_IRQHandler	16	static
../Core/Src/power.c:820:6:I2C1_ER_IRQHandler	16	static
