../Core/Src/uart_task.c:85:16:UART_NormalizeCommand	16	static
../Core/Src/uart_task.c:98:13:UART_SendString	16	static
../Core/Src/uart_task.c:119:13:UART_SendBuffer	16	static
../Core/Src/uart_task.c:141:6:UARTTask_Init	16	static
../Core/Src/uart_task.c:187:13:UARTTelemetryTask	448	static
../Core/Src/uart_task.c:313:13:UARTCommandTask	24	static
../Core/Src/uart_task.c:341:13:UART_ProcessCommandChar	24	static
../Core/Src/uart_task.c:359:6:HAL_UART_RxCpltCallback	24	static,ignoring_inline_asm
../Core/Src/uart_task.c:379:13:UART_HandleStart	16	static
../Core/Src/uart_task.c:387:13:UART_HandleSlow	16	static
../Core/Src/uart_task.c:395:13:UART_HandleMid	16	static
../Core/Src/uart_task.c:403:13:UART_HandleFast	16	static
../Core/Src/uart_task.c:411:13:UART_HandleStop	16	static
../Core/Src/uart_task.c:420:13:UART_HandleConnect	16	static
../Core/Src/uart_task.c:441:13:UART_HandleDisconnect	16	static
../Core/Src/uart_task.c:449:13:UART_HandleRetryAuth	16	static
../Core/Src/uart_task.c:471:13:UART_HandleTargetTemp	24	static
../Core/Src/uart_task.c:500:13:UART_HandleWarningL1	16	static
../Core/Src/uart_task.c:508:13:UART_HandleWarningL2	16	static
../Core/Src/uart_task.c:516:13:UART_HandleAiNormal	16	static
../Core/Src/uart_task.c:526:13:UART_HandleWarningReset	16	static
